Archive member included to satisfy reference by file (symbol)

c:/siliconlabs/simplicitystudio/v5/developer/toolchains/gnu_arm/12.2.rel1_2023.7/bin/../lib/gcc/arm-none-eabi/12.2.1/thumb/v7e-m+fp/softfp\libgcc.a(_arm_addsubdf3.o)
                              ./wiseconnect3_sdk_3.2.0/components/device/silabs/si91x/mcu/drivers/peripheral_drivers/src/clock_update.o (__aeabi_dadd)
c:/siliconlabs/simplicitystudio/v5/developer/toolchains/gnu_arm/12.2.rel1_2023.7/bin/../lib/gcc/arm-none-eabi/12.2.1/thumb/v7e-m+fp/softfp\libgcc.a(_arm_muldivdf3.o)
                              ./wiseconnect3_sdk_3.2.0/components/device/silabs/si91x/mcu/drivers/peripheral_drivers/src/clock_update.o (__aeabi_ddiv)
c:/siliconlabs/simplicitystudio/v5/developer/toolchains/gnu_arm/12.2.rel1_2023.7/bin/../lib/gcc/arm-none-eabi/12.2.1/thumb/v7e-m+fp/softfp\libgcc.a(_arm_fixunsdfsi.o)
                              ./wiseconnect3_sdk_3.2.0/components/device/silabs/si91x/mcu/drivers/peripheral_drivers/src/clock_update.o (__aeabi_d2uiz)
c:/siliconlabs/simplicitystudio/v5/developer/toolchains/gnu_arm/12.2.rel1_2023.7/bin/../lib/gcc/arm-none-eabi/12.2.1/thumb/v7e-m+fp/softfp\libc_nano.a(libc_a-assert.o)
                              ./wiseconnect3_sdk_3.2.0/components/device/silabs/si91x/wireless/src/sl_si91x_driver.o (__assert_func)
c:/siliconlabs/simplicitystudio/v5/developer/toolchains/gnu_arm/12.2.rel1_2023.7/bin/../lib/gcc/arm-none-eabi/12.2.1/thumb/v7e-m+fp/softfp\libc_nano.a(libc_a-exit.o)
                              c:/siliconlabs/simplicitystudio/v5/developer/toolchains/gnu_arm/12.2.rel1_2023.7/bin/../lib/gcc/arm-none-eabi/12.2.1/thumb/v7e-m+fp/softfp/crt0.o (exit)
c:/siliconlabs/simplicitystudio/v5/developer/toolchains/gnu_arm/12.2.rel1_2023.7/bin/../lib/gcc/arm-none-eabi/12.2.1/thumb/v7e-m+fp/softfp\libc_nano.a(libc_a-malloc.o)
                              ./wiseconnect3_sdk_3.2.0/components/device/silabs/si91x/wireless/firmware_upgrade/firmware_upgradation.o (malloc)
c:/siliconlabs/simplicitystudio/v5/developer/toolchains/gnu_arm/12.2.rel1_2023.7/bin/../lib/gcc/arm-none-eabi/12.2.1/thumb/v7e-m+fp/softfp\libc_nano.a(libc_a-mallocr.o)
                              c:/siliconlabs/simplicitystudio/v5/developer/toolchains/gnu_arm/12.2.rel1_2023.7/bin/../lib/gcc/arm-none-eabi/12.2.1/thumb/v7e-m+fp/softfp\libc_nano.a(libc_a-malloc.o) (_malloc_r)
c:/siliconlabs/simplicitystudio/v5/developer/toolchains/gnu_arm/12.2.rel1_2023.7/bin/../lib/gcc/arm-none-eabi/12.2.1/thumb/v7e-m+fp/softfp\libc_nano.a(libc_a-mlock.o)
                              c:/siliconlabs/simplicitystudio/v5/developer/toolchains/gnu_arm/12.2.rel1_2023.7/bin/../lib/gcc/arm-none-eabi/12.2.1/thumb/v7e-m+fp/softfp\libc_nano.a(libc_a-mallocr.o) (__malloc_lock)
c:/siliconlabs/simplicitystudio/v5/developer/toolchains/gnu_arm/12.2.rel1_2023.7/bin/../lib/gcc/arm-none-eabi/12.2.1/thumb/v7e-m+fp/softfp\libc_nano.a(libc_a-strtoul.o)
                              ./wiseconnect3_sdk_3.2.0/components/common/src/sl_utility.o (strtoul)
c:/siliconlabs/simplicitystudio/v5/developer/toolchains/gnu_arm/12.2.rel1_2023.7/bin/../lib/gcc/arm-none-eabi/12.2.1/thumb/v7e-m+fp/softfp\libc_nano.a(libc_a-ctype_.o)
                              ./gecko_sdk_4.4.3/platform/common/src/sl_string.o (_ctype_)
c:/siliconlabs/simplicitystudio/v5/developer/toolchains/gnu_arm/12.2.rel1_2023.7/bin/../lib/gcc/arm-none-eabi/12.2.1/thumb/v7e-m+fp/softfp\libc_nano.a(libc_a-nano-vfprintf_float.o)
                              (_printf_float)
c:/siliconlabs/simplicitystudio/v5/developer/toolchains/gnu_arm/12.2.rel1_2023.7/bin/../lib/gcc/arm-none-eabi/12.2.1/thumb/v7e-m+fp/softfp\libc_nano.a(libc_a-nano-vfprintf_i.o)
                              c:/siliconlabs/simplicitystudio/v5/developer/toolchains/gnu_arm/12.2.rel1_2023.7/bin/../lib/gcc/arm-none-eabi/12.2.1/thumb/v7e-m+fp/softfp\libc_nano.a(libc_a-nano-vfprintf_float.o) (_printf_common)
c:/siliconlabs/simplicitystudio/v5/developer/toolchains/gnu_arm/12.2.rel1_2023.7/bin/../lib/gcc/arm-none-eabi/12.2.1/thumb/v7e-m+fp/softfp\libc_nano.a(libc_a-findfp.o)
                              c:/siliconlabs/simplicitystudio/v5/developer/toolchains/gnu_arm/12.2.rel1_2023.7/bin/../lib/gcc/arm-none-eabi/12.2.1/thumb/v7e-m+fp/softfp\libc_nano.a(libc_a-exit.o) (__stdio_exit_handler)
c:/siliconlabs/simplicitystudio/v5/developer/toolchains/gnu_arm/12.2.rel1_2023.7/bin/../lib/gcc/arm-none-eabi/12.2.1/thumb/v7e-m+fp/softfp\libc_nano.a(libc_a-fprintf.o)
                              c:/siliconlabs/simplicitystudio/v5/developer/toolchains/gnu_arm/12.2.rel1_2023.7/bin/../lib/gcc/arm-none-eabi/12.2.1/thumb/v7e-m+fp/softfp\libc_nano.a(libc_a-assert.o) (fiprintf)
c:/siliconlabs/simplicitystudio/v5/developer/toolchains/gnu_arm/12.2.rel1_2023.7/bin/../lib/gcc/arm-none-eabi/12.2.1/thumb/v7e-m+fp/softfp\libc_nano.a(libc_a-fwalk.o)
[...]
Memory Configuration

Name             Origin             Length             Attributes
rom              0x08202000         0x001fe000         xr
ram              0x0000000c         0x0002fbf4         xrw
udma0            0x0002fc00         0x00000400         xrw
udma1            0x24061c00         0x00000400         xrw
*default*        0x00000000         0xffffffff

Linker script and memory map

LOAD c:/siliconlabs/simplicitystudio/v5/developer/toolchains/gnu_arm/12.2.rel1_2023.7/bin/../lib/gcc/arm-none-eabi/12.2.1/thumb/v7e-m+fp/softfp/crti.o
LOAD c:/siliconlabs/simplicitystudio/v5/developer/toolchains/gnu_arm/12.2.rel1_2023.7/bin/../lib/gcc/arm-none-eabi/12.2.1/thumb/v7e-m+fp/softfp/crtbegin.o
LOAD c:/siliconlabs/simplicitystudio/v5/developer/toolchains/gnu_arm/12.2.rel1_2023.7/bin/../lib/gcc/arm-none-eabi/12.2.1/thumb/v7e-m+fp/softfp/crt0.o
START GROUP
LOAD ./autogen/sl_event_handler.o
LOAD ./gecko_sdk_4.4.3/platform/CMSIS/RTOS2/Source/os_systick.o
LOAD ./gecko_sdk_4.4.3/platform/common/src/sl_assert.o
LOAD ./gecko_sdk_4.4.3/platform/common/src/sl_slist.o
LOAD ./gecko_sdk_4.4.3/platform/common/src/sl_string.o
LOAD ./gecko_sdk_4.4.3/platform/common/src/sli_cmsis_os2_ext_task_register.o
LOAD ./gecko_sdk_4.4.3/platform/emlib/src/em_core.o
LOAD ./gecko_sdk_4.4.3/platform/service/mem_pool/src/sl_mem_pool.o
LOAD ./gecko_sdk_4.4.3/platform/service/system/src/sl_system_init.o
LOAD ./gecko_sdk_4.4.3/platform/service/system/src/sl_system_kernel.o
LOAD ./gecko_sdk_4.4.3/util/third_party/freertos/cmsis/Source/cmsis_os2.o
LOAD ./gecko_sdk_4.4.3/util/third_party/freertos/kernel/croutine.o
LOAD ./gecko_sdk_4.4.3/util/third_party/freertos/kernel/event_groups.o
LOAD ./gecko_sdk_4.4.3/util/third_party/freertos/kernel/list.o
LOAD ./gecko_sdk_4.4.3/util/third_party/freertos/kernel/queue.o
LOAD ./gecko_sdk_4.4.3/util/third_party/freertos/kernel/stream_buffer.o
LOAD ./gecko_sdk_4.4.3/util/third_party/freertos/kernel/tasks.o
LOAD ./gecko_sdk_4.4.3/util/third_party/freertos/kernel/timers.o
LOAD ./gecko_sdk_4.4.3/util/third_party/freertos/kernel/portable/GCC/ARM_CM4F/port.o
LOAD ./gecko_sdk_4.4.3/util/third_party/freertos/kernel/portable/MemMang/heap_4.o
LOAD ./main.o
LOAD ./socket_server_app.o
LOAD ./wiseconnect3_sdk_3.2.0/components/board/silabs/src/rsi_board.o
LOAD ./wiseconnect3_sdk_3.2.0/components/common/src/sl_utility.o
LOAD ./wiseconnect3_sdk_3.2.0/components/device/silabs/si91x/mcu/core/chip/src/iPMU_prog/iPMU_dotc/ipmu_apis.o
LOAD ./wiseconnect3_sdk_3.2.0/components/device/silabs/si91x/mcu/core/chip/src/iPMU_prog/iPMU_dotc/rsi_system_config_917.o
LOAD ./wiseconnect3_sdk_3.2.0/components/device/silabs/si91x/mcu/core/chip/src/rsi_deepsleep_soc.o
LOAD ./wiseconnect3_sdk_3.2.0/components/device/silabs/si91x/mcu/core/chip/src/rsi_ps_ram_func.o
LOAD ./wiseconnect3_sdk_3.2.0/components/device/silabs/si91x/mcu/core/chip/src/startup_si91x.o
LOAD ./wiseconnect3_sdk_3.2.0/components/device/silabs/si91x/mcu/core/chip/src/system_si91x.o
LOAD ./wiseconnect3_sdk_3.2.0/components/device/silabs/si91x/mcu/core/common/src/rsi_debug.o
LOAD ./wiseconnect3_sdk_3.2.0/components/device/silabs/si91x/mcu/core/common/src/sl_si91x_stack_object_declare.o
LOAD ./wiseconnect3_sdk_3.2.0/components/device/silabs/si91x/mcu/core/common/src/syscalls.o
LOAD ./wiseconnect3_sdk_3.2.0/components/device/silabs/si91x/mcu/core/config/src/rsi_nvic_priorities_config.o
LOAD ./wiseconnect3_sdk_3.2.0/components/device/silabs/si91x/mcu/drivers/cmsis_driver/UDMA.o
LOAD ./wiseconnect3_sdk_3.2.0/components/device/silabs/si91x/mcu/drivers/cmsis_driver/USART.o
LOAD ./wiseconnect3_sdk_3.2.0/components/device/silabs/si91x/mcu/drivers/peripheral_drivers/src/clock_update.o
LOAD ./wiseconnect3_sdk_3.2.0/components/device/silabs/si91x/mcu/drivers/peripheral_drivers/src/rsi_crc.o
LOAD ./wiseconnect3_sdk_3.2.0/components/device/silabs/si91x/mcu/drivers/peripheral_drivers/src/rsi_egpio.o
LOAD ./wiseconnect3_sdk_3.2.0/components/device/silabs/si91x/mcu/drivers/peripheral_drivers/src/rsi_timers.o
LOAD ./wiseconnect3_sdk_3.2.0/components/device/silabs/si91x/mcu/drivers/peripheral_drivers/src/rsi_udma.o
LOAD ./wiseconnect3_sdk_3.2.0/components/device/silabs/si91x/mcu/drivers/peripheral_drivers/src/rsi_udma_wrapper.o
LOAD ./wiseconnect3_sdk_3.2.0/components/device/silabs/si91x/mcu/drivers/peripheral_drivers/src/rsi_usart.o
LOAD ./wiseconnect3_sdk_3.2.0/components/device/silabs/si91x/mcu/drivers/systemlevel/src/rsi_ipmu.o
LOAD ./wiseconnect3_sdk_3.2.0/components/device/silabs/si91x/mcu/drivers/systemlevel/src/rsi_pll.o
LOAD ./wiseconnect3_sdk_3.2.0/components/device/silabs/si91x/mcu/drivers/systemlevel/src/rsi_power_save.o
LOAD ./wiseconnect3_sdk_3.2.0/components/device/silabs/si91x/mcu/drivers/systemlevel/src/rsi_rtc.o
LOAD ./wiseconnect3_sdk_3.2.0/components/device/silabs/si91x/mcu/drivers/systemlevel/src/rsi_temp_sensor.o
LOAD ./wiseconnect3_sdk_3.2.0/components/device/silabs/si91x/mcu/drivers/systemlevel/src/rsi_time_period.o
LOAD ./wiseconnect3_sdk_3.2.0/components/device/silabs/si91x/mcu/drivers/systemlevel/src/rsi_ulpss_clk.o
LOAD ./wiseconnect3_sdk_3.2.0/components/device/silabs/si91x/mcu/drivers/systemlevel/src/rsi_wwdt.o
LOAD ./wiseconnect3_sdk_3.2.0/components/device/silabs/si91x/wireless/ahb_interface/src/rsi_hal_mcu_m4_ram.o
LOAD ./wiseconnect3_sdk_3.2.0/components/device/silabs/si91x/wireless/ahb_interface/src/rsi_hal_mcu_m4_rom.o
LOAD ./wiseconnect3_sdk_3.2.0/components/device/silabs/si91x/wireless/ahb_interface/src/sl_platform.o
LOAD ./wiseconnect3_sdk_3.2.0/components/device/silabs/si91x/wireless/ahb_interface/src/sl_platform_wireless.o
LOAD ./wiseconnect3_sdk_3.2.0/components/device/silabs/si91x/wireless/ahb_interface/src/sl_si91x_bus.o
LOAD ./wiseconnect3_sdk_3.2.0/components/device/silabs/si91x/wireless/ahb_interface/src/sl_si91x_timer.o
LOAD ./wiseconnect3_sdk_3.2.0/components/device/silabs/si91x/wireless/ahb_interface/src/sli_siwx917_soc.o
LOAD ./wiseconnect3_sdk_3.2.0/components/device/silabs/si91x/wireless/asynchronous_socket/src/sl_si91x_socket.o
LOAD ./wiseconnect3_sdk_3.2.0/components/device/silabs/si91x/wireless/errno/src/sl_si91x_errno.o
LOAD ./wiseconnect3_sdk_3.2.0/components/device/silabs/si91x/wireless/firmware_upgrade/firmware_upgradation.o
LOAD ./wiseconnect3_sdk_3.2.0/components/device/silabs/si91x/wireless/host_mcu/si91x/siwx917_soc_ncp_host.o
LOAD ./wiseconnect3_sdk_3.2.0/components/device/silabs/si91x/wireless/icmp/sl_net_ping.o
LOAD ./wiseconnect3_sdk_3.2.0/components/device/silabs/si91x/wireless/memory/mem_pool_buffer_quota.o
LOAD ./wiseconnect3_sdk_3.2.0/components/device/silabs/si91x/wireless/sl_net/src/sl_net_rsi_utility.o
LOAD ./wiseconnect3_sdk_3.2.0/components/device/silabs/si91x/wireless/sl_net/src/sl_net_si91x_integration_handler.o
LOAD ./wiseconnect3_sdk_3.2.0/components/device/silabs/si91x/wireless/sl_net/src/sl_si91x_net_credentials.o
LOAD ./wiseconnect3_sdk_3.2.0/components/device/silabs/si91x/wireless/sl_net/src/sl_si91x_net_internal_stack.o
LOAD ./wiseconnect3_sdk_3.2.0/components/device/silabs/si91x/wireless/socket/src/sl_si91x_socket_utility.o
LOAD ./wiseconnect3_sdk_3.2.0/components/device/silabs/si91x/wireless/src/sl_rsi_utility.o
LOAD ./wiseconnect3_sdk_3.2.0/components/device/silabs/si91x/wireless/src/sl_si91x_callback_framework.o
LOAD ./wiseconnect3_sdk_3.2.0/components/device/silabs/si91x/wireless/src/sl_si91x_driver.o
LOAD ./wiseconnect3_sdk_3.2.0/components/device/silabs/si91x/wireless/threading/sli_si91x_multithreaded.o
LOAD ./wiseconnect3_sdk_3.2.0/components/protocol/wifi/si91x/sl_wifi.o
LOAD ./wiseconnect3_sdk_3.2.0/components/protocol/wifi/src/sl_wifi_callback_framework.o
LOAD ./wiseconnect3_sdk_3.2.0/components/service/bsd_socket/si91x_socket/sl_si91x_bsd_socket.o
LOAD ./wiseconnect3_sdk_3.2.0/components/service/network_manager/si91x/sl_net_si91x.o
LOAD ./wiseconnect3_sdk_3.2.0/components/service/network_manager/src/sl_net.o
LOAD ./wiseconnect3_sdk_3.2.0/components/service/network_manager/src/sl_net_basic_certificate_store.o
LOAD ./wiseconnect3_sdk_3.2.0/components/service/network_manager/src/sl_net_basic_credentials.o
LOAD ./wiseconnect3_sdk_3.2.0/components/service/network_manager/src/sl_net_basic_profiles.o
LOAD c:/siliconlabs/simplicitystudio/v5/developer/toolchains/gnu_arm/12.2.rel1_2023.7/bin/../lib/gcc/arm-none-eabi/12.2.1/thumb/v7e-m+fp/softfp\libgcc.a
LOAD c:/siliconlabs/simplicitystudio/v5/developer/toolchains/gnu_arm/12.2.rel1_2023.7/bin/../lib/gcc/arm-none-eabi/12.2.1/thumb/v7e-m+fp/softfp\libnosys.a
LOAD c:/siliconlabs/simplicitystudio/v5/developer/toolchains/gnu_arm/12.2.rel1_2023.7/bin/../lib/gcc/arm-none-eabi/12.2.1/thumb/v7e-m+fp/softfp\libc_nano.a
LOAD c:/siliconlabs/simplicitystudio/v5/developer/toolchains/gnu_arm/12.2.rel1_2023.7/bin/../lib/gcc/arm-none-eabi/12.2.1/thumb/v7e-m+fp/softfp\libm.a
END GROUP
START GROUP
LOAD c:/siliconlabs/simplicitystudio/v5/developer/toolchains/gnu_arm/12.2.rel1_2023.7/bin/../lib/gcc/arm-none-eabi/12.2.1/thumb/v7e-m+fp/softfp\libgcc.a
LOAD c:/siliconlabs/simplicitystudio/v5/developer/toolchains/gnu_arm/12.2.rel1_2023.7/bin/../lib/gcc/arm-none-eabi/12.2.1/thumb/v7e-m+fp/softfp\libc_nano.a
LOAD c:/siliconlabs/simplicitystudio/v5/developer/toolchains/gnu_arm/12.2.rel1_2023.7/bin/../lib/gcc/arm-none-eabi/12.2.1/thumb/v7e-m+fp/softfp\libnosys.a
END GROUP
START GROUP
LOAD c:/siliconlabs/simplicitystudio/v5/developer/toolchains/gnu_arm/12.2.rel1_2023.7/bin/../lib/gcc/arm-none-eabi/12.2.1/thumb/v7e-m+fp/softfp\libgcc.a
LOAD c:/siliconlabs/simplicitystudio/v5/developer/toolchains/gnu_arm/12.2.rel1_2023.7/bin/../lib/gcc/arm-none-eabi/12.2.1/thumb/v7e-m+fp/softfp\libg_nano.a
LOAD c:/siliconlabs/simplicitystudio/v5/developer/toolchains/gnu_arm/12.2.rel1_2023.7/bin/../lib/gcc/arm-none-eabi/12.2.1/thumb/v7e-m+fp/softfp\libc_nano.a
END GROUP
START GROUP
LOAD c:/siliconlabs/simplicitystudio/v5/developer/toolchains/gnu_arm/12.2.rel1_2023.7/bin/../lib/gcc/arm-none-eabi/12.2.1/thumb/v7e-m+fp/softfp\libgcc.a
LOAD c:/siliconlabs/simplicitystudio/v5/developer/toolchains/gnu_arm/12.2.rel1_2023.7/bin/../lib/gcc/arm-none-eabi/12.2.1/thumb/v7e-m+fp/softfp\libc_nano.a
END GROUP
LOAD c:/siliconlabs/simplicitystudio/v5/developer/toolchains/gnu_arm/12.2.rel1_2023.7/bin/../lib/gcc/arm-none-eabi/12.2.1/thumb/v7e-m+fp/softfp/crtend.o
LOAD c:/siliconlabs/simplicitystudio/v5/developer/toolchains/gnu_arm/12.2.rel1_2023.7/bin/../lib/gcc/arm-none-eabi/12.2.1/thumb/v7e-m+fp/softfp/crtn.o

.text           0x08202000     0xeb7b
 *(.isr_vector)
 .isr_vector    0x08202000      0x16c ./wiseconnect3_sdk_3.2.0/components/device/silabs/si91x/mcu/core/chip/src/startup_si91x.o
                0x08202000                __Vectors
 *(.text*)
 .text.deregister_tm_clones
                0x0820216c       0x1c c:/siliconlabs/simplicitystudio/v5/developer/toolchains/gnu_arm/12.2.rel1_2023.7/bin/../lib/gcc/arm-none-eabi/12.2.1/thumb/v7e-m+fp/softfp/crtbegin.o
 .text.register_tm_clones
                0x08202188       0x24 c:/siliconlabs/simplicitystudio/v5/developer/toolchains/gnu_arm/12.2.rel1_2023.7/bin/../lib/gcc/arm-none-eabi/12.2.1/thumb/v7e-m+fp/softfp/crtbegin.o
 .text.__do_global_dtors_aux
                0x082021ac       0x28 c:/siliconlabs/simplicitystudio/v5/developer/toolchains/gnu_arm/12.2.rel1_2023.7/bin/../lib/gcc/arm-none-eabi/12.2.1/thumb/v7e-m+fp/softfp/crtbegin.o
 .text.frame_dummy
                0x082021d4       0x24 c:/siliconlabs/simplicitystudio/v5/developer/toolchains/gnu_arm/12.2.rel1_2023.7/bin/../lib/gcc/arm-none-eabi/12.2.1/thumb/v7e-m+fp/softfp/crtbegin.o
 .text.sl_platform_init
                0x082021f8       0x1e ./autogen/sl_event_handler.o
                0x082021f8                sl_platform_init
 .text.sl_kernel_start
                0x08202216        0x4 ./autogen/sl_event_handler.o
                0x08202216                sl_kernel_start
 .text.sl_driver_init
                0x0820221a        0x2 ./autogen/sl_event_handler.o
                0x0820221a                sl_driver_init
 .text.sl_service_init
                0x0820221c        0x2 ./autogen/sl_event_handler.o
                0x0820221c                sl_service_init
 .text.sl_stack_init
                0x0820221e        0x2 ./autogen/sl_event_handler.o
                0x0820221e                sl_stack_init
 .text.sl_internal_app_init
                0x08202220        0x2 ./autogen/sl_event_handler.o
                0x08202220                sl_internal_app_init
 .text.sli_osTaskRegisterSetValue
                0x08202222        0xa ./gecko_sdk_4.4.3/platform/common/src/sli_cmsis_os2_ext_task_register.o
                0x08202222                sli_osTaskRegisterSetValue
 .text.CORE_EnterCritical
                0x0820222c        0x8 ./gecko_sdk_4.4.3/platform/emlib/src/em_core.o
                0x0820222c                CORE_EnterCritical
 .text.CORE_ExitCritical
                0x08202234        0x6 ./gecko_sdk_4.4.3/platform/emlib/src/em_core.o
                0x08202234                CORE_ExitCritical
 .text.CORE_EnterAtomic
                0x0820223a        0x8 ./gecko_sdk_4.4.3/platform/emlib/src/em_core.o
                0x0820223a                CORE_EnterAtomic
 .text.CORE_ExitAtomic
                0x08202242        0x4 ./gecko_sdk_4.4.3/platform/emlib/src/em_core.o
                0x08202242                CORE_ExitAtomic
 .text.sli_mem_pool_create
                0x08202246       0x3c ./gecko_sdk_4.4.3/platform/service/mem_pool/src/sl_mem_pool.o
                0x08202246                sli_mem_pool_create
 .text.sli_mem_pool_alloc
                0x08202282       0x24 ./gecko_sdk_4.4.3/platform/service/mem_pool/src/sl_mem_pool.o
                0x08202282                sli_mem_pool_alloc
 .text.sli_mem_pool_free
                0x082022a6       0x18 ./gecko_sdk_4.4.3/platform/service/mem_pool/src/sl_mem_pool.o
                0x082022a6                sli_mem_pool_free
 .text.sl_system_init
                0x082022be       0x1a ./gecko_sdk_4.4.3/platform/service/system/src/sl_system_init.o
                0x082022be                sl_system_init
 .text.sl_system_kernel_start
                0x082022d8        0x4 ./gecko_sdk_4.4.3/platform/service/system/src/sl_system_kernel.o
                0x082022d8                sl_system_kernel_start
 .text.SysTick_Handler
                0x082022dc       0x1a ./gecko_sdk_4.4.3/util/third_party/freertos/cmsis/Source/cmsis_os2.o
                0x082022dc                SysTick_Handler
 *fill*         0x082022f6        0x2 
 .text.osKernelInitialize
                0x082022f8       0x34 ./gecko_sdk_4.4.3/util/third_party/freertos/cmsis/Source/cmsis_os2.o
                0x082022f8                osKernelInitialize
 .text.osKernelStart
                0x0820232c       0x48 ./gecko_sdk_4.4.3/util/third_party/freertos/cmsis/Source/cmsis_os2.o
                0x0820232c                osKernelStart
 .text.osKernelGetTickCount
                0x08202374       0x28 ./gecko_sdk_4.4.3/util/third_party/freertos/cmsis/Source/cmsis_os2.o
                0x08202374                osKernelGetTickCount
 .text.osThreadNew
                0x0820239c       0xa8 ./gecko_sdk_4.4.3/util/third_party/freertos/cmsis/Source/cmsis_os2.o
                0x0820239c                osThreadNew
 .text.osThreadYield
                0x08202444       0x3c ./gecko_sdk_4.4.3/util/third_party/freertos/cmsis/Source/cmsis_os2.o
                0x08202444                osThreadYield
 .text.osDelay  0x08202480       0x30 ./gecko_sdk_4.4.3/util/third_party/freertos/cmsis/Source/cmsis_os2.o
                0x08202480                osDelay
 .text.osEventFlagsNew
                0x082024b0       0x3c ./gecko_sdk_4.4.3/util/third_party/freertos/cmsis/Source/cmsis_os2.o
                0x082024b0                osEventFlagsNew
 .text.osEventFlagsSet
                0x082024ec       0x70 ./gecko_sdk_4.4.3/util/third_party/freertos/cmsis/Source/cmsis_os2.o
                0x082024ec                osEventFlagsSet
 .text.osEventFlagsClear
                0x0820255c       0x5c ./gecko_sdk_4.4.3/util/third_party/freertos/cmsis/Source/cmsis_os2.o
                0x0820255c                osEventFlagsClear
 .text.osEventFlagsWait
                0x082025b8       0x70 ./gecko_sdk_4.4.3/util/third_party/freertos/cmsis/Source/cmsis_os2.o
                0x082025b8                osEventFlagsWait
 .text.osMutexNew
                0x08202628       0x94 ./gecko_sdk_4.4.3/util/third_party/freertos/cmsis/Source/cmsis_os2.o
                0x08202628                osMutexNew
 .text.osMutexAcquire
                0x082026bc       0x60 ./gecko_sdk_4.4.3/util/third_party/freertos/cmsis/Source/cmsis_os2.o
                0x082026bc                osMutexAcquire
 .text.osMutexRelease
                0x0820271c       0x58 ./gecko_sdk_4.4.3/util/third_party/freertos/cmsis/Source/cmsis_os2.o
                0x0820271c                osMutexRelease
 .text.vApplicationGetIdleTaskMemory
                0x08202774       0x18 ./gecko_sdk_4.4.3/util/third_party/freertos/cmsis/Source/cmsis_os2.o
                0x08202774                vApplicationGetIdleTaskMemory
 .text.vApplicationGetTimerTaskMemory
                0x0820278c       0x18 ./gecko_sdk_4.4.3/util/third_party/freertos/cmsis/Source/cmsis_os2.o
                0x0820278c                vApplicationGetTimerTaskMemory
 .text.xEventGroupCreateStatic
                0x082027a4       0x48 ./gecko_sdk_4.4.3/util/third_party/freertos/kernel/event_groups.o
                0x082027a4                xEventGroupCreateStatic
 .text.xEventGroupCreate
                0x082027ec       0x1c ./gecko_sdk_4.4.3/util/third_party/freertos/kernel/event_groups.o
                0x082027ec                xEventGroupCreate
 .text.xEventGroupWaitBits
                0x08202808      0x130 ./gecko_sdk_4.4.3/util/third_party/freertos/kernel/event_groups.o
                0x08202808                xEventGroupWaitBits
 .text.xEventGroupClearBits
                0x08202938       0x46 ./gecko_sdk_4.4.3/util/third_party/freertos/kernel/event_groups.o
                0x08202938                xEventGroupClearBits
 .text.vEventGroupClearBitsCallback
                0x0820297e        0x4 ./gecko_sdk_4.4.3/util/third_party/freertos/kernel/event_groups.o
                0x0820297e                vEventGroupClearBitsCallback
 *fill*         0x08202982        0x2 
 .text.xEventGroupClearBitsFromISR
                0x08202984       0x10 ./gecko_sdk_4.4.3/util/third_party/freertos/kernel/event_groups.o
                0x08202984                xEventGroupClearBitsFromISR
 .text.xEventGroupGetBitsFromISR
                0x08202994       0x1c ./gecko_sdk_4.4.3/util/third_party/freertos/kernel/event_groups.o
                0x08202994                xEventGroupGetBitsFromISR
 .text.xEventGroupSetBits
                0x082029b0       0x88 ./gecko_sdk_4.4.3/util/third_party/freertos/kernel/event_groups.o
                0x082029b0                xEventGroupSetBits
 .text.vEventGroupSetBitsCallback
                0x08202a38        0x4 ./gecko_sdk_4.4.3/util/third_party/freertos/kernel/event_groups.o
                0x08202a38                vEventGroupSetBitsCallback
 .text.xEventGroupSetBitsFromISR
                0x08202a3c       0x10 ./gecko_sdk_4.4.3/util/third_party/freertos/kernel/event_groups.o
                0x08202a3c                xEventGroupSetBitsFromISR
 .text.vListInitialise
                0x08202a4c       0x16 ./gecko_sdk_4.4.3/util/third_party/freertos/kernel/list.o
                0x08202a4c                vListInitialise
 .text.vListInitialiseItem
                0x08202a62        0x6 ./gecko_sdk_4.4.3/util/third_party/freertos/kernel/list.o
                0x08202a62                vListInitialiseItem
 .text.vListInsertEnd
                0x08202a68       0x16 ./gecko_sdk_4.4.3/util/third_party/freertos/kernel/list.o
                0x08202a68                vListInsertEnd
 .text.vListInsert
                0x08202a7e       0x2e ./gecko_sdk_4.4.3/util/third_party/freertos/kernel/list.o
                0x08202a7e                vListInsert
 .text.uxListRemove
                0x08202aac       0x20 ./gecko_sdk_4.4.3/util/third_party/freertos/kernel/list.o
                0x08202aac                uxListRemove
 .text.prvIsQueueEmpty
                0x08202acc       0x16 ./gecko_sdk_4.4.3/util/third_party/freertos/kernel/queue.o
 .text.prvCopyDataToQueue
                0x08202ae2       0x66 ./gecko_sdk_4.4.3/util/third_party/freertos/kernel/queue.o
 .text.prvCopyDataFromQueue
                0x08202b48       0x2c ./gecko_sdk_4.4.3/util/third_party/freertos/kernel/queue.o
 .text.prvUnlockQueue
                0x08202b74       0x70 ./gecko_sdk_4.4.3/util/third_party/freertos/kernel/queue.o
 .text.xQueueGenericReset
                0x08202be4       0x7e ./gecko_sdk_4.4.3/util/third_party/freertos/kernel/queue.o
                0x08202be4                xQueueGenericReset
 .text.xQueueGenericCreate.part.0
                0x08202c62       0x7a ./gecko_sdk_4.4.3/util/third_party/freertos/kernel/queue.o
 .text.xQueueGenericCreateStatic
                0x08202cdc       0xa6 ./gecko_sdk_4.4.3/util/third_party/freertos/kernel/queue.o
                0x08202cdc                xQueueGenericCreateStatic
 .text.xQueueGenericSend
                0x08202d82      0x178 ./gecko_sdk_4.4.3/util/third_party/freertos/kernel/queue.o
                0x08202d82                xQueueGenericSend
 .text.xQueueCreateMutexStatic
                0x08202efa       0x2a ./gecko_sdk_4.4.3/util/third_party/freertos/kernel/queue.o
                0x08202efa                xQueueCreateMutexStatic
 .text.xQueueGiveMutexRecursive
                0x08202f24       0x3e ./gecko_sdk_4.4.3/util/third_party/freertos/kernel/queue.o
                0x08202f24                xQueueGiveMutexRecursive
 .text.xQueueCreateMutex
                0x08202f62       0x24 ./gecko_sdk_4.4.3/util/third_party/freertos/kernel/queue.o
                0x08202f62                xQueueCreateMutex
 .text.xQueueGenericSendFromISR
                0x08202f86       0xd0 ./gecko_sdk_4.4.3/util/third_party/freertos/kernel/queue.o
                0x08202f86                xQueueGenericSendFromISR
 .text.xQueueReceive
                0x08203056      0x13e ./gecko_sdk_4.4.3/util/third_party/freertos/kernel/queue.o
                0x08203056                xQueueReceive
 .text.xQueueSemaphoreTake
                0x08203194      0x17a ./gecko_sdk_4.4.3/util/third_party/freertos/kernel/queue.o
                0x08203194                xQueueSemaphoreTake
 .text.xQueueTakeMutexRecursive
                0x0820330e       0x42 ./gecko_sdk_4.4.3/util/third_party/freertos/kernel/queue.o
                0x0820330e                xQueueTakeMutexRecursive
 .text.vQueueAddToRegistry
                0x08203350       0x24 ./gecko_sdk_4.4.3/util/third_party/freertos/kernel/queue.o
                0x08203350                vQueueAddToRegistry
 .text.vQueueWaitForMessageRestricted
                0x08203374       0x46 ./gecko_sdk_4.4.3/util/third_party/freertos/kernel/queue.o
                0x08203374                vQueueWaitForMessageRestricted
 *fill*         0x082033ba        0x2 
 .text.prvAddNewTaskToReadyList
                0x082033bc      0x100 ./gecko_sdk_4.4.3/util/third_party/freertos/kernel/tasks.o
 .text.prvAddCurrentTaskToDelayedList
                0x082034bc       0x78 ./gecko_sdk_4.4.3/util/third_party/freertos/kernel/tasks.o
 .text.prvResetNextTaskUnblockTime
                0x08203534       0x24 ./gecko_sdk_4.4.3/util/third_party/freertos/kernel/tasks.o
 .text.prvDeleteTCB
                0x08203558       0x36 ./gecko_sdk_4.4.3/util/third_party/freertos/kernel/tasks.o
 *fill*         0x0820358e        0x2 
 .text.prvIdleTask
                0x08203590       0x60 ./gecko_sdk_4.4.3/util/third_party/freertos/kernel/tasks.o
 .text.prvInitialiseNewTask.constprop.0
                0x082035f0       0xb0 ./gecko_sdk_4.4.3/util/third_party/freertos/kernel/tasks.o
 .text.xTaskCreateStatic
                0x082036a0       0x70 ./gecko_sdk_4.4.3/util/third_party/freertos/kernel/tasks.o
                0x082036a0                xTaskCreateStatic
 .text.xTaskCreate
                0x08203710       0x5c ./gecko_sdk_4.4.3/util/third_party/freertos/kernel/tasks.o
                0x08203710                xTaskCreate
 .text.vTaskStartScheduler
                0x0820376c       0x90 ./gecko_sdk_4.4.3/util/third_party/freertos/kernel/tasks.o
                0x0820376c                vTaskStartScheduler
 .text.vTaskSuspendAll
                0x082037fc       0x10 ./gecko_sdk_4.4.3/util/third_party/freertos/kernel/tasks.o
                0x082037fc                vTaskSuspendAll
 .text.xTaskGetTickCount
                0x0820380c        0xc ./gecko_sdk_4.4.3/util/third_party/freertos/kernel/tasks.o
                0x0820380c                xTaskGetTickCount
 .text.xTaskGetTickCountFromISR
                0x08203818       0x10 ./gecko_sdk_4.4.3/util/third_party/freertos/kernel/tasks.o
                0x08203818                xTaskGetTickCountFromISR
 .text.xTaskIncrementTick
                0x08203828      0x12c ./gecko_sdk_4.4.3/util/third_party/freertos/kernel/tasks.o
                0x08203828                xTaskIncrementTick
 .text.xTaskResumeAll
                0x08203954       0xe8 ./gecko_sdk_4.4.3/util/third_party/freertos/kernel/tasks.o
                0x08203954                xTaskResumeAll
 .text.vTaskDelay
                0x08203a3c       0x48 ./gecko_sdk_4.4.3/util/third_party/freertos/kernel/tasks.o
                0x08203a3c                vTaskDelay
 .text.vTaskSwitchContext
                0x08203a84       0x88 ./gecko_sdk_4.4.3/util/third_party/freertos/kernel/tasks.o
                0x08203a84                vTaskSwitchContext
 .text.vTaskPlaceOnEventList
                0x08203b0c       0x34 ./gecko_sdk_4.4.3/util/third_party/freertos/kernel/tasks.o
                0x08203b0c                vTaskPlaceOnEventList
 .text.vTaskPlaceOnUnorderedEventList
                0x08203b40       0x58 ./gecko_sdk_4.4.3/util/third_party/freertos/kernel/tasks.o
                0x08203b40                vTaskPlaceOnUnorderedEventList
 .text.vTaskPlaceOnEventListRestricted
                0x08203b98       0x3c ./gecko_sdk_4.4.3/util/third_party/freertos/kernel/tasks.o
                0x08203b98                vTaskPlaceOnEventListRestricted
 .text.xTaskRemoveFromEventList
                0x08203bd4       0x80 ./gecko_sdk_4.4.3/util/third_party/freertos/kernel/tasks.o
                0x08203bd4                xTaskRemoveFromEventList
 .text.vTaskRemoveFromUnorderedEventList
                0x08203c54       0x84 ./gecko_sdk_4.4.3/util/third_party/freertos/kernel/tasks.o
                0x08203c54                vTaskRemoveFromUnorderedEventList
 .text.vTaskInternalSetTimeOutState
                0x08203cd8       0x18 ./gecko_sdk_4.4.3/util/third_party/freertos/kernel/tasks.o
                0x08203cd8                vTaskInternalSetTimeOutState
 .text.xTaskCheckForTimeOut
                0x08203cf0       0x90 ./gecko_sdk_4.4.3/util/third_party/freertos/kernel/tasks.o
                0x08203cf0                xTaskCheckForTimeOut
 .text.vTaskMissedYield
                0x08203d80        0xc ./gecko_sdk_4.4.3/util/third_party/freertos/kernel/tasks.o
                0x08203d80                vTaskMissedYield
 .text.vTaskSetThreadLocalStoragePointer
                0x08203d8c       0x2c ./gecko_sdk_4.4.3/util/third_party/freertos/kernel/tasks.o
                0x08203d8c                vTaskSetThreadLocalStoragePointer
 .text.xTaskGetCurrentTaskHandle
                0x08203db8        0xc ./gecko_sdk_4.4.3/util/third_party/freertos/kernel/tasks.o
                0x08203db8                xTaskGetCurrentTaskHandle
 .text.xTaskGetSchedulerState
                0x08203dc4       0x20 ./gecko_sdk_4.4.3/util/third_party/freertos/kernel/tasks.o
                0x08203dc4                xTaskGetSchedulerState
 .text.xTaskPriorityInherit
                0x08203de4       0x7c ./gecko_sdk_4.4.3/util/third_party/freertos/kernel/tasks.o
                0x08203de4                xTaskPriorityInherit
 .text.xTaskPriorityDisinherit
                0x08203e60       0x84 ./gecko_sdk_4.4.3/util/third_party/freertos/kernel/tasks.o
                0x08203e60                xTaskPriorityDisinherit
 .text.vTaskPriorityDisinheritAfterTimeout
                0x08203ee4       0x9c ./gecko_sdk_4.4.3/util/third_party/freertos/kernel/tasks.o
                0x08203ee4                vTaskPriorityDisinheritAfterTimeout
 .text.uxTaskResetEventItemValue
                0x08203f80       0x18 ./gecko_sdk_4.4.3/util/third_party/freertos/kernel/tasks.o
                0x08203f80                uxTaskResetEventItemValue
 .text.pvTaskIncrementMutexHeldCount
                0x08203f98       0x18 ./gecko_sdk_4.4.3/util/third_party/freertos/kernel/tasks.o
                0x08203f98                pvTaskIncrementMutexHeldCount
 .text.prvInsertTimerInActiveList
                0x08203fb0       0x3c ./gecko_sdk_4.4.3/util/third_party/freertos/kernel/timers.o
 .text.prvCheckForValidListAndQueue
                0x08203fec       0x68 ./gecko_sdk_4.4.3/util/third_party/freertos/kernel/timers.o
 .text.xTimerCreateTimerTask
                0x08204054       0x64 ./gecko_sdk_4.4.3/util/third_party/freertos/kernel/timers.o
                0x08204054                xTimerCreateTimerTask
 .text.xTimerGenericCommand
                0x082040b8       0x58 ./gecko_sdk_4.4.3/util/third_party/freertos/kernel/timers.o
                0x082040b8                xTimerGenericCommand
 .text.prvSampleTimeNow
                0x08204110       0xa4 ./gecko_sdk_4.4.3/util/third_party/freertos/kernel/timers.o
 .text.prvTimerTask
                0x082041b4      0x1cc ./gecko_sdk_4.4.3/util/third_party/freertos/kernel/timers.o
 .text.xTimerPendFunctionCallFromISR
                0x08204380       0x28 ./gecko_sdk_4.4.3/util/third_party/freertos/kernel/timers.o
                0x08204380                xTimerPendFunctionCallFromISR
 .text.prvPortStartFirstTask
                0x082043a8       0x28 ./gecko_sdk_4.4.3/util/third_party/freertos/kernel/portable/GCC/ARM_CM4F/port.o
 .text.vPortEnableVFP
                0x082043d0       0x14 ./gecko_sdk_4.4.3/util/third_party/freertos/kernel/portable/GCC/ARM_CM4F/port.o
 .text.prvTaskExitError
                0x082043e4       0x40 ./gecko_sdk_4.4.3/util/third_party/freertos/kernel/portable/GCC/ARM_CM4F/port.o
 .text.pxPortInitialiseStack
                0x08204424       0x2c ./gecko_sdk_4.4.3/util/third_party/freertos/kernel/portable/GCC/ARM_CM4F/port.o
                0x08204424                pxPortInitialiseStack
 .text.SVC_Handler
                0x08204450       0x24 ./gecko_sdk_4.4.3/util/third_party/freertos/kernel/portable/GCC/ARM_CM4F/port.o
                0x08204450                SVC_Handler
 .text.vPortEnterCritical
                0x08204474       0x40 ./gecko_sdk_4.4.3/util/third_party/freertos/kernel/portable/GCC/ARM_CM4F/port.o
                0x08204474                vPortEnterCritical
 .text.vPortExitCritical
                0x082044b4       0x28 ./gecko_sdk_4.4.3/util/third_party/freertos/kernel/portable/GCC/ARM_CM4F/port.o
                0x082044b4                vPortExitCritical
 *fill*         0x082044dc        0x4 
 .text.PendSV_Handler
                0x082044e0       0x64 ./gecko_sdk_4.4.3/util/third_party/freertos/kernel/portable/GCC/ARM_CM4F/port.o
                0x082044e0                PendSV_Handler
 .text.xPortSysTickHandler
                0x08204544       0x2c ./gecko_sdk_4.4.3/util/third_party/freertos/kernel/portable/GCC/ARM_CM4F/port.o
                0x08204544                xPortSysTickHandler
 .text.vPortSetupTimerInterrupt
                0x08204570       0x24 ./gecko_sdk_4.4.3/util/third_party/freertos/kernel/portable/GCC/ARM_CM4F/port.o
                0x08204570                vPortSetupTimerInterrupt
 .text.xPortStartScheduler
                0x08204594      0x10c ./gecko_sdk_4.4.3/util/third_party/freertos/kernel/portable/GCC/ARM_CM4F/port.o
                0x08204594                xPortStartScheduler
 .text.vPortValidateInterruptPriority
                0x082046a0       0x5c ./gecko_sdk_4.4.3/util/third_party/freertos/kernel/portable/GCC/ARM_CM4F/port.o
                0x082046a0                vPortValidateInterruptPriority
 .text.prvInsertBlockIntoFreeList
                0x082046fc       0x50 ./gecko_sdk_4.4.3/util/third_party/freertos/kernel/portable/MemMang/heap_4.o
 .text.pvPortMalloc
                0x0820474c      0x134 ./gecko_sdk_4.4.3/util/third_party/freertos/kernel/portable/MemMang/heap_4.o
                0x0820474c                pvPortMalloc
 .text.vPortFree
                0x08204880       0x7c ./gecko_sdk_4.4.3/util/third_party/freertos/kernel/portable/MemMang/heap_4.o
                0x08204880                vPortFree
 .text.startup.main
                0x082048fc       0x14 ./main.o
                0x082048fc                main
 .text.data_callback
                0x08204910       0x94 ./socket_server_app.o
                0x08204910                data_callback
 .text.socket_server_init
                0x082049a4       0x14 ./socket_server_app.o
                0x082049a4                socket_server_init
 .text.create_tcp_server
                0x082049b8      0x130 ./socket_server_app.o
                0x082049b8                create_tcp_server
 .text.send_and_receive_data
                0x08204ae8       0xf8 ./socket_server_app.o
                0x08204ae8                send_and_receive_data
 .text.socket_server_task
                0x08204be0      0x134 ./socket_server_app.o
                0x08204be0                socket_server_task
 .text.RSI_Board_Init
                0x08204d14       0x5c ./wiseconnect3_sdk_3.2.0/components/board/silabs/src/rsi_board.o
                0x08204d14                RSI_Board_Init
 .text.print_sl_ipv4_address
                0x08204d70       0x1c ./wiseconnect3_sdk_3.2.0/components/common/src/sl_utility.o
                0x08204d70                print_sl_ipv4_address
 .text.little_to_big_endian
                0x08204d8c       0x2e ./wiseconnect3_sdk_3.2.0/components/common/src/sl_utility.o
                0x08204d8c                little_to_big_endian
 *fill*         0x08204dba        0x2 
 .text.sl_inet_ntop6
                0x08204dbc      0x144 ./wiseconnect3_sdk_3.2.0/components/common/src/sl_utility.o
                0x08204dbc                sl_inet_ntop6
 .text.print_sl_ipv6_address
                0x08204f00       0x2c ./wiseconnect3_sdk_3.2.0/components/common/src/sl_utility.o
                0x08204f00                print_sl_ipv6_address
 .text.print_sl_ip_address
                0x08204f2c       0x16 ./wiseconnect3_sdk_3.2.0/components/common/src/sl_utility.o
                0x08204f2c                print_sl_ip_address
 .text.sl_debug_log
                0x08204f42        0x6 ./wiseconnect3_sdk_3.2.0/components/common/src/sl_utility.o
                0x08204f42                sl_debug_log
 .text.init_ipmu_calib_data
                0x08204f48       0x54 ./wiseconnect3_sdk_3.2.0/components/device/silabs/si91x/mcu/core/chip/src/iPMU_prog/iPMU_dotc/ipmu_apis.o
                0x08204f48                init_ipmu_calib_data
 .text.program_ipmu_data
                0x08204f9c       0x54 ./wiseconnect3_sdk_3.2.0/components/device/silabs/si91x/mcu/core/chip/src/iPMU_prog/iPMU_dotc/ipmu_apis.o
                0x08204f9c                program_ipmu_data
 .text.ipmu_init_mcu
                0x08204ff0       0x94 ./wiseconnect3_sdk_3.2.0/components/device/silabs/si91x/mcu/core/chip/src/iPMU_prog/iPMU_dotc/ipmu_apis.o
                0x08204ff0                ipmu_init_mcu
 .text.ipmu_init
                0x08205084       0xa8 ./wiseconnect3_sdk_3.2.0/components/device/silabs/si91x/mcu/core/chip/src/iPMU_prog/iPMU_dotc/ipmu_apis.o
                0x08205084                ipmu_init
 .text.configure_ipmu_mode
                0x0820512c       0x38 ./wiseconnect3_sdk_3.2.0/components/device/silabs/si91x/mcu/core/chip/src/iPMU_prog/iPMU_dotc/ipmu_apis.o
                0x0820512c                configure_ipmu_mode
 .text.RSI_PS_RestoreCpuContext
                0x08205164       0x34 ./wiseconnect3_sdk_3.2.0/components/device/silabs/si91x/mcu/core/chip/src/rsi_deepsleep_soc.o
                0x08205164                RSI_PS_RestoreCpuContext
 .text.RSI_Set_Cntrls_To_M4
                0x08205198       0x50 ./wiseconnect3_sdk_3.2.0/components/device/silabs/si91x/mcu/core/chip/src/rsi_deepsleep_soc.o
                0x08205198                RSI_Set_Cntrls_To_M4
 .text.Default_Handler
                0x082051e8        0x2 ./wiseconnect3_sdk_3.2.0/components/device/silabs/si91x/mcu/core/chip/src/startup_si91x.o
                0x082051e8                DebugMon_Handler
                0x082051e8                IRQ031_Handler
                0x082051e8                HardFault_Handler
                0x082051e8                IRQ058_Handler
                0x082051e8                IRQ095_Handler
                0x082051e8                IRQ065_Handler
                0x082051e8                IRQ019_Handler
                0x082051e8                IRQ056_Handler
                0x082051e8                IRQ093_Handler
                0x082051e8                NMI_Handler
                0x082051e8                IRQ011_Handler
                0x082051e8                IRQ014_Handler
                0x082051e8                IRQ051_Handler
                0x082051e8                IRQ027_Handler
                0x082051e8                IRQ062_Handler
                0x082051e8                IRQ097_Handler
                0x082051e8                IRQ088_Handler
                0x082051e8                IRQ034_Handler
                0x082051e8                IRQ071_Handler
                0x082051e8                IRQ067_Handler
                0x082051e8                IRQ070_Handler
                0x082051e8                IRQ077_Handler
                0x082051e8                IRQ028_Handler
                0x082051e8                IRQ063_Handler
                0x082051e8                IRQ076_Handler
                0x082051e8                UsageFault_Handler
                0x082051e8                IRQ023_Handler
                0x082051e8                IRQ009_Handler
                0x082051e8                IRQ048_Handler
                0x082051e8                IRQ083_Handler
                0x082051e8                IRQ089_Handler
                0x082051e8                HIF1_IRQHandler
                0x082051e8                IRQ037_Handler
                0x082051e8                IRQ072_Handler
                0x082051e8                IRQ021_Handler
                0x082051e8                IRQ008_Handler
                0x082051e8                IRQ047_Handler
                0x082051e8                IRQ082_Handler
                0x082051e8                IRQ022_Handler
                0x082051e8                IRQ007_Handler
                0x082051e8                IRQ046_Handler
                0x082051e8                IRQ081_Handler
                0x082051e8                IRQ004_Handler
                0x082051e8                IRQ043_Handler
                0x082051e8                IRQ002_Handler
                0x082051e8                IRQ041_Handler
                0x082051e8                IRQ098_Handler
                0x082051e8                IRQ000_Handler
                0x082051e8                IRQ005_Handler
                0x082051e8                IRQ044_Handler
                0x082051e8                IRQ049_Handler
                0x082051e8                IRQ084_Handler
                0x082051e8                IRQ006_Handler
                0x082051e8                IRQ045_Handler
                0x082051e8                IRQ080_Handler
                0x082051e8                IRQ015_Handler
                0x082051e8                IRQ052_Handler
                0x082051e8                MemManage_Handler
                0x082051e8                HIF2_IRQHandler
                0x082051e8                IRQ001_Handler
                0x082051e8                IRQ040_Handler
                0x082051e8                IRQ068_Handler
                0x082051e8                IRQ059_Handler
                0x082051e8                IRQ096_Handler
                0x082051e8                IRQ003_Handler
                0x082051e8                IRQ042_Handler
                0x082051e8                IRQ024_Handler
                0x082051e8                IRQ016_Handler
                0x082051e8                IRQ053_Handler
                0x082051e8                IRQ090_Handler
                0x082051e8                IRQ078_Handler
                0x082051e8                IRQ032_Handler
                0x082051e8                IRQ020_Handler
                0x082051e8                IRQ073_Handler
                0x082051e8                IRQ018_Handler
                0x082051e8                IRQ055_Handler
                0x082051e8                IRQ092_Handler
                0x082051e8                IRQ087_Handler
                0x082051e8                IRQ026_Handler
                0x082051e8                IRQ061_Handler
                0x082051e8                IRQ025_Handler
                0x082051e8                IRQ060_Handler
                0x082051e8                IRQ085_Handler
                0x082051e8                IRQ013_Handler
                0x082051e8                IRQ050_Handler
                0x082051e8                IRQ030_Handler
                0x082051e8                IRQ029_Handler
                0x082051e8                IRQ064_Handler
                0x082051e8                IRQ066_Handler
                0x082051e8                IRQ017_Handler
                0x082051e8                IRQ054_Handler
                0x082051e8                IRQ091_Handler
                0x082051e8                BusFault_Handler
                0x082051e8                IRQ069_Handler
                0x082051e8                IRQ075_Handler
                0x082051e8                IRQ086_Handler
                0x082051e8                IRQ057_Handler
                0x082051e8                IRQ094_Handler
                0x082051e8                IRQ079_Handler
 .text.Default_Reset_Handler
                0x082051ea        0x2 ./wiseconnect3_sdk_3.2.0/components/device/silabs/si91x/mcu/core/chip/src/startup_si91x.o
                0x082051ea                Default_Reset_Handler
                0x082051ea                Reset_Handler
 .text.Copy_Table
                0x082051ec       0x24 ./wiseconnect3_sdk_3.2.0/components/device/silabs/si91x/mcu/core/chip/src/startup_si91x.o
                0x082051ec                Copy_Table
 .text.Zero_Table
                0x08205210       0x24 ./wiseconnect3_sdk_3.2.0/components/device/silabs/si91x/mcu/core/chip/src/startup_si91x.o
                0x08205210                Zero_Table
 .text.RSI_Default_Reset_Handler
                0x08205234       0x16 ./wiseconnect3_sdk_3.2.0/components/device/silabs/si91x/mcu/core/chip/src/startup_si91x.o
                0x08205234                RSI_Default_Reset_Handler
 *fill*         0x0820524a        0x2 
 .text.SystemCoreClockUpdate
                0x0820524c      0x104 ./wiseconnect3_sdk_3.2.0/components/device/silabs/si91x/mcu/core/chip/src/system_si91x.o
                0x0820524c                SystemCoreClockUpdate
 .text.fpuInit  0x08205350       0x44 ./wiseconnect3_sdk_3.2.0/components/device/silabs/si91x/mcu/core/chip/src/system_si91x.o
                0x08205350                fpuInit
 .text.SystemInit
                0x08205394       0xe4 ./wiseconnect3_sdk_3.2.0/components/device/silabs/si91x/mcu/core/chip/src/system_si91x.o
                0x08205394                SystemInit
 .text.ARM_UART_SignalEvent
                0x08205478       0x24 ./wiseconnect3_sdk_3.2.0/components/device/silabs/si91x/mcu/core/common/src/rsi_debug.o
                0x08205478                ARM_UART_SignalEvent
 .text.Board_Debug_Init
                0x0820549c       0x4c ./wiseconnect3_sdk_3.2.0/components/device/silabs/si91x/mcu/core/common/src/rsi_debug.o
                0x0820549c                Board_Debug_Init
 .text.Board_UARTGetChar
                0x082054e8       0x30 ./wiseconnect3_sdk_3.2.0/components/device/silabs/si91x/mcu/core/common/src/rsi_debug.o
                0x082054e8                Board_UARTGetChar
 .text.Board_UARTPutChar
                0x08205518       0x30 ./wiseconnect3_sdk_3.2.0/components/device/silabs/si91x/mcu/core/common/src/rsi_debug.o
                0x08205518                Board_UARTPutChar
 .text.read_exclude_space
                0x08205548       0x20 ./wiseconnect3_sdk_3.2.0/components/device/silabs/si91x/mcu/core/common/src/syscalls.o
 .text._getpid  0x08205568        0x4 ./wiseconnect3_sdk_3.2.0/components/device/silabs/si91x/mcu/core/common/src/syscalls.o
                0x08205568                _getpid
 .text._kill    0x0820556c       0x10 ./wiseconnect3_sdk_3.2.0/components/device/silabs/si91x/mcu/core/common/src/syscalls.o
                0x0820556c                _kill
 .text._exit    0x0820557c        0xc ./wiseconnect3_sdk_3.2.0/components/device/silabs/si91x/mcu/core/common/src/syscalls.o
                0x0820557c                _exit
 .text._write   0x08205588       0x1c ./wiseconnect3_sdk_3.2.0/components/device/silabs/si91x/mcu/core/common/src/syscalls.o
                0x08205588                _write
 .text._close   0x082055a4        0x6 ./wiseconnect3_sdk_3.2.0/components/device/silabs/si91x/mcu/core/common/src/syscalls.o
                0x082055a4                _close
 .text._fstat   0x082055aa        0xa ./wiseconnect3_sdk_3.2.0/components/device/silabs/si91x/mcu/core/common/src/syscalls.o
                0x082055aa                _fstat
 .text._isatty  0x082055b4        0x4 ./wiseconnect3_sdk_3.2.0/components/device/silabs/si91x/mcu/core/common/src/syscalls.o
                0x082055b4                _isatty
 .text._lseek   0x082055b8        0x4 ./wiseconnect3_sdk_3.2.0/components/device/silabs/si91x/mcu/core/common/src/syscalls.o
                0x082055b8                _lseek
 .text._read    0x082055bc      0x30c ./wiseconnect3_sdk_3.2.0/components/device/silabs/si91x/mcu/core/common/src/syscalls.o
                0x082055bc                _read
 .text.sl_si91x_device_init_nvic
                0x082058c8       0x18 ./wiseconnect3_sdk_3.2.0/components/device/silabs/si91x/mcu/core/config/src/rsi_nvic_priorities_config.o
                0x082058c8                sl_si91x_device_init_nvic
 .text.IRQ033_Handler
                0x082058e0       0x20 ./wiseconnect3_sdk_3.2.0/components/device/silabs/si91x/mcu/drivers/cmsis_driver/UDMA.o
                0x082058e0                IRQ033_Handler
 .text.IRQ010_Handler
                0x08205900       0x20 ./wiseconnect3_sdk_3.2.0/components/device/silabs/si91x/mcu/drivers/cmsis_driver/UDMA.o
                0x08205900                IRQ010_Handler
 .text.ARM_USARTx_GetVersion
                0x08205920       0x20 ./wiseconnect3_sdk_3.2.0/components/device/silabs/si91x/mcu/drivers/cmsis_driver/USART.o
                0x08205920                ARM_USARTx_GetVersion
 .text.ARM_ULP_UART_GetCapabilities
                0x08205940        0xc ./wiseconnect3_sdk_3.2.0/components/device/silabs/si91x/mcu/drivers/cmsis_driver/USART.o
 .text.ARM_ULP_UART_GetModemStatus
                0x0820594c        0xc ./wiseconnect3_sdk_3.2.0/components/device/silabs/si91x/mcu/drivers/cmsis_driver/USART.o
 .text.ARM_ULP_UART_SetModemControl
                0x08205958        0xc ./wiseconnect3_sdk_3.2.0/components/device/silabs/si91x/mcu/drivers/cmsis_driver/USART.o
 .text.ARM_ULP_UART_GetStatus
                0x08205964        0xc ./wiseconnect3_sdk_3.2.0/components/device/silabs/si91x/mcu/drivers/cmsis_driver/USART.o
 .text.ARM_ULP_UART_Control
                0x08205970       0x34 ./wiseconnect3_sdk_3.2.0/components/device/silabs/si91x/mcu/drivers/cmsis_driver/USART.o
 .text.ARM_ULP_UART_GetRxCount
                0x082059a4        0xc ./wiseconnect3_sdk_3.2.0/components/device/silabs/si91x/mcu/drivers/cmsis_driver/USART.o
 .text.ARM_ULP_UART_GetTxCount
                0x082059b0        0xc ./wiseconnect3_sdk_3.2.0/components/device/silabs/si91x/mcu/drivers/cmsis_driver/USART.o
 .text.ARM_ULP_UART_Transfer
                0x082059bc       0x54 ./wiseconnect3_sdk_3.2.0/components/device/silabs/si91x/mcu/drivers/cmsis_driver/USART.o
 .text.ARM_ULP_UART_Receive
                0x08205a10       0x48 ./wiseconnect3_sdk_3.2.0/components/device/silabs/si91x/mcu/drivers/cmsis_driver/USART.o
 .text.ARM_ULP_UART_Send
                0x08205a58       0x48 ./wiseconnect3_sdk_3.2.0/components/device/silabs/si91x/mcu/drivers/cmsis_driver/USART.o
 .text.ARM_ULP_UART_PowerControl
                0x08205aa0       0x18 ./wiseconnect3_sdk_3.2.0/components/device/silabs/si91x/mcu/drivers/cmsis_driver/USART.o
 .text.ARM_ULP_UART_Uninitialize
                0x08205ab8       0x1c ./wiseconnect3_sdk_3.2.0/components/device/silabs/si91x/mcu/drivers/cmsis_driver/USART.o
 .text.ARM_ULP_UART_Initialize
                0x08205ad4       0x30 ./wiseconnect3_sdk_3.2.0/components/device/silabs/si91x/mcu/drivers/cmsis_driver/USART.o
 .text.IRQ038_Handler
                0x08205b04        0xc ./wiseconnect3_sdk_3.2.0/components/device/silabs/si91x/mcu/drivers/cmsis_driver/USART.o
                0x08205b04                IRQ038_Handler
 .text.IRQ039_Handler
                0x08205b10        0xc ./wiseconnect3_sdk_3.2.0/components/device/silabs/si91x/mcu/drivers/cmsis_driver/USART.o
                0x08205b10                IRQ039_Handler
 .text.IRQ012_Handler
                0x08205b1c        0xc ./wiseconnect3_sdk_3.2.0/components/device/silabs/si91x/mcu/drivers/cmsis_driver/USART.o
                0x08205b1c                IRQ012_Handler
 .text.RSI_ULPUartHandler
                0x08205b28        0x4 ./wiseconnect3_sdk_3.2.0/components/device/silabs/si91x/mcu/drivers/cmsis_driver/USART.o
                0x08205b28                RSI_ULPUartHandler
 .text.RSI_CLK_GetBaseClock
                0x08205b2c      0x50c ./wiseconnect3_sdk_3.2.0/components/device/silabs/si91x/mcu/drivers/peripheral_drivers/src/clock_update.o
                0x08205b2c                RSI_CLK_GetBaseClock
 .text.RSI_EGPIO_SetPinMux
                0x08206038       0x14 ./wiseconnect3_sdk_3.2.0/components/device/silabs/si91x/mcu/drivers/peripheral_drivers/src/rsi_usart.o
 .text.RSI_EGPIO_HostPadsGpioModeEnable
                0x0820604c       0x10 ./wiseconnect3_sdk_3.2.0/components/device/silabs/si91x/mcu/drivers/peripheral_drivers/src/rsi_usart.o
 .text.RSI_EGPIO_PadSelectionEnable
                0x0820605c       0x10 ./wiseconnect3_sdk_3.2.0/components/device/silabs/si91x/mcu/drivers/peripheral_drivers/src/rsi_usart.o
 .text.RSI_EGPIO_PadReceiverEnable
                0x0820606c       0x10 ./wiseconnect3_sdk_3.2.0/components/device/silabs/si91x/mcu/drivers/peripheral_drivers/src/rsi_usart.o
 .text.RSI_EGPIO_UlpPadReceiverEnable
                0x0820607c       0x10 ./wiseconnect3_sdk_3.2.0/components/device/silabs/si91x/mcu/drivers/peripheral_drivers/src/rsi_usart.o
 .text.UDMAx_ChannelDisable.isra.0
                0x0820608c        0xc ./wiseconnect3_sdk_3.2.0/components/device/silabs/si91x/mcu/drivers/peripheral_drivers/src/rsi_usart.o
 .text.UartIrqHandler
                0x08206098      0x1f0 ./wiseconnect3_sdk_3.2.0/components/device/silabs/si91x/mcu/drivers/peripheral_drivers/src/rsi_usart.o
                0x08206098                UartIrqHandler
 .text.USART_SetBaudrate
                0x08206288       0x50 ./wiseconnect3_sdk_3.2.0/components/device/silabs/si91x/mcu/drivers/peripheral_drivers/src/rsi_usart.o
                0x08206288                USART_SetBaudrate
 .text.USART_Initialize
                0x082062d8      0x120 ./wiseconnect3_sdk_3.2.0/components/device/silabs/si91x/mcu/drivers/peripheral_drivers/src/rsi_usart.o
                0x082062d8                USART_Initialize
 .text.USART_Uninitialize
                0x082063f8       0xa0 ./wiseconnect3_sdk_3.2.0/components/device/silabs/si91x/mcu/drivers/peripheral_drivers/src/rsi_usart.o
                0x082063f8                USART_Uninitialize
 .text.USART_PowerControl
                0x08206498      0x150 ./wiseconnect3_sdk_3.2.0/components/device/silabs/si91x/mcu/drivers/peripheral_drivers/src/rsi_usart.o
                0x08206498                USART_PowerControl
 .text.USART_Send_Data
                0x082065e8      0x15c ./wiseconnect3_sdk_3.2.0/components/device/silabs/si91x/mcu/drivers/peripheral_drivers/src/rsi_usart.o
                0x082065e8                USART_Send_Data
 .text.USART_Receive_Data
                0x08206744      0x13c ./wiseconnect3_sdk_3.2.0/components/device/silabs/si91x/mcu/drivers/peripheral_drivers/src/rsi_usart.o
                0x08206744                USART_Receive_Data
 .text.USART_Transfer
                0x08206880       0x72 ./wiseconnect3_sdk_3.2.0/components/device/silabs/si91x/mcu/drivers/peripheral_drivers/src/rsi_usart.o
                0x08206880                USART_Transfer
 .text.USART_GetTxCount
                0x082068f2        0x6 ./wiseconnect3_sdk_3.2.0/components/device/silabs/si91x/mcu/drivers/peripheral_drivers/src/rsi_usart.o
                0x082068f2                USART_GetTxCount
 .text.USART_GetRxCount
                0x082068f8        0x6 ./wiseconnect3_sdk_3.2.0/components/device/silabs/si91x/mcu/drivers/peripheral_drivers/src/rsi_usart.o
                0x082068f8                USART_GetRxCount
 *fill*         0x082068fe        0x2 
 .text.USART_Control
                0x08206900      0x8e8 ./wiseconnect3_sdk_3.2.0/components/device/silabs/si91x/mcu/drivers/peripheral_drivers/src/rsi_usart.o
                0x08206900                USART_Control
 .text.USART_GetStatus
                0x082071e8       0x42 ./wiseconnect3_sdk_3.2.0/components/device/silabs/si91x/mcu/drivers/peripheral_drivers/src/rsi_usart.o
                0x082071e8                USART_GetStatus
 *fill*         0x0820722a        0x2 
 .text.USART_SetModemControl
                0x0820722c       0x84 ./wiseconnect3_sdk_3.2.0/components/device/silabs/si91x/mcu/drivers/peripheral_drivers/src/rsi_usart.o
                0x0820722c                USART_SetModemControl
 .text.USART_GetModemStatus
                0x082072b0       0x5c ./wiseconnect3_sdk_3.2.0/components/device/silabs/si91x/mcu/drivers/peripheral_drivers/src/rsi_usart.o
                0x082072b0                USART_GetModemStatus
 .text.RSI_IPMU_UpdateIpmuCalibData_efuse
                0x0820730c      0x300 ./wiseconnect3_sdk_3.2.0/components/device/silabs/si91x/mcu/drivers/systemlevel/src/rsi_ipmu.o
                0x0820730c                RSI_IPMU_UpdateIpmuCalibData_efuse
 .text.RSI_Ipmu_Init
                0x0820760c        0x4 ./wiseconnect3_sdk_3.2.0/components/device/silabs/si91x/mcu/drivers/systemlevel/src/rsi_ipmu.o
                0x0820760c                RSI_Ipmu_Init
 .text.RSI_Configure_Ipmu_Mode
                0x08207610        0x6 ./wiseconnect3_sdk_3.2.0/components/device/silabs/si91x/mcu/drivers/systemlevel/src/rsi_ipmu.o
                0x08207610                RSI_Configure_Ipmu_Mode
 *fill*         0x08207616        0x2 
 .text.RSI_IPMU_ClockMuxSel
                0x08207618       0x40 ./wiseconnect3_sdk_3.2.0/components/device/silabs/si91x/mcu/drivers/systemlevel/src/rsi_ipmu.o
                0x08207618                RSI_IPMU_ClockMuxSel
 .text.RSI_IPMU_ProgramConfigData
                0x08207658       0xea ./wiseconnect3_sdk_3.2.0/components/device/silabs/si91x/mcu/drivers/systemlevel/src/rsi_ipmu.o
                0x08207658                RSI_IPMU_ProgramConfigData
 *fill*         0x08207742        0x2 
 .text.RSI_IPMU_Retn_Voltage_Reduction
                0x08207744       0x14 ./wiseconnect3_sdk_3.2.0/components/device/silabs/si91x/mcu/drivers/systemlevel/src/rsi_ipmu.o
                0x08207744                RSI_IPMU_Retn_Voltage_Reduction
 .text.RSI_IPMU_Retn_Voltage_To_Default
                0x08207758       0x10 ./wiseconnect3_sdk_3.2.0/components/device/silabs/si91x/mcu/drivers/systemlevel/src/rsi_ipmu.o
                0x08207758                RSI_IPMU_Retn_Voltage_To_Default
 .text.RSI_IPMU_Set_Higher_Pwm_Ro_Frequency_Mode_to_PMU
                0x08207768       0x14 ./wiseconnect3_sdk_3.2.0/components/device/silabs/si91x/mcu/drivers/systemlevel/src/rsi_ipmu.o
                0x08207768                RSI_IPMU_Set_Higher_Pwm_Ro_Frequency_Mode_to_PMU
 .text.RSI_IPMU_M32rc_OscTrimEfuse
                0x0820777c       0x28 ./wiseconnect3_sdk_3.2.0/components/device/silabs/si91x/mcu/drivers/systemlevel/src/rsi_ipmu.o
                0x0820777c                RSI_IPMU_M32rc_OscTrimEfuse
 .text.RSI_IPMU_DBLR32M_TrimEfuse
                0x082077a4       0x18 ./wiseconnect3_sdk_3.2.0/components/device/silabs/si91x/mcu/drivers/systemlevel/src/rsi_ipmu.o
                0x082077a4                RSI_IPMU_DBLR32M_TrimEfuse
 .text.RSI_IPMU_M20roOsc_TrimEfuse
                0x082077bc       0x28 ./wiseconnect3_sdk_3.2.0/components/device/silabs/si91x/mcu/drivers/systemlevel/src/rsi_ipmu.o
                0x082077bc                RSI_IPMU_M20roOsc_TrimEfuse
 .text.RSI_IPMU_RO32khz_TrimEfuse
                0x082077e4       0x18 ./wiseconnect3_sdk_3.2.0/components/device/silabs/si91x/mcu/drivers/systemlevel/src/rsi_ipmu.o
                0x082077e4                RSI_IPMU_RO32khz_TrimEfuse
 .text.RSI_IPMU_RC32khz_TrimEfuse
                0x082077fc       0x18 ./wiseconnect3_sdk_3.2.0/components/device/silabs/si91x/mcu/drivers/systemlevel/src/rsi_ipmu.o
                0x082077fc                RSI_IPMU_RC32khz_TrimEfuse
 .text._usdelay
                0x08207814        0x6 ./wiseconnect3_sdk_3.2.0/components/device/silabs/si91x/mcu/drivers/systemlevel/src/rsi_pll.o
 *fill*         0x0820781a        0x2 
 .text.ulpss_enable_ref_clks
                0x0820781c       0xf8 ./wiseconnect3_sdk_3.2.0/components/device/silabs/si91x/mcu/drivers/systemlevel/src/rsi_pll.o
                0x0820781c                ulpss_enable_ref_clks
 .text.clk_m4ss_ref_clk_config
                0x08207914       0xcc ./wiseconnect3_sdk_3.2.0/components/device/silabs/si91x/mcu/drivers/systemlevel/src/rsi_pll.o
                0x08207914                clk_m4ss_ref_clk_config
 .text.ulpss_ref_clk_config
                0x082079e0       0xbc ./wiseconnect3_sdk_3.2.0/components/device/silabs/si91x/mcu/drivers/systemlevel/src/rsi_ulpss_clk.o
                0x082079e0                ulpss_ref_clk_config
 .text.sl_mv_m4_app_from_flash_to_ram
                0x08207a9c       0x50 ./wiseconnect3_sdk_3.2.0/components/device/silabs/si91x/wireless/ahb_interface/src/rsi_hal_mcu_m4_ram.o
                0x08207a9c                sl_mv_m4_app_from_flash_to_ram
 .text.sli_si91x_raise_pkt_pending_interrupt_to_ta
                0x08207aec       0x20 ./wiseconnect3_sdk_3.2.0/components/device/silabs/si91x/wireless/ahb_interface/src/rsi_hal_mcu_m4_rom.o
                0x08207aec                sli_si91x_raise_pkt_pending_interrupt_to_ta
 .text.raise_m4_to_ta_interrupt
                0x08207b0c        0xc ./wiseconnect3_sdk_3.2.0/components/device/silabs/si91x/wireless/ahb_interface/src/rsi_hal_mcu_m4_rom.o
                0x08207b0c                raise_m4_to_ta_interrupt
 .text.mask_ta_interrupt
                0x08207b18        0xc ./wiseconnect3_sdk_3.2.0/components/device/silabs/si91x/wireless/ahb_interface/src/rsi_hal_mcu_m4_rom.o
                0x08207b18                mask_ta_interrupt
 .text.sli_receive_from_ta_done_isr
                0x08207b24       0x20 ./wiseconnect3_sdk_3.2.0/components/device/silabs/si91x/wireless/ahb_interface/src/rsi_hal_mcu_m4_rom.o
                0x08207b24                sli_receive_from_ta_done_isr
 .text.sli_m4_interrupt_isr
                0x08207b44       0xa0 ./wiseconnect3_sdk_3.2.0/components/device/silabs/si91x/wireless/ahb_interface/src/rsi_hal_mcu_m4_rom.o
                0x08207b44                sli_m4_interrupt_isr
 .text.sl_si91x_bus_read_interrupt_status
                0x08207be4       0x10 ./wiseconnect3_sdk_3.2.0/components/device/silabs/si91x/wireless/ahb_interface/src/rsi_hal_mcu_m4_rom.o
                0x08207be4                sl_si91x_bus_read_interrupt_status
 .text.si91x_req_wakeup
                0x08207bf4       0x20 ./wiseconnect3_sdk_3.2.0/components/device/silabs/si91x/wireless/ahb_interface/src/rsi_hal_mcu_m4_rom.o
                0x08207bf4                si91x_req_wakeup
 .text.sl_si91x_host_clear_sleep_indicator
                0x08207c14       0x14 ./wiseconnect3_sdk_3.2.0/components/device/silabs/si91x/wireless/ahb_interface/src/rsi_hal_mcu_m4_rom.o
                0x08207c14                sl_si91x_host_clear_sleep_indicator
 .text.IRQ074_Handler
                0x08207c28        0x4 ./wiseconnect3_sdk_3.2.0/components/device/silabs/si91x/wireless/ahb_interface/src/rsi_hal_mcu_m4_rom.o
                0x08207c28                IRQ074_Handler
 .text.sl_si91x_ta_events_init
                0x08207c2c       0x14 ./wiseconnect3_sdk_3.2.0/components/device/silabs/si91x/wireless/ahb_interface/src/rsi_hal_mcu_m4_rom.o
                0x08207c2c                sl_si91x_ta_events_init
 .text.sli_si91x_platform_init
                0x08207c40       0x5c ./wiseconnect3_sdk_3.2.0/components/device/silabs/si91x/wireless/ahb_interface/src/sl_platform.o
                0x08207c40                sli_si91x_platform_init
 .text.si91x_bootup_firmware
                0x08207c9c       0x94 ./wiseconnect3_sdk_3.2.0/components/device/silabs/si91x/wireless/ahb_interface/src/sl_platform.o
                0x08207c9c                si91x_bootup_firmware
 .text.sli_si91x_configure_wireless_frontend_controls
                0x08207d30       0x44 ./wiseconnect3_sdk_3.2.0/components/device/silabs/si91x/wireless/ahb_interface/src/sl_platform_wireless.o
                0x08207d30                sli_si91x_configure_wireless_frontend_controls
 .text.sli_si91x_submit_rx_pkt
                0x08207d74       0x84 ./wiseconnect3_sdk_3.2.0/components/device/silabs/si91x/wireless/ahb_interface/src/sl_si91x_bus.o
                0x08207d74                sli_si91x_submit_rx_pkt
 .text.sl_si91x_bus_read_frame
                0x08207df8        0x8 ./wiseconnect3_sdk_3.2.0/components/device/silabs/si91x/wireless/ahb_interface/src/sl_si91x_bus.o
                0x08207df8                sl_si91x_bus_read_frame
 .text.sl_si91x_bus_write_frame
                0x08207e00       0x24 ./wiseconnect3_sdk_3.2.0/components/device/silabs/si91x/wireless/ahb_interface/src/sl_si91x_bus.o
                0x08207e00                sl_si91x_bus_write_frame
 .text.sli_submit_rx_buffer
                0x08207e24       0x16 ./wiseconnect3_sdk_3.2.0/components/device/silabs/si91x/wireless/ahb_interface/src/sl_si91x_bus.o
                0x08207e24                sli_submit_rx_buffer
 *fill*         0x08207e3a        0x2 
 .text.rsi_update_tx_dma_desc
                0x08207e3c       0x28 ./wiseconnect3_sdk_3.2.0/components/device/silabs/si91x/wireless/ahb_interface/src/sl_si91x_bus.o
                0x08207e3c                rsi_update_tx_dma_desc
 .text.rsi_update_rx_dma_desc
                0x08207e64       0x10 ./wiseconnect3_sdk_3.2.0/components/device/silabs/si91x/wireless/ahb_interface/src/sl_si91x_bus.o
                0x08207e64                rsi_update_rx_dma_desc
 .text.sli_si91x_config_m4_dma_desc_on_reset
                0x08207e74       0x48 ./wiseconnect3_sdk_3.2.0/components/device/silabs/si91x/wireless/ahb_interface/src/sl_si91x_bus.o
                0x08207e74                sli_si91x_config_m4_dma_desc_on_reset
 .text.rsi_waitfor_boardready
                0x08207ebc       0x44 ./wiseconnect3_sdk_3.2.0/components/device/silabs/si91x/wireless/ahb_interface/src/sli_siwx917_soc.o
                0x08207ebc                rsi_waitfor_boardready
 .text.rsi_select_option
                0x08207f00       0x80 ./wiseconnect3_sdk_3.2.0/components/device/silabs/si91x/wireless/ahb_interface/src/sli_siwx917_soc.o
                0x08207f00                rsi_select_option
 .text.unmask_ta_interrupt
                0x08207f80        0xc ./wiseconnect3_sdk_3.2.0/components/device/silabs/si91x/wireless/ahb_interface/src/sli_siwx917_soc.o
                0x08207f80                unmask_ta_interrupt
 .text.sli_m4_ta_interrupt_init
                0x08207f8c       0x2c ./wiseconnect3_sdk_3.2.0/components/device/silabs/si91x/wireless/ahb_interface/src/sli_siwx917_soc.o
                0x08207f8c                sli_m4_ta_interrupt_init
 .text.sli_si91x_socket
                0x08207fb8       0x88 ./wiseconnect3_sdk_3.2.0/components/device/silabs/si91x/wireless/asynchronous_socket/src/sl_si91x_socket.o
 .text.sli_si91x_accept_async.constprop.0
                0x08208040       0xf0 ./wiseconnect3_sdk_3.2.0/components/device/silabs/si91x/wireless/asynchronous_socket/src/sl_si91x_socket.o
 .text.sl_si91x_socket_async
                0x08208130       0x1a ./wiseconnect3_sdk_3.2.0/components/device/silabs/si91x/wireless/asynchronous_socket/src/sl_si91x_socket.o
                0x08208130                sl_si91x_socket_async
 .text.sl_si91x_bind
                0x0820814a       0x98 ./wiseconnect3_sdk_3.2.0/components/device/silabs/si91x/wireless/asynchronous_socket/src/sl_si91x_socket.o
                0x0820814a                sl_si91x_bind
 .text.sl_si91x_listen
                0x082081e2       0x52 ./wiseconnect3_sdk_3.2.0/components/device/silabs/si91x/wireless/asynchronous_socket/src/sl_si91x_socket.o
                0x082081e2                sl_si91x_listen
 .text.sl_si91x_accept
                0x08208234        0x6 ./wiseconnect3_sdk_3.2.0/components/device/silabs/si91x/wireless/asynchronous_socket/src/sl_si91x_socket.o
                0x08208234                sl_si91x_accept
 .text.sl_si91x_shutdown
                0x0820823a        0x4 ./wiseconnect3_sdk_3.2.0/components/device/silabs/si91x/wireless/asynchronous_socket/src/sl_si91x_socket.o
                0x0820823a                sl_si91x_shutdown
 *fill*         0x0820823e        0x2 
 .text.sl_si91x_setsockopt_async
                0x08208240      0x188 ./wiseconnect3_sdk_3.2.0/components/device/silabs/si91x/wireless/asynchronous_socket/src/sl_si91x_socket.o
                0x08208240                sl_si91x_setsockopt_async
 .text.sl_si91x_sendto_async
                0x082083c8      0x1ce ./wiseconnect3_sdk_3.2.0/components/device/silabs/si91x/wireless/asynchronous_socket/src/sl_si91x_socket.o
                0x082083c8                sl_si91x_sendto_async
 .text.sl_si91x_send_async
                0x08208596       0x14 ./wiseconnect3_sdk_3.2.0/components/device/silabs/si91x/wireless/asynchronous_socket/src/sl_si91x_socket.o
                0x08208596                sl_si91x_send_async
 .text.sl_si91x_send
                0x082085aa        0xe ./wiseconnect3_sdk_3.2.0/components/device/silabs/si91x/wireless/asynchronous_socket/src/sl_si91x_socket.o
                0x082085aa                sl_si91x_send
 .text.sl_si91x_errno
                0x082085b8       0x1c ./wiseconnect3_sdk_3.2.0/components/device/silabs/si91x/wireless/errno/src/sl_si91x_errno.o
                0x082085b8                sl_si91x_errno
 .text.sl_si91x_bus_rx_irq_handler
                0x082085d4        0x4 ./wiseconnect3_sdk_3.2.0/components/device/silabs/si91x/wireless/host_mcu/si91x/siwx917_soc_ncp_host.o
                0x082085d4                sl_si91x_bus_rx_irq_handler
 .text.sl_si91x_bus_rx_done_handler
                0x082085d8        0x2 ./wiseconnect3_sdk_3.2.0/components/device/silabs/si91x/wireless/host_mcu/si91x/siwx917_soc_ncp_host.o
                0x082085d8                sl_si91x_bus_rx_done_handler
 .text.sl_si91x_bus_init
                0x082085da        0x4 ./wiseconnect3_sdk_3.2.0/components/device/silabs/si91x/wireless/host_mcu/si91x/siwx917_soc_ncp_host.o
                0x082085da                sl_si91x_bus_init
 .text.sl_si91x_host_init
                0x082085de        0xa ./wiseconnect3_sdk_3.2.0/components/device/silabs/si91x/wireless/host_mcu/si91x/siwx917_soc_ncp_host.o
                0x082085de                sl_si91x_host_init
 .text.sl_si91x_host_hold_in_reset
                0x082085e8        0x2 ./wiseconnect3_sdk_3.2.0/components/device/silabs/si91x/wireless/host_mcu/si91x/siwx917_soc_ncp_host.o
                0x082085e8                sl_si91x_host_hold_in_reset
 .text.sl_si91x_host_release_from_reset
                0x082085ea        0x2 ./wiseconnect3_sdk_3.2.0/components/device/silabs/si91x/wireless/host_mcu/si91x/siwx917_soc_ncp_host.o
                0x082085ea                sl_si91x_host_release_from_reset
 .text.sl_si91x_host_enable_bus_interrupt
                0x082085ec        0x2 ./wiseconnect3_sdk_3.2.0/components/device/silabs/si91x/wireless/host_mcu/si91x/siwx917_soc_ncp_host.o
                0x082085ec                sl_si91x_host_enable_bus_interrupt
 *fill*         0x082085ee        0x2 
 .text.sl_si91x_host_is_in_irq_context
                0x082085f0       0x14 ./wiseconnect3_sdk_3.2.0/components/device/silabs/si91x/wireless/host_mcu/si91x/siwx917_soc_ncp_host.o
                0x082085f0                sl_si91x_host_is_in_irq_context
 .text.sl_si91x_host_init_buffer_manager
                0x08208604       0xa8 ./wiseconnect3_sdk_3.2.0/components/device/silabs/si91x/wireless/memory/mem_pool_buffer_quota.o
                0x08208604                sl_si91x_host_init_buffer_manager
 .text.sl_si91x_host_allocate_buffer
                0x082086ac       0x8c ./wiseconnect3_sdk_3.2.0/components/device/silabs/si91x/wireless/memory/mem_pool_buffer_quota.o
                0x082086ac                sl_si91x_host_allocate_buffer
 .text.sl_si91x_host_get_buffer_data
                0x08208738       0x18 ./wiseconnect3_sdk_3.2.0/components/device/silabs/si91x/wireless/memory/mem_pool_buffer_quota.o
                0x08208738                sl_si91x_host_get_buffer_data
 .text.sl_si91x_host_free_buffer
                0x08208750       0x2c ./wiseconnect3_sdk_3.2.0/components/device/silabs/si91x/wireless/memory/mem_pool_buffer_quota.o
                0x08208750                sl_si91x_host_free_buffer
 .text.convert_si91x_dns_response
                0x0820877c       0x2a ./wiseconnect3_sdk_3.2.0/components/device/silabs/si91x/wireless/sl_net/src/sl_net_rsi_utility.o
                0x0820877c                convert_si91x_dns_response
 .text.convert_si91x_event_to_sl_net_event
                0x082087a6       0x2a ./wiseconnect3_sdk_3.2.0/components/device/silabs/si91x/wireless/sl_net/src/sl_net_rsi_utility.o
                0x082087a6                convert_si91x_event_to_sl_net_event
 .text.si91x_node_free_function
                0x082087d0        0x4 ./wiseconnect3_sdk_3.2.0/components/device/silabs/si91x/wireless/sl_net/src/sl_net_si91x_integration_handler.o
 .text.sl_net_si91x_event_dispatch_handler
                0x082087d4       0xa4 ./wiseconnect3_sdk_3.2.0/components/device/silabs/si91x/wireless/sl_net/src/sl_net_si91x_integration_handler.o
                0x082087d4                sl_net_si91x_event_dispatch_handler
 .text.sl_si91x_host_get_credentials
                0x08208878       0x4a ./wiseconnect3_sdk_3.2.0/components/device/silabs/si91x/wireless/sl_net/src/sl_si91x_net_credentials.o
                0x08208878                sl_si91x_host_get_credentials
 *fill*         0x082088c2        0x2 
 .text.sl_si91x_configure_ip_address
                0x082088c4      0x1a0 ./wiseconnect3_sdk_3.2.0/components/device/silabs/si91x/wireless/sl_net/src/sl_si91x_net_internal_stack.o
                0x082088c4                sl_si91x_configure_ip_address
 .text.si91x_socket_node_free_function
                0x08208a64        0x4 ./wiseconnect3_sdk_3.2.0/components/device/silabs/si91x/wireless/socket/src/sl_si91x_socket_utility.o
 .text.si91x_socket_identification_function
                0x08208a68       0xac ./wiseconnect3_sdk_3.2.0/components/device/silabs/si91x/wireless/socket/src/sl_si91x_socket_utility.o
 .text.handle_accept_response
                0x08208b14       0x4c ./wiseconnect3_sdk_3.2.0/components/device/silabs/si91x/wireless/socket/src/sl_si91x_socket_utility.o
                0x08208b14                handle_accept_response
 .text.handle_select_response
                0x08208b60       0x70 ./wiseconnect3_sdk_3.2.0/components/device/silabs/si91x/wireless/socket/src/sl_si91x_socket_utility.o
                0x08208b60                handle_select_response
 .text.sli_si91x_set_accept_callback
                0x08208bd0       0x14 ./wiseconnect3_sdk_3.2.0/components/device/silabs/si91x/wireless/socket/src/sl_si91x_socket_utility.o
                0x08208bd0                sli_si91x_set_accept_callback
 .text.reset_socket_state
                0x08208be4       0x1c ./wiseconnect3_sdk_3.2.0/components/device/silabs/si91x/wireless/socket/src/sl_si91x_socket_utility.o
                0x08208be4                reset_socket_state
 .text.sl_si91x_vap_shutdown
                0x08208c00       0x38 ./wiseconnect3_sdk_3.2.0/components/device/silabs/si91x/wireless/socket/src/sl_si91x_socket_utility.o
                0x08208c00                sl_si91x_vap_shutdown
 .text.get_si91x_socket
                0x08208c38        0xc ./wiseconnect3_sdk_3.2.0/components/device/silabs/si91x/wireless/socket/src/sl_si91x_socket_utility.o
                0x08208c38                get_si91x_socket
 .text.get_free_socket
                0x08208c44       0x68 ./wiseconnect3_sdk_3.2.0/components/device/silabs/si91x/wireless/socket/src/sl_si91x_socket_utility.o
                0x08208c44                get_free_socket
 .text.is_port_available
                0x08208cac       0x24 ./wiseconnect3_sdk_3.2.0/components/device/silabs/si91x/wireless/socket/src/sl_si91x_socket_utility.o
                0x08208cac                is_port_available
 .text.add_server_name_indication_extension
                0x08208cd0       0x40 ./wiseconnect3_sdk_3.2.0/components/device/silabs/si91x/wireless/socket/src/sl_si91x_socket_utility.o
                0x08208cd0                add_server_name_indication_extension
 .text.create_and_send_socket_request
                0x08208d10      0x200 ./wiseconnect3_sdk_3.2.0/components/device/silabs/si91x/wireless/socket/src/sl_si91x_socket_utility.o
                0x08208d10                create_and_send_socket_request
 .text.si91x_socket_event_handler
                0x08208f10      0x15c ./wiseconnect3_sdk_3.2.0/components/device/silabs/si91x/wireless/socket/src/sl_si91x_socket_utility.o
                0x08208f10                si91x_socket_event_handler
 .text.sl_si91x_socket_driver_send_command
                0x0820906c       0x58 ./wiseconnect3_sdk_3.2.0/components/device/silabs/si91x/wireless/socket/src/sl_si91x_socket_utility.o
                0x0820906c                sl_si91x_socket_driver_send_command
 .text.sli_si91x_shutdown
                0x082090c4       0xf4 ./wiseconnect3_sdk_3.2.0/components/device/silabs/si91x/wireless/socket/src/sl_si91x_socket_utility.o
                0x082090c4                sli_si91x_shutdown
 .text.get_wifi_current_performance_profile
                0x082091b8       0x2c ./wiseconnect3_sdk_3.2.0/components/device/silabs/si91x/wireless/src/sl_rsi_utility.o
                0x082091b8                get_wifi_current_performance_profile
 .text.reset_coex_current_performance_profile
                0x082091e4       0x10 ./wiseconnect3_sdk_3.2.0/components/device/silabs/si91x/wireless/src/sl_rsi_utility.o
                0x082091e4                reset_coex_current_performance_profile
 .text.save_tcp_auto_close_choice
                0x082091f4        0xc ./wiseconnect3_sdk_3.2.0/components/device/silabs/si91x/wireless/src/sl_rsi_utility.o
                0x082091f4                save_tcp_auto_close_choice
 .text.is_tcp_auto_close_enabled
                0x08209200        0xc ./wiseconnect3_sdk_3.2.0/components/device/silabs/si91x/wireless/src/sl_rsi_utility.o
                0x08209200                is_tcp_auto_close_enabled
 .text.get_max_tx_power
                0x0820920c       0x24 ./wiseconnect3_sdk_3.2.0/components/device/silabs/si91x/wireless/src/sl_rsi_utility.o
                0x0820920c                get_max_tx_power
 .text.set_card_ready_required
                0x08209230        0xc ./wiseconnect3_sdk_3.2.0/components/device/silabs/si91x/wireless/src/sl_rsi_utility.o
                0x08209230                set_card_ready_required
 .text.get_card_ready_required
                0x0820923c        0xc ./wiseconnect3_sdk_3.2.0/components/device/silabs/si91x/wireless/src/sl_rsi_utility.o
                0x0820923c                get_card_ready_required
 .text.save_coex_mode
                0x08209248        0xc ./wiseconnect3_sdk_3.2.0/components/device/silabs/si91x/wireless/src/sl_rsi_utility.o
                0x08209248                save_coex_mode
 .text.convert_si91x_event_to_sl_wifi_event
                0x08209254      0x198 ./wiseconnect3_sdk_3.2.0/components/device/silabs/si91x/wireless/src/sl_rsi_utility.o
                0x08209254                convert_si91x_event_to_sl_wifi_event
 .text.get_saved_sl_wifi_rate
                0x082093ec       0x14 ./wiseconnect3_sdk_3.2.0/components/device/silabs/si91x/wireless/src/sl_rsi_utility.o
                0x082093ec                get_saved_sl_wifi_rate
 .text.save_ap_configuration
                0x08209400       0x28 ./wiseconnect3_sdk_3.2.0/components/device/silabs/si91x/wireless/src/sl_rsi_utility.o
                0x08209400                save_ap_configuration
 .text.convert_sl_wifi_to_sl_si91x_encryption
                0x08209428       0x20 ./wiseconnect3_sdk_3.2.0/components/device/silabs/si91x/wireless/src/sl_rsi_utility.o
                0x08209428                convert_sl_wifi_to_sl_si91x_encryption
 .text.sl_si91x_platform_init
                0x08209448       0xec ./wiseconnect3_sdk_3.2.0/components/device/silabs/si91x/wireless/src/sl_rsi_utility.o
                0x08209448                sl_si91x_platform_init
 .text.sl_si91x_host_set_event
                0x08209534       0x10 ./wiseconnect3_sdk_3.2.0/components/device/silabs/si91x/wireless/src/sl_rsi_utility.o
                0x08209534                sl_si91x_host_set_event
 .text.sl_si91x_host_set_bus_event
                0x08209544       0x10 ./wiseconnect3_sdk_3.2.0/components/device/silabs/si91x/wireless/src/sl_rsi_utility.o
                0x08209544                sl_si91x_host_set_bus_event
 .text.sl_si91x_host_set_async_event
                0x08209554       0x10 ./wiseconnect3_sdk_3.2.0/components/device/silabs/si91x/wireless/src/sl_rsi_utility.o
                0x08209554                sl_si91x_host_set_async_event
 .text.sl_si91x_host_add_to_queue
                0x08209564       0x50 ./wiseconnect3_sdk_3.2.0/components/device/silabs/si91x/wireless/src/sl_rsi_utility.o
                0x08209564                sl_si91x_host_add_to_queue
 .text.sl_si91x_host_add_to_queue_with_atomic_action
                0x082095b4       0x58 ./wiseconnect3_sdk_3.2.0/components/device/silabs/si91x/wireless/src/sl_rsi_utility.o
                0x082095b4                sl_si91x_host_add_to_queue_with_atomic_action
 .text.sl_si91x_host_remove_from_queue
                0x0820960c       0x58 ./wiseconnect3_sdk_3.2.0/components/device/silabs/si91x/wireless/src/sl_rsi_utility.o
                0x0820960c                sl_si91x_host_remove_from_queue
 .text.sl_si91x_host_remove_node_from_queue
                0x08209664       0x8c ./wiseconnect3_sdk_3.2.0/components/device/silabs/si91x/wireless/src/sl_rsi_utility.o
                0x08209664                sl_si91x_host_remove_node_from_queue
 .text.sl_si91x_host_flush_nodes_from_queue
                0x082096f0       0xa4 ./wiseconnect3_sdk_3.2.0/components/device/silabs/si91x/wireless/src/sl_rsi_utility.o
                0x082096f0                sl_si91x_host_flush_nodes_from_queue
 .text.sl_si91x_flush_queue_based_on_type
                0x08209794      0x108 ./wiseconnect3_sdk_3.2.0/components/device/silabs/si91x/wireless/src/sl_rsi_utility.o
                0x08209794                sl_si91x_flush_queue_based_on_type
 .text.sl_si91x_host_queue_status
                0x0820989c       0x34 ./wiseconnect3_sdk_3.2.0/components/device/silabs/si91x/wireless/src/sl_rsi_utility.o
                0x0820989c                sl_si91x_host_queue_status
 .text.si91x_host_wait_for_event
                0x082098d0       0x2c ./wiseconnect3_sdk_3.2.0/components/device/silabs/si91x/wireless/src/sl_rsi_utility.o
                0x082098d0                si91x_host_wait_for_event
 .text.si91x_host_wait_for_bus_event
                0x082098fc       0x20 ./wiseconnect3_sdk_3.2.0/components/device/silabs/si91x/wireless/src/sl_rsi_utility.o
                0x082098fc                si91x_host_wait_for_bus_event
 .text.si91x_host_wait_for_async_event
                0x0820991c       0x2c ./wiseconnect3_sdk_3.2.0/components/device/silabs/si91x/wireless/src/sl_rsi_utility.o
                0x0820991c                si91x_host_wait_for_async_event
 .text.si91x_host_clear_events
                0x08209948       0x18 ./wiseconnect3_sdk_3.2.0/components/device/silabs/si91x/wireless/src/sl_rsi_utility.o
                0x08209948                si91x_host_clear_events
 .text.sl_si91x_host_power_cycle
                0x08209960       0x1a ./wiseconnect3_sdk_3.2.0/components/device/silabs/si91x/wireless/src/sl_rsi_utility.o
                0x08209960                sl_si91x_host_power_cycle
 *fill*         0x0820997a        0x2 
 .text.sl_si91x_register_event_handler
                0x0820997c        0xc ./wiseconnect3_sdk_3.2.0/components/device/silabs/si91x/wireless/src/sl_si91x_callback_framework.o
                0x0820997c                sl_si91x_register_event_handler
 .text.sl_si91x_default_handler
                0x08209988       0x68 ./wiseconnect3_sdk_3.2.0/components/device/silabs/si91x/wireless/src/sl_si91x_callback_framework.o
                0x08209988                sl_si91x_default_handler
 .text.sl_si91x_atomic_packet_id_allocator
                0x082099f0       0x12 ./wiseconnect3_sdk_3.2.0/components/device/silabs/si91x/wireless/src/sl_si91x_driver.o
 .text.si91x_packet_identification_function
                0x08209a02       0x20 ./wiseconnect3_sdk_3.2.0/components/device/silabs/si91x/wireless/src/sl_si91x_driver.o
 *fill*         0x08209a22        0x2 
 .text.sl_si91x_driver_wait_for_response_packet
                0x08209a24       0xa4 ./wiseconnect3_sdk_3.2.0/components/device/silabs/si91x/wireless/src/sl_si91x_driver.o
                0x08209a24                sl_si91x_driver_wait_for_response_packet
 .text.sl_si91x_driver_send_data_packet
                0x08209ac8       0x18 ./wiseconnect3_sdk_3.2.0/components/device/silabs/si91x/wireless/src/sl_si91x_driver.o
                0x08209ac8                sl_si91x_driver_send_data_packet
 .text.sl_si91x_driver_send_socket_data
                0x08209ae0       0x8e ./wiseconnect3_sdk_3.2.0/components/device/silabs/si91x/wireless/src/sl_si91x_driver.o
                0x08209ae0                sl_si91x_driver_send_socket_data
 .text.sl_si91x_allocate_command_buffer
                0x08209b6e       0x24 ./wiseconnect3_sdk_3.2.0/components/device/silabs/si91x/wireless/src/sl_si91x_driver.o
                0x08209b6e                sl_si91x_allocate_command_buffer
 *fill*         0x08209b92        0x2 
 .text.sl_si91x_driver_send_command_packet
                0x08209b94      0x150 ./wiseconnect3_sdk_3.2.0/components/device/silabs/si91x/wireless/src/sl_si91x_driver.o
                0x08209b94                sl_si91x_driver_send_command_packet
 .text.sl_si91x_driver_send_command.part.0
                0x08209ce4       0x5e ./wiseconnect3_sdk_3.2.0/components/device/silabs/si91x/wireless/src/sl_si91x_driver.o
 .text.sl_si91x_driver_send_command
                0x08209d42       0x1e ./wiseconnect3_sdk_3.2.0/components/device/silabs/si91x/wireless/src/sl_si91x_driver.o
                0x08209d42                sl_si91x_driver_send_command
 .text.sl_si91x_get_flash_efuse_data
                0x08209d60       0x78 ./wiseconnect3_sdk_3.2.0/components/device/silabs/si91x/wireless/src/sl_si91x_driver.o
                0x08209d60                sl_si91x_get_flash_efuse_data
 .text.sl_si91x_driver_send_async_command
                0x08209dd8       0xc4 ./wiseconnect3_sdk_3.2.0/components/device/silabs/si91x/wireless/src/sl_si91x_driver.o
                0x08209dd8                sl_si91x_driver_send_async_command
 .text.sl_si91x_set_device_region
                0x08209e9c      0x308 ./wiseconnect3_sdk_3.2.0/components/device/silabs/si91x/wireless/src/sl_si91x_driver.o
                0x08209e9c                sl_si91x_set_device_region
 .text.get_opermode
                0x0820a1a4        0xc ./wiseconnect3_sdk_3.2.0/components/device/silabs/si91x/wireless/src/sl_si91x_driver.o
                0x0820a1a4                get_opermode
 .text.sl_si91x_get_join_configuration
                0x0820a1b0       0x2c ./wiseconnect3_sdk_3.2.0/components/device/silabs/si91x/wireless/src/sl_si91x_driver.o
                0x0820a1b0                sl_si91x_get_join_configuration
 .text.sl_si91x_get_listen_interval
                0x0820a1dc        0xc ./wiseconnect3_sdk_3.2.0/components/device/silabs/si91x/wireless/src/sl_si91x_driver.o
                0x0820a1dc                sl_si91x_get_listen_interval
 .text.sl_si91x_configure_timeout
                0x0820a1e8       0x38 ./wiseconnect3_sdk_3.2.0/components/device/silabs/si91x/wireless/src/sl_si91x_driver.o
                0x0820a1e8                sl_si91x_configure_timeout
 .text.sl_si91x_driver_init_wifi_radio
                0x0820a220       0xc4 ./wiseconnect3_sdk_3.2.0/components/device/silabs/si91x/wireless/src/sl_si91x_driver.o
                0x0820a220                sl_si91x_driver_init_wifi_radio
 .text.sl_si91x_driver_init
                0x0820a2e4      0x240 ./wiseconnect3_sdk_3.2.0/components/device/silabs/si91x/wireless/src/sl_si91x_driver.o
                0x0820a2e4                sl_si91x_driver_init
 .text.sl_create_generic_rx_packet_from_params
                0x0820a524       0x70 ./wiseconnect3_sdk_3.2.0/components/device/silabs/si91x/wireless/threading/sli_si91x_multithreaded.o
                0x0820a524                sl_create_generic_rx_packet_from_params
 .text.handle_dhcp_and_rejoin_failure
                0x0820a594       0xc8 ./wiseconnect3_sdk_3.2.0/components/device/silabs/si91x/wireless/threading/sli_si91x_multithreaded.o
                0x0820a594                handle_dhcp_and_rejoin_failure
 .text.si91x_event_handler_thread
                0x0820a65c       0xf4 ./wiseconnect3_sdk_3.2.0/components/device/silabs/si91x/wireless/threading/sli_si91x_multithreaded.o
                0x0820a65c                si91x_event_handler_thread
 .text.si91x_bus_thread
                0x0820a750      0xcf0 ./wiseconnect3_sdk_3.2.0/components/device/silabs/si91x/wireless/threading/sli_si91x_multithreaded.o
                0x0820a750                si91x_bus_thread
 .text.get_configured_join_request
                0x0820b440      0x114 ./wiseconnect3_sdk_3.2.0/components/protocol/wifi/si91x/sl_wifi.o
 .text.sl_wifi_init
                0x0820b554       0x2e ./wiseconnect3_sdk_3.2.0/components/protocol/wifi/si91x/sl_wifi.o
                0x0820b554                sl_wifi_init
 .text.sl_wifi_set_mac_address
                0x0820b582       0x26 ./wiseconnect3_sdk_3.2.0/components/protocol/wifi/si91x/sl_wifi.o
                0x0820b582                sl_wifi_set_mac_address
 .text.sl_wifi_start_ap
                0x0820b5a8      0x1c0 ./wiseconnect3_sdk_3.2.0/components/protocol/wifi/si91x/sl_wifi.o
                0x0820b5a8                sl_wifi_start_ap
 .text.sl_wifi_is_interface_up
                0x0820b768       0x78 ./wiseconnect3_sdk_3.2.0/components/protocol/wifi/si91x/sl_wifi.o
                0x0820b768                sl_wifi_is_interface_up
 .text.sl_wifi_connect
                0x0820b7e0      0x328 ./wiseconnect3_sdk_3.2.0/components/protocol/wifi/si91x/sl_wifi.o
                0x0820b7e0                sl_wifi_connect
 .text.sl_wifi_get_mac_address
                0x0820bb08       0x90 ./wiseconnect3_sdk_3.2.0/components/protocol/wifi/si91x/sl_wifi.o
                0x0820bb08                sl_wifi_get_mac_address
 .text.get_event_group_from_event
                0x0820bb98       0xbc ./wiseconnect3_sdk_3.2.0/components/protocol/wifi/src/sl_wifi_callback_framework.o
 .text.sl_wifi_default_event_handler
                0x0820bc54      0x128 ./wiseconnect3_sdk_3.2.0/components/protocol/wifi/src/sl_wifi_callback_framework.o
                0x0820bc54                sl_wifi_default_event_handler
 .text.close    0x0820bd7c       0x16 ./wiseconnect3_sdk_3.2.0/components/service/bsd_socket/si91x_socket/sl_si91x_bsd_socket.o
                0x0820bd7c                close
 *fill*         0x0820bd92        0x2 
 .text.sl_net_wifi_client_init
                0x0820bd94       0x1c ./wiseconnect3_sdk_3.2.0/components/service/network_manager/si91x/sl_net_si91x.o
                0x0820bd94                sl_net_wifi_client_init
 .text.sl_net_wifi_client_up
                0x0820bdb0       0x36 ./wiseconnect3_sdk_3.2.0/components/service/network_manager/si91x/sl_net_si91x.o
                0x0820bdb0                sl_net_wifi_client_up
 .text.sl_net_wifi_ap_init
                0x0820bde6        0x4 ./wiseconnect3_sdk_3.2.0/components/service/network_manager/si91x/sl_net_si91x.o
                0x0820bde6                sl_net_wifi_ap_init
 .text.sl_net_wifi_ap_up
                0x0820bdea       0x30 ./wiseconnect3_sdk_3.2.0/components/service/network_manager/si91x/sl_net_si91x.o
                0x0820bdea                sl_net_wifi_ap_up
 *fill*         0x0820be1a        0x2 
 .text.sl_net_init
                0x0820be1c      0x10c ./wiseconnect3_sdk_3.2.0/components/service/network_manager/src/sl_net.o
                0x0820be1c                sl_net_init
 .text.sl_net_up
                0x0820bf28       0x18 ./wiseconnect3_sdk_3.2.0/components/service/network_manager/src/sl_net.o
                0x0820bf28                sl_net_up
 .text.sl_net_get_credential
                0x0820bf40       0x74 ./wiseconnect3_sdk_3.2.0/components/service/network_manager/src/sl_net_basic_credentials.o
                0x0820bf40                sl_net_get_credential
 .text.sl_net_set_profile
                0x0820bfb4       0x3c ./wiseconnect3_sdk_3.2.0/components/service/network_manager/src/sl_net_basic_profiles.o
                0x0820bfb4                sl_net_set_profile
 .text.sl_net_get_profile
                0x0820bff0       0x44 ./wiseconnect3_sdk_3.2.0/components/service/network_manager/src/sl_net_basic_profiles.o
                0x0820bff0                sl_net_get_profile
 .text          0x0820c034      0x378 c:/siliconlabs/simplicitystudio/v5/developer/toolchains/gnu_arm/12.2.rel1_2023.7/bin/../lib/gcc/arm-none-eabi/12.2.1/thumb/v7e-m+fp/softfp\libgcc.a(_arm_addsubdf3.o)
                0x0820c034                __aeabi_drsub
                0x0820c03c                __aeabi_dsub
                0x0820c03c                __subdf3
                0x0820c040                __aeabi_dadd
                0x0820c040                __adddf3
                0x0820c2b8                __floatunsidf
                0x0820c2b8                __aeabi_ui2d
                0x0820c2d8                __floatsidf
                0x0820c2d8                __aeabi_i2d
                0x0820c2fc                __aeabi_f2d
                0x0820c2fc                __extendsfdf2
                0x0820c340                __floatundidf
                0x0820c340                __aeabi_ul2d
                0x0820c350                __floatdidf
                0x0820c350                __aeabi_l2d
 .text          0x0820c3ac      0x424 c:/siliconlabs/simplicitystudio/v5/developer/toolchains/gnu_arm/12.2.rel1_2023.7/bin/../lib/gcc/arm-none-eabi/12.2.1/thumb/v7e-m+fp/softfp\libgcc.a(_arm_muldivdf3.o)
                0x0820c3ac                __aeabi_dmul
                0x0820c3ac                __muldf3
                0x0820c600                __divdf3
                0x0820c600                __aeabi_ddiv
 .text          0x0820c7d0       0x40 c:/siliconlabs/simplicitystudio/v5/developer/toolchains/gnu_arm/12.2.rel1_2023.7/bin/../lib/gcc/arm-none-eabi/12.2.1/thumb/v7e-m+fp/softfp\libgcc.a(_arm_fixunsdfsi.o)
                0x0820c7d0                __aeabi_d2uiz
                0x0820c7d0                __fixunsdfsi
 .text.__assert_func
                0x0820c810       0x3c c:/siliconlabs/simplicitystudio/v5/developer/toolchains/gnu_arm/12.2.rel1_2023.7/bin/../lib/gcc/arm-none-eabi/12.2.1/thumb/v7e-m+fp/softfp\libc_nano.a(libc_a-assert.o)
                0x0820c810                __assert_func
 .text.malloc   0x0820c84c       0x10 c:/siliconlabs/simplicitystudio/v5/developer/toolchains/gnu_arm/12.2.rel1_2023.7/bin/../lib/gcc/arm-none-eabi/12.2.1/thumb/v7e-m+fp/softfp\libc_nano.a(libc_a-malloc.o)
                0x0820c84c                malloc
 .text.free     0x0820c85c       0x10 c:/siliconlabs/simplicitystudio/v5/developer/toolchains/gnu_arm/12.2.rel1_2023.7/bin/../lib/gcc/arm-none-eabi/12.2.1/thumb/v7e-m+fp/softfp\libc_nano.a(libc_a-malloc.o)
                0x0820c85c                free
 .text.sbrk_aligned
                0x0820c86c       0x44 c:/siliconlabs/simplicitystudio/v5/developer/toolchains/gnu_arm/12.2.rel1_2023.7/bin/../lib/gcc/arm-none-eabi/12.2.1/thumb/v7e-m+fp/softfp\libc_nano.a(libc_a-mallocr.o)
 .text._malloc_r
                0x0820c8b0       0xf0 c:/siliconlabs/simplicitystudio/v5/developer/toolchains/gnu_arm/12.2.rel1_2023.7/bin/../lib/gcc/arm-none-eabi/12.2.1/thumb/v7e-m+fp/softfp\libc_nano.a(libc_a-mallocr.o)
                0x0820c8b0                _malloc_r
 .text.__malloc_lock
                0x0820c9a0        0xc c:/siliconlabs/simplicitystudio/v5/developer/toolchains/gnu_arm/12.2.rel1_2023.7/bin/../lib/gcc/arm-none-eabi/12.2.1/thumb/v7e-m+fp/softfp\libc_nano.a(libc_a-mlock.o)
                0x0820c9a0                __malloc_lock
 .text.__malloc_unlock
                0x0820c9ac        0xc c:/siliconlabs/simplicitystudio/v5/developer/toolchains/gnu_arm/12.2.rel1_2023.7/bin/../lib/gcc/arm-none-eabi/12.2.1/thumb/v7e-m+fp/softfp\libc_nano.a(libc_a-mlock.o)