Archive member included to satisfy reference by file (symbol)

c:/siliconlabs/simplicitystudio/v5/developer/toolchains/gnu_arm/12.2.rel1_2023.7/bin/../lib/gcc/arm-none-eabi/12.2.1/thumb/v7e-m+fp/softfp\libgcc.a(_arm_muldf3.o)
                              ./wiseconnect3_sdk_3.2.0/components/device/silabs/si91x/mcu/drivers/systemlevel/src/rsi_pll.o (__aeabi_dmul)
c:/siliconlabs/simplicitystudio/v5/developer/toolchains/gnu_arm/12.2.rel1_2023.7/bin/../lib/gcc/arm-none-eabi/12.2.1/thumb/v7e-m+fp/softfp\libgcc.a(_arm_addsubdf3.o)
                              ./wiseconnect3_sdk_3.2.0/components/device/silabs/si91x/mcu/drivers/systemlevel/src/rsi_pll.o (__aeabi_dsub)
c:/siliconlabs/simplicitystudio/v5/developer/toolchains/gnu_arm/12.2.rel1_2023.7/bin/../lib/gcc/arm-none-eabi/12.2.1/thumb/v7e-m+fp/softfp\libgcc.a(_arm_muldivdf3.o)
                              ./wiseconnect3_sdk_3.2.0/components/device/silabs/si91x/mcu/drivers/peripheral_drivers/src/clock_update.o (__aeabi_ddiv)
c:/siliconlabs/simplicitystudio/v5/developer/toolchains/gnu_arm/12.2.rel1_2023.7/bin/../lib/gcc/arm-none-eabi/12.2.1/thumb/v7e-m+fp/softfp\libgcc.a(_arm_fixunsdfsi.o)
                              ./wiseconnect3_sdk_3.2.0/components/device/silabs/si91x/mcu/drivers/peripheral_drivers/src/clock_update.o (__aeabi_d2uiz)
c:/siliconlabs/simplicitystudio/v5/developer/toolchains/gnu_arm/12.2.rel1_2023.7/bin/../lib/gcc/arm-none-eabi/12.2.1/thumb/v7e-m+fp/softfp\libc_nano.a(libc_a-assert.o)
                              ./wiseconnect3_sdk_3.2.0/components/device/silabs/si91x/wireless/src/sl_si91x_driver.o (__assert_func)
c:/siliconlabs/simplicitystudio/v5/developer/toolchains/gnu_arm/12.2.rel1_2023.7/bin/../lib/gcc/arm-none-eabi/12.2.1/thumb/v7e-m+fp/softfp\libc_nano.a(libc_a-exit.o)
                              c:/siliconlabs/simplicitystudio/v5/developer/toolchains/gnu_arm/12.2.rel1_2023.7/bin/../lib/gcc/arm-none-eabi/12.2.1/thumb/v7e-m+fp/softfp/crt0.o (exit)
c:/siliconlabs/simplicitystudio/v5/developer/toolchains/gnu_arm/12.2.rel1_2023.7/bin/../lib/gcc/arm-none-eabi/12.2.1/thumb/v7e-m+fp/softfp\libc_nano.a(libc_a-malloc.o)
                              ./wiseconnect3_sdk_3.2.0/components/device/silabs/si91x/wireless/firmware_upgrade/firmware_upgradation.o (malloc)
c:/siliconlabs/simplicitystudio/v5/developer/toolchains/gnu_arm/12.2.rel1_2023.7/bin/../lib/gcc/arm-none-eabi/12.2.1/thumb/v7e-m+fp/softfp\libc_nano.a(libc_a-mallocr.o)
                              c:/siliconlabs/simplicitystudio/v5/developer/toolchains/gnu_arm/12.2.rel1_2023.7/bin/../lib/gcc/arm-none-eabi/12.2.1/thumb/v7e-m+fp/softfp\libc_nano.a(libc_a-malloc.o) (_malloc_r)
c:/siliconlabs/simplicitystudio/v5/developer/toolchains/gnu_arm/12.2.rel1_2023.7/bin/../lib/gcc/arm-none-eabi/12.2.1/thumb/v7e-m+fp/softfp\libc_nano.a(libc_a-mlock.o)
                              c:/siliconlabs/simplicitystudio/v5/developer/toolchains/gnu_arm/12.2.rel1_2023.7/bin/../lib/gcc/arm-none-eabi/12.2.1/thumb/v7e-m+fp/softfp\libc_nano.a(libc_a-mallocr.o) (__malloc_lock)
c:/siliconlabs/simplicitystudio/v5/developer/toolchains/gnu_arm/12.2.rel1_2023.7/bin/../lib/gcc/arm-none-eabi/12.2.1/thumb/v7e-m+fp/softfp\libc_nano.a(libc_a-strtoul.o)
                              ./wiseconnect3_sdk_3.2.0/components/common/src/sl_utility.o (strtoul)
c:/siliconlabs/simplicitystudio/v5/developer/toolchains/gnu_arm/12.2.rel1_2023.7/bin/../lib/gcc/arm-none-eabi/12.2.1/thumb/v7e-m+fp/softfp\libc_nano.a(libc_a-ctype_.o)
                              ./gecko_sdk_4.4.3/platform/common/src/sl_string.o (_ctype_)
c:/siliconlabs/simplicitystudio/v5/developer/toolchains/gnu_arm/12.2.rel1_2023.7/bin/../lib/gcc/arm-none-eabi/12.2.1/thumb/v7e-m+fp/softfp\libc_nano.a(libc_a-nano-vfprintf_float.o)
                              (_printf_float)
c:/siliconlabs/simplicitystudio/v5/developer/toolchains/gnu_arm/12.2.rel1_2023.7/bin/../lib/gcc/arm-none-eabi/12.2.1/thumb/v7e-m+fp/softfp\libc_nano.a(libc_a-nano-vfprintf_i.o)
                              c:/siliconlabs/simplicitystudio/v5/developer/toolchains/gnu_arm/12.2.rel1_2023.7/bin/../lib/gcc/arm-none-eabi/12.2.1/thumb/v7e-m+fp/softfp\libc_nano.a(libc_a-nano-vfprintf_float.o) (_printf_common)
c:/siliconlabs/simplicitystudio/v5/developer/toolchains/gnu_arm/12.2.rel1_2023.7/bin/../lib/gcc/arm-none-eabi/12.2.1/thumb/v7e-m+fp/softfp\libc_nano.a(libc_a-findfp.o)
                              c:/siliconlabs/simplicitystudio/v5/developer/toolchains/gnu_arm/12.2.rel1_2023.7/bin/../lib/gcc/arm-none-eabi/12.2.1/thumb/v7e-m+fp/softfp\libc_nano.a(libc_a-exit.o) (__stdio_exit_handler)
c:/siliconlabs/simplicitystudio/v5/developer/toolchains/gnu_arm/12.2.rel1_2023.7/bin/../lib/gcc/arm-none-eabi/12.2.1/thumb/v7e-m+fp/softfp\libc_nano.a(libc_a-fprintf.o)
                              c:/siliconlabs/simplicitystudio/v5/developer/toolchains/gnu_arm/12.2.rel1_2023.7/bin/../lib/gcc/arm-none-eabi/12.2.1/thumb/v7e-m+fp/softfp\libc_nano.a(libc_a-assert.o) (fiprintf)
[...]
Memory Configuration

Name             Origin             Length             Attributes
rom              0x08202000         0x001fe000         xr
ram              0x0000000c         0x0002fbf4         xrw
udma0            0x0002fc00         0x00000400         xrw
udma1            0x24061c00         0x00000400         xrw
*default*        0x00000000         0xffffffff

Linker script and memory map

LOAD c:/siliconlabs/simplicitystudio/v5/developer/toolchains/gnu_arm/12.2.rel1_2023.7/bin/../lib/gcc/arm-none-eabi/12.2.1/thumb/v7e-m+fp/softfp/crti.o
LOAD c:/siliconlabs/simplicitystudio/v5/developer/toolchains/gnu_arm/12.2.rel1_2023.7/bin/../lib/gcc/arm-none-eabi/12.2.1/thumb/v7e-m+fp/softfp/crtbegin.o
LOAD c:/siliconlabs/simplicitystudio/v5/developer/toolchains/gnu_arm/12.2.rel1_2023.7/bin/../lib/gcc/arm-none-eabi/12.2.1/thumb/v7e-m+fp/softfp/crt0.o
START GROUP
LOAD ./autogen/sl_event_handler.o
LOAD ./gecko_sdk_4.4.3/platform/CMSIS/RTOS2/Source/os_systick.o
LOAD ./gecko_sdk_4.4.3/platform/common/src/sl_assert.o
LOAD ./gecko_sdk_4.4.3/platform/common/src/sl_slist.o
LOAD ./gecko_sdk_4.4.3/platform/common/src/sl_string.o
LOAD ./gecko_sdk_4.4.3/platform/common/src/sli_cmsis_os2_ext_task_register.o
LOAD ./gecko_sdk_4.4.3/platform/emlib/src/em_core.o
LOAD ./gecko_sdk_4.4.3/platform/service/mem_pool/src/sl_mem_pool.o
LOAD ./gecko_sdk_4.4.3/platform/service/system/src/sl_system_init.o
LOAD ./gecko_sdk_4.4.3/platform/service/system/src/sl_system_kernel.o
LOAD ./gecko_sdk_4.4.3/util/third_party/freertos/cmsis/Source/cmsis_os2.o
LOAD ./gecko_sdk_4.4.3/util/third_party/freertos/kernel/croutine.o
LOAD ./gecko_sdk_4.4.3/util/third_party/freertos/kernel/event_groups.o
LOAD ./gecko_sdk_4.4.3/util/third_party/freertos/kernel/list.o
LOAD ./gecko_sdk_4.4.3/util/third_party/freertos/kernel/queue.o
LOAD ./gecko_sdk_4.4.3/util/third_party/freertos/kernel/stream_buffer.o
LOAD ./gecko_sdk_4.4.3/util/third_party/freertos/kernel/tasks.o
LOAD ./gecko_sdk_4.4.3/util/third_party/freertos/kernel/timers.o
LOAD ./gecko_sdk_4.4.3/util/third_party/freertos/kernel/portable/GCC/ARM_CM4F/port.o
LOAD ./gecko_sdk_4.4.3/util/third_party/freertos/kernel/portable/MemMang/heap_4.o
LOAD ./main.o
LOAD ./socket_server_app.o
LOAD ./wiseconnect3_sdk_3.2.0/components/board/silabs/src/rsi_board.o
LOAD ./wiseconnect3_sdk_3.2.0/components/common/src/sl_utility.o
LOAD ./wiseconnect3_sdk_3.2.0/components/device/silabs/si91x/mcu/core/chip/src/iPMU_prog/iPMU_dotc/ipmu_apis.o
LOAD ./wiseconnect3_sdk_3.2.0/components/device/silabs/si91x/mcu/core/chip/src/iPMU_prog/iPMU_dotc/rsi_system_config_917.o
LOAD ./wiseconnect3_sdk_3.2.0/components/device/silabs/si91x/mcu/core/chip/src/rsi_deepsleep_soc.o
LOAD ./wiseconnect3_sdk_3.2.0/components/device/silabs/si91x/mcu/core/chip/src/rsi_ps_ram_func.o
LOAD ./wiseconnect3_sdk_3.2.0/components/device/silabs/si91x/mcu/core/chip/src/startup_si91x.o
LOAD ./wiseconnect3_sdk_3.2.0/components/device/silabs/si91x/mcu/core/chip/src/system_si91x.o
LOAD ./wiseconnect3_sdk_3.2.0/components/device/silabs/si91x/mcu/core/common/src/rsi_debug.o
LOAD ./wiseconnect3_sdk_3.2.0/components/device/silabs/si91x/mcu/core/common/src/sl_si91x_stack_object_declare.o
LOAD ./wiseconnect3_sdk_3.2.0/components/device/silabs/si91x/mcu/core/common/src/syscalls.o
LOAD ./wiseconnect3_sdk_3.2.0/components/device/silabs/si91x/mcu/core/config/src/rsi_nvic_priorities_config.o
LOAD ./wiseconnect3_sdk_3.2.0/components/device/silabs/si91x/mcu/drivers/cmsis_driver/GSPI.o
LOAD ./wiseconnect3_sdk_3.2.0/components/device/silabs/si91x/mcu/drivers/cmsis_driver/UDMA.o
LOAD ./wiseconnect3_sdk_3.2.0/components/device/silabs/si91x/mcu/drivers/cmsis_driver/USART.o
LOAD ./wiseconnect3_sdk_3.2.0/components/device/silabs/si91x/mcu/drivers/peripheral_drivers/src/clock_update.o
LOAD ./wiseconnect3_sdk_3.2.0/components/device/silabs/si91x/mcu/drivers/peripheral_drivers/src/rsi_crc.o
LOAD ./wiseconnect3_sdk_3.2.0/components/device/silabs/si91x/mcu/drivers/peripheral_drivers/src/rsi_egpio.o
LOAD ./wiseconnect3_sdk_3.2.0/components/device/silabs/si91x/mcu/drivers/peripheral_drivers/src/rsi_gspi.o
LOAD ./wiseconnect3_sdk_3.2.0/components/device/silabs/si91x/mcu/drivers/peripheral_drivers/src/rsi_timers.o
LOAD ./wiseconnect3_sdk_3.2.0/components/device/silabs/si91x/mcu/drivers/peripheral_drivers/src/rsi_udma.o
LOAD ./wiseconnect3_sdk_3.2.0/components/device/silabs/si91x/mcu/drivers/peripheral_drivers/src/rsi_udma_wrapper.o
LOAD ./wiseconnect3_sdk_3.2.0/components/device/silabs/si91x/mcu/drivers/peripheral_drivers/src/rsi_usart.o
LOAD ./wiseconnect3_sdk_3.2.0/components/device/silabs/si91x/mcu/drivers/systemlevel/src/rsi_ipmu.o
LOAD ./wiseconnect3_sdk_3.2.0/components/device/silabs/si91x/mcu/drivers/systemlevel/src/rsi_pll.o
LOAD ./wiseconnect3_sdk_3.2.0/components/device/silabs/si91x/mcu/drivers/systemlevel/src/rsi_power_save.o
LOAD ./wiseconnect3_sdk_3.2.0/components/device/silabs/si91x/mcu/drivers/systemlevel/src/rsi_rtc.o
LOAD ./wiseconnect3_sdk_3.2.0/components/device/silabs/si91x/mcu/drivers/systemlevel/src/rsi_temp_sensor.o
LOAD ./wiseconnect3_sdk_3.2.0/components/device/silabs/si91x/mcu/drivers/systemlevel/src/rsi_time_period.o
LOAD ./wiseconnect3_sdk_3.2.0/components/device/silabs/si91x/mcu/drivers/systemlevel/src/rsi_ulpss_clk.o
LOAD ./wiseconnect3_sdk_3.2.0/components/device/silabs/si91x/mcu/drivers/systemlevel/src/rsi_wwdt.o
LOAD ./wiseconnect3_sdk_3.2.0/components/device/silabs/si91x/mcu/drivers/unified_api/src/sl_si91x_dma.o
LOAD ./wiseconnect3_sdk_3.2.0/components/device/silabs/si91x/mcu/drivers/unified_api/src/sl_si91x_gspi.o
LOAD ./wiseconnect3_sdk_3.2.0/components/device/silabs/si91x/wireless/ahb_interface/src/rsi_hal_mcu_m4_ram.o
LOAD ./wiseconnect3_sdk_3.2.0/components/device/silabs/si91x/wireless/ahb_interface/src/rsi_hal_mcu_m4_rom.o
LOAD ./wiseconnect3_sdk_3.2.0/components/device/silabs/si91x/wireless/ahb_interface/src/sl_platform.o
LOAD ./wiseconnect3_sdk_3.2.0/components/device/silabs/si91x/wireless/ahb_interface/src/sl_platform_wireless.o
LOAD ./wiseconnect3_sdk_3.2.0/components/device/silabs/si91x/wireless/ahb_interface/src/sl_si91x_bus.o
LOAD ./wiseconnect3_sdk_3.2.0/components/device/silabs/si91x/wireless/ahb_interface/src/sl_si91x_timer.o
LOAD ./wiseconnect3_sdk_3.2.0/components/device/silabs/si91x/wireless/ahb_interface/src/sli_siwx917_soc.o
LOAD ./wiseconnect3_sdk_3.2.0/components/device/silabs/si91x/wireless/asynchronous_socket/src/sl_si91x_socket.o
LOAD ./wiseconnect3_sdk_3.2.0/components/device/silabs/si91x/wireless/errno/src/sl_si91x_errno.o
LOAD ./wiseconnect3_sdk_3.2.0/components/device/silabs/si91x/wireless/firmware_upgrade/firmware_upgradation.o
LOAD ./wiseconnect3_sdk_3.2.0/components/device/silabs/si91x/wireless/host_mcu/si91x/siwx917_soc_ncp_host.o
LOAD ./wiseconnect3_sdk_3.2.0/components/device/silabs/si91x/wireless/icmp/sl_net_ping.o
LOAD ./wiseconnect3_sdk_3.2.0/components/device/silabs/si91x/wireless/memory/mem_pool_buffer_quota.o
LOAD ./wiseconnect3_sdk_3.2.0/components/device/silabs/si91x/wireless/sl_net/src/sl_net_rsi_utility.o
LOAD ./wiseconnect3_sdk_3.2.0/components/device/silabs/si91x/wireless/sl_net/src/sl_net_si91x_integration_handler.o
LOAD ./wiseconnect3_sdk_3.2.0/components/device/silabs/si91x/wireless/sl_net/src/sl_si91x_net_credentials.o
LOAD ./wiseconnect3_sdk_3.2.0/components/device/silabs/si91x/wireless/sl_net/src/sl_si91x_net_internal_stack.o
LOAD ./wiseconnect3_sdk_3.2.0/components/device/silabs/si91x/wireless/socket/src/sl_si91x_socket_utility.o
LOAD ./wiseconnect3_sdk_3.2.0/components/device/silabs/si91x/wireless/src/sl_rsi_utility.o
LOAD ./wiseconnect3_sdk_3.2.0/components/device/silabs/si91x/wireless/src/sl_si91x_callback_framework.o
LOAD ./wiseconnect3_sdk_3.2.0/components/device/silabs/si91x/wireless/src/sl_si91x_driver.o
LOAD ./wiseconnect3_sdk_3.2.0/components/device/silabs/si91x/wireless/threading/sli_si91x_multithreaded.o
LOAD ./wiseconnect3_sdk_3.2.0/components/protocol/wifi/si91x/sl_wifi.o
LOAD ./wiseconnect3_sdk_3.2.0/components/protocol/wifi/src/sl_wifi_callback_framework.o
LOAD ./wiseconnect3_sdk_3.2.0/components/service/bsd_socket/si91x_socket/sl_si91x_bsd_socket.o
LOAD ./wiseconnect3_sdk_3.2.0/components/service/network_manager/si91x/sl_net_si91x.o
LOAD ./wiseconnect3_sdk_3.2.0/components/service/network_manager/src/sl_net.o
LOAD ./wiseconnect3_sdk_3.2.0/components/service/network_manager/src/sl_net_basic_certificate_store.o
LOAD ./wiseconnect3_sdk_3.2.0/components/service/network_manager/src/sl_net_basic_credentials.o
LOAD ./wiseconnect3_sdk_3.2.0/components/service/network_manager/src/sl_net_basic_profiles.o
LOAD c:/siliconlabs/simplicitystudio/v5/developer/toolchains/gnu_arm/12.2.rel1_2023.7/bin/../lib/gcc/arm-none-eabi/12.2.1/thumb/v7e-m+fp/softfp\libgcc.a
LOAD c:/siliconlabs/simplicitystudio/v5/developer/toolchains/gnu_arm/12.2.rel1_2023.7/bin/../lib/gcc/arm-none-eabi/12.2.1/thumb/v7e-m+fp/softfp\libnosys.a
LOAD c:/siliconlabs/simplicitystudio/v5/developer/toolchains/gnu_arm/12.2.rel1_2023.7/bin/../lib/gcc/arm-none-eabi/12.2.1/thumb/v7e-m+fp/softfp\libc_nano.a
LOAD c:/siliconlabs/simplicitystudio/v5/developer/toolchains/gnu_arm/12.2.rel1_2023.7/bin/../lib/gcc/arm-none-eabi/12.2.1/thumb/v7e-m+fp/softfp\libm.a
END GROUP
START GROUP
LOAD c:/siliconlabs/simplicitystudio/v5/developer/toolchains/gnu_arm/12.2.rel1_2023.7/bin/../lib/gcc/arm-none-eabi/12.2.1/thumb/v7e-m+fp/softfp\libgcc.a
LOAD c:/siliconlabs/simplicitystudio/v5/developer/toolchains/gnu_arm/12.2.rel1_2023.7/bin/../lib/gcc/arm-none-eabi/12.2.1/thumb/v7e-m+fp/softfp\libc_nano.a
LOAD c:/siliconlabs/simplicitystudio/v5/developer/toolchains/gnu_arm/12.2.rel1_2023.7/bin/../lib/gcc/arm-none-eabi/12.2.1/thumb/v7e-m+fp/softfp\libnosys.a
END GROUP
START GROUP
LOAD c:/siliconlabs/simplicitystudio/v5/developer/toolchains/gnu_arm/12.2.rel1_2023.7/bin/../lib/gcc/arm-none-eabi/12.2.1/thumb/v7e-m+fp/softfp\libgcc.a
LOAD c:/siliconlabs/simplicitystudio/v5/developer/toolchains/gnu_arm/12.2.rel1_2023.7/bin/../lib/gcc/arm-none-eabi/12.2.1/thumb/v7e-m+fp/softfp\libg_nano.a
LOAD c:/siliconlabs/simplicitystudio/v5/developer/toolchains/gnu_arm/12.2.rel1_2023.7/bin/../lib/gcc/arm-none-eabi/12.2.1/thumb/v7e-m+fp/softfp\libc_nano.a
END GROUP
START GROUP
LOAD c:/siliconlabs/simplicitystudio/v5/developer/toolchains/gnu_arm/12.2.rel1_2023.7/bin/../lib/gcc/arm-none-eabi/12.2.1/thumb/v7e-m+fp/softfp\libgcc.a
LOAD c:/siliconlabs/simplicitystudio/v5/developer/toolchains/gnu_arm/12.2.rel1_2023.7/bin/../lib/gcc/arm-none-eabi/12.2.1/thumb/v7e-m+fp/softfp\libc_nano.a
END GROUP
LOAD c:/siliconlabs/simplicitystudio/v5/developer/toolchains/gnu_arm/12.2.rel1_2023.7/bin/../lib/gcc/arm-none-eabi/12.2.1/thumb/v7e-m+fp/softfp/crtend.o
LOAD c:/siliconlabs/simplicitystudio/v5/developer/toolchains/gnu_arm/12.2.rel1_2023.7/bin/../lib/gcc/arm-none-eabi/12.2.1/thumb/v7e-m+fp/softfp/crtn.o

.text           0x08202000     0xfc03
 *(.isr_vector)
 .isr_vector    0x08202000      0x16c ./wiseconnect3_sdk_3.2.0/components/device/silabs/si91x/mcu/core/chip/src/startup_si91x.o
                0x08202000                __Vectors
 *(.text*)
 .text.deregister_tm_clones
                0x0820216c       0x1c c:/siliconlabs/simplicitystudio/v5/developer/toolchains/gnu_arm/12.2.rel1_2023.7/bin/../lib/gcc/arm-none-eabi/12.2.1/thumb/v7e-m+fp/softfp/crtbegin.o
 .text.register_tm_clones
                0x08202188       0x24 c:/siliconlabs/simplicitystudio/v5/developer/toolchains/gnu_arm/12.2.rel1_2023.7/bin/../lib/gcc/arm-none-eabi/12.2.1/thumb/v7e-m+fp/softfp/crtbegin.o
 .text.__do_global_dtors_aux
                0x082021ac       0x28 c:/siliconlabs/simplicitystudio/v5/developer/toolchains/gnu_arm/12.2.rel1_2023.7/bin/../lib/gcc/arm-none-eabi/12.2.1/thumb/v7e-m+fp/softfp/crtbegin.o
 .text.frame_dummy
                0x082021d4       0x24 c:/siliconlabs/simplicitystudio/v5/developer/toolchains/gnu_arm/12.2.rel1_2023.7/bin/../lib/gcc/arm-none-eabi/12.2.1/thumb/v7e-m+fp/softfp/crtbegin.o
 .text.sl_platform_init
                0x082021f8       0x1e ./autogen/sl_event_handler.o
                0x082021f8                sl_platform_init
 .text.sl_kernel_start
                0x08202216        0x4 ./autogen/sl_event_handler.o
                0x08202216                sl_kernel_start
 .text.sl_driver_init
                0x0820221a        0x2 ./autogen/sl_event_handler.o
                0x0820221a                sl_driver_init
 .text.sl_service_init
                0x0820221c        0x2 ./autogen/sl_event_handler.o
                0x0820221c                sl_service_init
 .text.sl_stack_init
                0x0820221e        0x2 ./autogen/sl_event_handler.o
                0x0820221e                sl_stack_init
 .text.sl_internal_app_init
                0x08202220        0x2 ./autogen/sl_event_handler.o
                0x08202220                sl_internal_app_init
 .text.sli_osTaskRegisterSetValue
                0x08202222        0xa ./gecko_sdk_4.4.3/platform/common/src/sli_cmsis_os2_ext_task_register.o
                0x08202222                sli_osTaskRegisterSetValue
 .text.CORE_EnterCritical
                0x0820222c        0x8 ./gecko_sdk_4.4.3/platform/emlib/src/em_core.o
                0x0820222c                CORE_EnterCritical
 .text.CORE_ExitCritical
                0x08202234        0x6 ./gecko_sdk_4.4.3/platform/emlib/src/em_core.o
                0x08202234                CORE_ExitCritical
 .text.CORE_EnterAtomic
                0x0820223a        0x8 ./gecko_sdk_4.4.3/platform/emlib/src/em_core.o
                0x0820223a                CORE_EnterAtomic
 .text.CORE_ExitAtomic
                0x08202242        0x4 ./gecko_sdk_4.4.3/platform/emlib/src/em_core.o
                0x08202242                CORE_ExitAtomic
 .text.sli_mem_pool_create
                0x08202246       0x3c ./gecko_sdk_4.4.3/platform/service/mem_pool/src/sl_mem_pool.o
                0x08202246                sli_mem_pool_create
 .text.sli_mem_pool_alloc
                0x08202282       0x24 ./gecko_sdk_4.4.3/platform/service/mem_pool/src/sl_mem_pool.o
                0x08202282                sli_mem_pool_alloc
 .text.sli_mem_pool_free
                0x082022a6       0x18 ./gecko_sdk_4.4.3/platform/service/mem_pool/src/sl_mem_pool.o
                0x082022a6                sli_mem_pool_free
 .text.sl_system_init
                0x082022be       0x1a ./gecko_sdk_4.4.3/platform/service/system/src/sl_system_init.o
                0x082022be                sl_system_init
 .text.sl_system_kernel_start
                0x082022d8        0x4 ./gecko_sdk_4.4.3/platform/service/system/src/sl_system_kernel.o
                0x082022d8                sl_system_kernel_start
 .text.SysTick_Handler
                0x082022dc       0x1a ./gecko_sdk_4.4.3/util/third_party/freertos/cmsis/Source/cmsis_os2.o
                0x082022dc                SysTick_Handler
 *fill*         0x082022f6        0x2 
 .text.osKernelInitialize
                0x082022f8       0x34 ./gecko_sdk_4.4.3/util/third_party/freertos/cmsis/Source/cmsis_os2.o
                0x082022f8                osKernelInitialize
 .text.osKernelStart
                0x0820232c       0x48 ./gecko_sdk_4.4.3/util/third_party/freertos/cmsis/Source/cmsis_os2.o
                0x0820232c                osKernelStart
 .text.osKernelGetTickCount
                0x08202374       0x28 ./gecko_sdk_4.4.3/util/third_party/freertos/cmsis/Source/cmsis_os2.o
                0x08202374                osKernelGetTickCount
 .text.osThreadNew
                0x0820239c       0xa8 ./gecko_sdk_4.4.3/util/third_party/freertos/cmsis/Source/cmsis_os2.o
                0x0820239c                osThreadNew
 .text.osThreadYield
                0x08202444       0x3c ./gecko_sdk_4.4.3/util/third_party/freertos/cmsis/Source/cmsis_os2.o
                0x08202444                osThreadYield
 .text.osDelay  0x08202480       0x30 ./gecko_sdk_4.4.3/util/third_party/freertos/cmsis/Source/cmsis_os2.o
                0x08202480                osDelay
 .text.osEventFlagsNew
                0x082024b0       0x3c ./gecko_sdk_4.4.3/util/third_party/freertos/cmsis/Source/cmsis_os2.o
                0x082024b0                osEventFlagsNew
 .text.osEventFlagsSet
                0x082024ec       0x70 ./gecko_sdk_4.4.3/util/third_party/freertos/cmsis/Source/cmsis_os2.o
                0x082024ec                osEventFlagsSet
 .text.osEventFlagsClear
                0x0820255c       0x5c ./gecko_sdk_4.4.3/util/third_party/freertos/cmsis/Source/cmsis_os2.o
                0x0820255c                osEventFlagsClear
 .text.osEventFlagsWait
                0x082025b8       0x70 ./gecko_sdk_4.4.3/util/third_party/freertos/cmsis/Source/cmsis_os2.o
                0x082025b8                osEventFlagsWait
 .text.osMutexNew
                0x08202628       0x94 ./gecko_sdk_4.4.3/util/third_party/freertos/cmsis/Source/cmsis_os2.o
                0x08202628                osMutexNew
 .text.osMutexAcquire
                0x082026bc       0x60 ./gecko_sdk_4.4.3/util/third_party/freertos/cmsis/Source/cmsis_os2.o
                0x082026bc                osMutexAcquire
 .text.osMutexRelease
                0x0820271c       0x58 ./gecko_sdk_4.4.3/util/third_party/freertos/cmsis/Source/cmsis_os2.o
                0x0820271c                osMutexRelease
 .text.vApplicationGetIdleTaskMemory
                0x08202774       0x18 ./gecko_sdk_4.4.3/util/third_party/freertos/cmsis/Source/cmsis_os2.o
                0x08202774                vApplicationGetIdleTaskMemory
 .text.vApplicationGetTimerTaskMemory
                0x0820278c       0x18 ./gecko_sdk_4.4.3/util/third_party/freertos/cmsis/Source/cmsis_os2.o
                0x0820278c                vApplicationGetTimerTaskMemory
 .text.xEventGroupCreateStatic
                0x082027a4       0x48 ./gecko_sdk_4.4.3/util/third_party/freertos/kernel/event_groups.o
                0x082027a4                xEventGroupCreateStatic
 .text.xEventGroupCreate
                0x082027ec       0x1c ./gecko_sdk_4.4.3/util/third_party/freertos/kernel/event_groups.o
                0x082027ec                xEventGroupCreate
 .text.xEventGroupWaitBits
                0x08202808      0x130 ./gecko_sdk_4.4.3/util/third_party/freertos/kernel/event_groups.o
                0x08202808                xEventGroupWaitBits
 .text.xEventGroupClearBits
                0x08202938       0x46 ./gecko_sdk_4.4.3/util/third_party/freertos/kernel/event_groups.o
                0x08202938                xEventGroupClearBits
 .text.vEventGroupClearBitsCallback
                0x0820297e        0x4 ./gecko_sdk_4.4.3/util/third_party/freertos/kernel/event_groups.o
                0x0820297e                vEventGroupClearBitsCallback
 *fill*         0x08202982        0x2 
 .text.xEventGroupClearBitsFromISR
                0x08202984       0x10 ./gecko_sdk_4.4.3/util/third_party/freertos/kernel/event_groups.o
                0x08202984                xEventGroupClearBitsFromISR
 .text.xEventGroupGetBitsFromISR
                0x08202994       0x1c ./gecko_sdk_4.4.3/util/third_party/freertos/kernel/event_groups.o
                0x08202994                xEventGroupGetBitsFromISR
 .text.xEventGroupSetBits
                0x082029b0       0x88 ./gecko_sdk_4.4.3/util/third_party/freertos/kernel/event_groups.o
                0x082029b0                xEventGroupSetBits
 .text.vEventGroupSetBitsCallback
                0x08202a38        0x4 ./gecko_sdk_4.4.3/util/third_party/freertos/kernel/event_groups.o
                0x08202a38                vEventGroupSetBitsCallback
 .text.xEventGroupSetBitsFromISR
                0x08202a3c       0x10 ./gecko_sdk_4.4.3/util/third_party/freertos/kernel/event_groups.o
                0x08202a3c                xEventGroupSetBitsFromISR
 .text.vListInitialise
                0x08202a4c       0x16 ./gecko_sdk_4.4.3/util/third_party/freertos/kernel/list.o
                0x08202a4c                vListInitialise
 .text.vListInitialiseItem
                0x08202a62        0x6 ./gecko_sdk_4.4.3/util/third_party/freertos/kernel/list.o
                0x08202a62                vListInitialiseItem
 .text.vListInsertEnd
                0x08202a68       0x16 ./gecko_sdk_4.4.3/util/third_party/freertos/kernel/list.o
                0x08202a68                vListInsertEnd
 .text.vListInsert
                0x08202a7e       0x2e ./gecko_sdk_4.4.3/util/third_party/freertos/kernel/list.o
                0x08202a7e                vListInsert
 .text.uxListRemove
                0x08202aac       0x20 ./gecko_sdk_4.4.3/util/third_party/freertos/kernel/list.o
                0x08202aac                uxListRemove
 .text.prvIsQueueEmpty
                0x08202acc       0x16 ./gecko_sdk_4.4.3/util/third_party/freertos/kernel/queue.o
 .text.prvCopyDataToQueue
                0x08202ae2       0x66 ./gecko_sdk_4.4.3/util/third_party/freertos/kernel/queue.o
 .text.prvCopyDataFromQueue
                0x08202b48       0x2c ./gecko_sdk_4.4.3/util/third_party/freertos/kernel/queue.o
 .text.prvUnlockQueue
                0x08202b74       0x70 ./gecko_sdk_4.4.3/util/third_party/freertos/kernel/queue.o
 .text.xQueueGenericReset
                0x08202be4       0x7e ./gecko_sdk_4.4.3/util/third_party/freertos/kernel/queue.o
                0x08202be4                xQueueGenericReset
 .text.xQueueGenericCreate.part.0
                0x08202c62       0x7a ./gecko_sdk_4.4.3/util/third_party/freertos/kernel/queue.o
 .text.xQueueGenericCreateStatic
                0x08202cdc       0xa6 ./gecko_sdk_4.4.3/util/third_party/freertos/kernel/queue.o
                0x08202cdc                xQueueGenericCreateStatic
 .text.xQueueGenericSend
                0x08202d82      0x178 ./gecko_sdk_4.4.3/util/third_party/freertos/kernel/queue.o
                0x08202d82                xQueueGenericSend
 .text.xQueueCreateMutexStatic
                0x08202efa       0x2a ./gecko_sdk_4.4.3/util/third_party/freertos/kernel/queue.o
                0x08202efa                xQueueCreateMutexStatic
 .text.xQueueGiveMutexRecursive
                0x08202f24       0x3e ./gecko_sdk_4.4.3/util/third_party/freertos/kernel/queue.o
                0x08202f24                xQueueGiveMutexRecursive
 .text.xQueueCreateMutex
                0x08202f62       0x24 ./gecko_sdk_4.4.3/util/third_party/freertos/kernel/queue.o
                0x08202f62                xQueueCreateMutex
 .text.xQueueGenericSendFromISR
                0x08202f86       0xd0 ./gecko_sdk_4.4.3/util/third_party/freertos/kernel/queue.o
                0x08202f86                xQueueGenericSendFromISR
 .text.xQueueReceive
                0x08203056      0x13e ./gecko_sdk_4.4.3/util/third_party/freertos/kernel/queue.o
                0x08203056                xQueueReceive
 .text.xQueueSemaphoreTake
                0x08203194      0x17a ./gecko_sdk_4.4.3/util/third_party/freertos/kernel/queue.o
                0x08203194                xQueueSemaphoreTake
 .text.xQueueTakeMutexRecursive
                0x0820330e       0x42 ./gecko_sdk_4.4.3/util/third_party/freertos/kernel/queue.o
                0x0820330e                xQueueTakeMutexRecursive
 .text.vQueueAddToRegistry
                0x08203350       0x24 ./gecko_sdk_4.4.3/util/third_party/freertos/kernel/queue.o
                0x08203350                vQueueAddToRegistry
 .text.vQueueWaitForMessageRestricted
                0x08203374       0x46 ./gecko_sdk_4.4.3/util/third_party/freertos/kernel/queue.o
                0x08203374                vQueueWaitForMessageRestricted
 *fill*         0x082033ba        0x2 
 .text.prvAddNewTaskToReadyList
                0x082033bc      0x100 ./gecko_sdk_4.4.3/util/third_party/freertos/kernel/tasks.o
 .text.prvAddCurrentTaskToDelayedList
                0x082034bc       0x78 ./gecko_sdk_4.4.3/util/third_party/freertos/kernel/tasks.o
 .text.prvResetNextTaskUnblockTime
                0x08203534       0x24 ./gecko_sdk_4.4.3/util/third_party/freertos/kernel/tasks.o
 .text.prvDeleteTCB
                0x08203558       0x36 ./gecko_sdk_4.4.3/util/third_party/freertos/kernel/tasks.o
 *fill*         0x0820358e        0x2 
 .text.prvIdleTask
                0x08203590       0x60 ./gecko_sdk_4.4.3/util/third_party/freertos/kernel/tasks.o
 .text.prvInitialiseNewTask.constprop.0
                0x082035f0       0xb0 ./gecko_sdk_4.4.3/util/third_party/freertos/kernel/tasks.o
 .text.xTaskCreateStatic
                0x082036a0       0x70 ./gecko_sdk_4.4.3/util/third_party/freertos/kernel/tasks.o
                0x082036a0                xTaskCreateStatic
 .text.xTaskCreate
                0x08203710       0x5c ./gecko_sdk_4.4.3/util/third_party/freertos/kernel/tasks.o
                0x08203710                xTaskCreate
 .text.vTaskStartScheduler
                0x0820376c       0x90 ./gecko_sdk_4.4.3/util/third_party/freertos/kernel/tasks.o
                0x0820376c                vTaskStartScheduler
 .text.vTaskSuspendAll
                0x082037fc       0x10 ./gecko_sdk_4.4.3/util/third_party/freertos/kernel/tasks.o
                0x082037fc                vTaskSuspendAll
 .text.xTaskGetTickCount
                0x0820380c        0xc ./gecko_sdk_4.4.3/util/third_party/freertos/kernel/tasks.o
                0x0820380c                xTaskGetTickCount
 .text.xTaskGetTickCountFromISR
                0x08203818       0x10 ./gecko_sdk_4.4.3/util/third_party/freertos/kernel/tasks.o
                0x08203818                xTaskGetTickCountFromISR
 .text.xTaskIncrementTick
                0x08203828      0x12c ./gecko_sdk_4.4.3/util/third_party/freertos/kernel/tasks.o
                0x08203828                xTaskIncrementTick
 .text.xTaskResumeAll
                0x08203954       0xe8 ./gecko_sdk_4.4.3/util/third_party/freertos/kernel/tasks.o
                0x08203954                xTaskResumeAll
 .text.vTaskDelay
                0x08203a3c       0x48 ./gecko_sdk_4.4.3/util/third_party/freertos/kernel/tasks.o
                0x08203a3c                vTaskDelay
 .text.vTaskSwitchContext
                0x08203a84       0x88 ./gecko_sdk_4.4.3/util/third_party/freertos/kernel/tasks.o
                0x08203a84                vTaskSwitchContext
 .text.vTaskPlaceOnEventList
                0x08203b0c       0x34 ./gecko_sdk_4.4.3/util/third_party/freertos/kernel/tasks.o
                0x08203b0c                vTaskPlaceOnEventList
 .text.vTaskPlaceOnUnorderedEventList
                0x08203b40       0x58 ./gecko_sdk_4.4.3/util/third_party/freertos/kernel/tasks.o
                0x08203b40                vTaskPlaceOnUnorderedEventList
 .text.vTaskPlaceOnEventListRestricted
                0x08203b98       0x3c ./gecko_sdk_4.4.3/util/third_party/freertos/kernel/tasks.o
                0x08203b98                vTaskPlaceOnEventListRestricted
 .text.xTaskRemoveFromEventList
                0x08203bd4       0x80 ./gecko_sdk_4.4.3/util/third_party/freertos/kernel/tasks.o
                0x08203bd4                xTaskRemoveFromEventList
 .text.vTaskRemoveFromUnorderedEventList
                0x08203c54       0x84 ./gecko_sdk_4.4.3/util/third_party/freertos/kernel/tasks.o
                0x08203c54                vTaskRemoveFromUnorderedEventList
 .text.vTaskInternalSetTimeOutState
                0x08203cd8       0x18 ./gecko_sdk_4.4.3/util/third_party/freertos/kernel/tasks.o
                0x08203cd8                vTaskInternalSetTimeOutState
 .text.xTaskCheckForTimeOut
                0x08203cf0       0x90 ./gecko_sdk_4.4.3/util/third_party/freertos/kernel/tasks.o
                0x08203cf0                xTaskCheckForTimeOut
 .text.vTaskMissedYield
                0x08203d80        0xc ./gecko_sdk_4.4.3/util/third_party/freertos/kernel/tasks.o
                0x08203d80                vTaskMissedYield
 .text.vTaskSetThreadLocalStoragePointer
                0x08203d8c       0x2c ./gecko_sdk_4.4.3/util/third_party/freertos/kernel/tasks.o
                0x08203d8c                vTaskSetThreadLocalStoragePointer
 .text.xTaskGetCurrentTaskHandle
                0x08203db8        0xc ./gecko_sdk_4.4.3/util/third_party/freertos/kernel/tasks.o
                0x08203db8                xTaskGetCurrentTaskHandle
 .text.xTaskGetSchedulerState
                0x08203dc4       0x20 ./gecko_sdk_4.4.3/util/third_party/freertos/kernel/tasks.o
                0x08203dc4                xTaskGetSchedulerState
 .text.xTaskPriorityInherit
                0x08203de4       0x7c ./gecko_sdk_4.4.3/util/third_party/freertos/kernel/tasks.o
                0x08203de4                xTaskPriorityInherit
 .text.xTaskPriorityDisinherit
                0x08203e60       0x84 ./gecko_sdk_4.4.3/util/third_party/freertos/kernel/tasks.o
                0x08203e60                xTaskPriorityDisinherit
 .text.vTaskPriorityDisinheritAfterTimeout
                0x08203ee4       0x9c ./gecko_sdk_4.4.3/util/third_party/freertos/kernel/tasks.o
                0x08203ee4                vTaskPriorityDisinheritAfterTimeout
 .text.uxTaskResetEventItemValue
                0x08203f80       0x18 ./gecko_sdk_4.4.3/util/third_party/freertos/kernel/tasks.o
                0x08203f80                uxTaskResetEventItemValue
 .text.pvTaskIncrementMutexHeldCount
                0x08203f98       0x18 ./gecko_sdk_4.4.3/util/third_party/freertos/kernel/tasks.o
                0x08203f98                pvTaskIncrementMutexHeldCount
 .text.prvInsertTimerInActiveList
                0x08203fb0       0x3c ./gecko_sdk_4.4.3/util/third_party/freertos/kernel/timers.o
 .text.prvCheckForValidListAndQueue
                0x08203fec       0x68 ./gecko_sdk_4.4.3/util/third_party/freertos/kernel/timers.o
 .text.xTimerCreateTimerTask
                0x08204054       0x64 ./gecko_sdk_4.4.3/util/third_party/freertos/kernel/timers.o
                0x08204054                xTimerCreateTimerTask
 .text.xTimerGenericCommand
                0x082040b8       0x58 ./gecko_sdk_4.4.3/util/third_party/freertos/kernel/timers.o
                0x082040b8                xTimerGenericCommand
 .text.prvSampleTimeNow
                0x08204110       0xa4 ./gecko_sdk_4.4.3/util/third_party/freertos/kernel/timers.o
 .text.prvTimerTask
                0x082041b4      0x1cc ./gecko_sdk_4.4.3/util/third_party/freertos/kernel/timers.o
 .text.xTimerPendFunctionCallFromISR
                0x08204380       0x28 ./gecko_sdk_4.4.3/util/third_party/freertos/kernel/timers.o
                0x08204380                xTimerPendFunctionCallFromISR
 .text.prvPortStartFirstTask
                0x082043a8       0x28 ./gecko_sdk_4.4.3/util/third_party/freertos/kernel/portable/GCC/ARM_CM4F/port.o
 .text.vPortEnableVFP
                0x082043d0       0x14 ./gecko_sdk_4.4.3/util/third_party/freertos/kernel/portable/GCC/ARM_CM4F/port.o
 .text.prvTaskExitError
                0x082043e4       0x40 ./gecko_sdk_4.4.3/util/third_party/freertos/kernel/portable/GCC/ARM_CM4F/port.o
 .text.pxPortInitialiseStack
                0x08204424       0x2c ./gecko_sdk_4.4.3/util/third_party/freertos/kernel/portable/GCC/ARM_CM4F/port.o
                0x08204424                pxPortInitialiseStack
 .text.SVC_Handler
                0x08204450       0x24 ./gecko_sdk_4.4.3/util/third_party/freertos/kernel/portable/GCC/ARM_CM4F/port.o
                0x08204450                SVC_Handler
 .text.vPortEnterCritical
                0x08204474       0x40 ./gecko_sdk_4.4.3/util/third_party/freertos/kernel/portable/GCC/ARM_CM4F/port.o
                0x08204474                vPortEnterCritical
 .text.vPortExitCritical
                0x082044b4       0x28 ./gecko_sdk_4.4.3/util/third_party/freertos/kernel/portable/GCC/ARM_CM4F/port.o
                0x082044b4                vPortExitCritical
 *fill*         0x082044dc        0x4 
 .text.PendSV_Handler
                0x082044e0       0x64 ./gecko_sdk_4.4.3/util/third_party/freertos/kernel/portable/GCC/ARM_CM4F/port.o
                0x082044e0                PendSV_Handler
 .text.xPortSysTickHandler
                0x08204544       0x2c ./gecko_sdk_4.4.3/util/third_party/freertos/kernel/portable/GCC/ARM_CM4F/port.o
                0x08204544                xPortSysTickHandler
 .text.vPortSetupTimerInterrupt
                0x08204570       0x24 ./gecko_sdk_4.4.3/util/third_party/freertos/kernel/portable/GCC/ARM_CM4F/port.o
                0x08204570                vPortSetupTimerInterrupt
 .text.xPortStartScheduler
                0x08204594      0x10c ./gecko_sdk_4.4.3/util/third_party/freertos/kernel/portable/GCC/ARM_CM4F/port.o
                0x08204594                xPortStartScheduler
 .text.vPortValidateInterruptPriority
                0x082046a0       0x5c ./gecko_sdk_4.4.3/util/third_party/freertos/kernel/portable/GCC/ARM_CM4F/port.o
                0x082046a0                vPortValidateInterruptPriority
 .text.prvInsertBlockIntoFreeList
                0x082046fc       0x50 ./gecko_sdk_4.4.3/util/third_party/freertos/kernel/portable/MemMang/heap_4.o
 .text.pvPortMalloc
                0x0820474c      0x134 ./gecko_sdk_4.4.3/util/third_party/freertos/kernel/portable/MemMang/heap_4.o
                0x0820474c                pvPortMalloc
 .text.vPortFree
                0x08204880       0x7c ./gecko_sdk_4.4.3/util/third_party/freertos/kernel/portable/MemMang/heap_4.o
                0x08204880                vPortFree
 .text.startup.main
                0x082048fc       0x14 ./main.o
                0x082048fc                main
 .text.data_callback
                0x08204910       0x94 ./socket_server_app.o
                0x08204910                data_callback
 .text.socket_server_init
                0x082049a4       0x14 ./socket_server_app.o
                0x082049a4                socket_server_init
 .text.create_tcp_server
                0x082049b8      0x130 ./socket_server_app.o
                0x082049b8                create_tcp_server
 .text.send_and_receive_data
                0x08204ae8       0xf8 ./socket_server_app.o
                0x08204ae8                send_and_receive_data
 .text.socket_server_task
                0x08204be0      0x134 ./socket_server_app.o
                0x08204be0                socket_server_task
 .text.RSI_Board_Init
                0x08204d14       0x48 ./wiseconnect3_sdk_3.2.0/components/board/silabs/src/rsi_board.o
                0x08204d14                RSI_Board_Init
 .text.print_sl_ipv4_address
                0x08204d5c       0x1c ./wiseconnect3_sdk_3.2.0/components/common/src/sl_utility.o
                0x08204d5c                print_sl_ipv4_address
 .text.little_to_big_endian
                0x08204d78       0x2e ./wiseconnect3_sdk_3.2.0/components/common/src/sl_utility.o
                0x08204d78                little_to_big_endian
 *fill*         0x08204da6        0x2 
 .text.sl_inet_ntop6
                0x08204da8      0x144 ./wiseconnect3_sdk_3.2.0/components/common/src/sl_utility.o
                0x08204da8                sl_inet_ntop6
 .text.print_sl_ipv6_address
                0x08204eec       0x2c ./wiseconnect3_sdk_3.2.0/components/common/src/sl_utility.o
                0x08204eec                print_sl_ipv6_address
 .text.print_sl_ip_address
                0x08204f18       0x16 ./wiseconnect3_sdk_3.2.0/components/common/src/sl_utility.o
                0x08204f18                print_sl_ip_address
 .text.sl_debug_log
                0x08204f2e        0x6 ./wiseconnect3_sdk_3.2.0/components/common/src/sl_utility.o
                0x08204f2e                sl_debug_log
 .text.init_ipmu_calib_data
                0x08204f34       0x54 ./wiseconnect3_sdk_3.2.0/components/device/silabs/si91x/mcu/core/chip/src/iPMU_prog/iPMU_dotc/ipmu_apis.o
                0x08204f34                init_ipmu_calib_data
 .text.program_ipmu_data
                0x08204f88       0x54 ./wiseconnect3_sdk_3.2.0/components/device/silabs/si91x/mcu/core/chip/src/iPMU_prog/iPMU_dotc/ipmu_apis.o
                0x08204f88                program_ipmu_data
 .text.ipmu_init_mcu
                0x08204fdc       0x94 ./wiseconnect3_sdk_3.2.0/components/device/silabs/si91x/mcu/core/chip/src/iPMU_prog/iPMU_dotc/ipmu_apis.o
                0x08204fdc                ipmu_init_mcu
 .text.ipmu_init
                0x08205070       0xa8 ./wiseconnect3_sdk_3.2.0/components/device/silabs/si91x/mcu/core/chip/src/iPMU_prog/iPMU_dotc/ipmu_apis.o
                0x08205070                ipmu_init
 .text.configure_ipmu_mode
                0x08205118       0x38 ./wiseconnect3_sdk_3.2.0/components/device/silabs/si91x/mcu/core/chip/src/iPMU_prog/iPMU_dotc/ipmu_apis.o
                0x08205118                configure_ipmu_mode
 .text.RSI_PS_RestoreCpuContext
                0x08205150       0x34 ./wiseconnect3_sdk_3.2.0/components/device/silabs/si91x/mcu/core/chip/src/rsi_deepsleep_soc.o
                0x08205150                RSI_PS_RestoreCpuContext
 .text.RSI_Set_Cntrls_To_M4
                0x08205184       0x50 ./wiseconnect3_sdk_3.2.0/components/device/silabs/si91x/mcu/core/chip/src/rsi_deepsleep_soc.o
                0x08205184                RSI_Set_Cntrls_To_M4
 .text.Default_Handler
                0x082051d4        0x2 ./wiseconnect3_sdk_3.2.0/components/device/silabs/si91x/mcu/core/chip/src/startup_si91x.o
                0x082051d4                DebugMon_Handler
                0x082051d4                IRQ031_Handler
                0x082051d4                HardFault_Handler
                0x082051d4                IRQ058_Handler
                0x082051d4                IRQ095_Handler
                0x082051d4                IRQ065_Handler
                0x082051d4                IRQ019_Handler
                0x082051d4                IRQ056_Handler
                0x082051d4                IRQ093_Handler
                0x082051d4                NMI_Handler
                0x082051d4                IRQ011_Handler
                0x082051d4                IRQ014_Handler
                0x082051d4                IRQ051_Handler
                0x082051d4                IRQ027_Handler
                0x082051d4                IRQ062_Handler
                0x082051d4                IRQ097_Handler
                0x082051d4                IRQ088_Handler
                0x082051d4                IRQ034_Handler
                0x082051d4                IRQ071_Handler
                0x082051d4                IRQ067_Handler
                0x082051d4                IRQ070_Handler
                0x082051d4                IRQ077_Handler
                0x082051d4                IRQ028_Handler
                0x082051d4                IRQ063_Handler
                0x082051d4                IRQ076_Handler
                0x082051d4                UsageFault_Handler
                0x082051d4                IRQ023_Handler
                0x082051d4                IRQ009_Handler
                0x082051d4                IRQ048_Handler
                0x082051d4                IRQ083_Handler
                0x082051d4                IRQ089_Handler
                0x082051d4                HIF1_IRQHandler
                0x082051d4                IRQ037_Handler
                0x082051d4                IRQ072_Handler
                0x082051d4                IRQ021_Handler
                0x082051d4                IRQ008_Handler
                0x082051d4                IRQ047_Handler
                0x082051d4                IRQ082_Handler
                0x082051d4                IRQ022_Handler
                0x082051d4                IRQ007_Handler
                0x082051d4                IRQ081_Handler
                0x082051d4                IRQ004_Handler
                0x082051d4                IRQ043_Handler
                0x082051d4                IRQ002_Handler
                0x082051d4                IRQ041_Handler
                0x082051d4                IRQ098_Handler
                0x082051d4                IRQ000_Handler
                0x082051d4                IRQ005_Handler
                0x082051d4                IRQ044_Handler
                0x082051d4                IRQ049_Handler
                0x082051d4                IRQ084_Handler
                0x082051d4                IRQ006_Handler
                0x082051d4                IRQ045_Handler
                0x082051d4                IRQ080_Handler
                0x082051d4                IRQ015_Handler
                0x082051d4                IRQ052_Handler
                0x082051d4                MemManage_Handler
                0x082051d4                HIF2_IRQHandler
                0x082051d4                IRQ001_Handler
                0x082051d4                IRQ040_Handler
                0x082051d4                IRQ068_Handler
                0x082051d4                IRQ059_Handler
                0x082051d4                IRQ096_Handler
                0x082051d4                IRQ003_Handler
                0x082051d4                IRQ042_Handler
                0x082051d4                IRQ024_Handler
                0x082051d4                IRQ016_Handler
                0x082051d4                IRQ053_Handler
                0x082051d4                IRQ090_Handler
                0x082051d4                IRQ078_Handler
                0x082051d4                IRQ032_Handler
                0x082051d4                IRQ020_Handler
                0x082051d4                IRQ073_Handler
                0x082051d4                IRQ018_Handler
                0x082051d4                IRQ055_Handler
                0x082051d4                IRQ092_Handler
                0x082051d4                IRQ087_Handler
                0x082051d4                IRQ026_Handler
                0x082051d4                IRQ061_Handler
                0x082051d4                IRQ025_Handler
                0x082051d4                IRQ060_Handler
                0x082051d4                IRQ085_Handler
                0x082051d4                IRQ013_Handler
                0x082051d4                IRQ050_Handler
                0x082051d4                IRQ030_Handler
                0x082051d4                IRQ029_Handler
                0x082051d4                IRQ064_Handler
                0x082051d4                IRQ066_Handler
                0x082051d4                IRQ017_Handler
                0x082051d4                IRQ054_Handler
                0x082051d4                IRQ091_Handler
                0x082051d4                BusFault_Handler
                0x082051d4                IRQ069_Handler
                0x082051d4                IRQ075_Handler
                0x082051d4                IRQ086_Handler
                0x082051d4                IRQ057_Handler
                0x082051d4                IRQ094_Handler
                0x082051d4                IRQ079_Handler
 .text.Default_Reset_Handler
                0x082051d6        0x2 ./wiseconnect3_sdk_3.2.0/components/device/silabs/si91x/mcu/core/chip/src/startup_si91x.o
                0x082051d6                Default_Reset_Handler
                0x082051d6                Reset_Handler
 .text.Copy_Table
                0x082051d8       0x24 ./wiseconnect3_sdk_3.2.0/components/device/silabs/si91x/mcu/core/chip/src/startup_si91x.o
                0x082051d8                Copy_Table
 .text.Zero_Table
                0x082051fc       0x24 ./wiseconnect3_sdk_3.2.0/components/device/silabs/si91x/mcu/core/chip/src/startup_si91x.o
                0x082051fc                Zero_Table
 .text.RSI_Default_Reset_Handler
                0x08205220       0x16 ./wiseconnect3_sdk_3.2.0/components/device/silabs/si91x/mcu/core/chip/src/startup_si91x.o
                0x08205220                RSI_Default_Reset_Handler
 *fill*         0x08205236        0x2 
 .text.SystemCoreClockUpdate
                0x08205238       0xfc ./wiseconnect3_sdk_3.2.0/components/device/silabs/si91x/mcu/core/chip/src/system_si91x.o
                0x08205238                SystemCoreClockUpdate
 .text.fpuInit  0x08205334       0x44 ./wiseconnect3_sdk_3.2.0/components/device/silabs/si91x/mcu/core/chip/src/system_si91x.o
                0x08205334                fpuInit
 .text.SystemInit
                0x08205378       0xe4 ./wiseconnect3_sdk_3.2.0/components/device/silabs/si91x/mcu/core/chip/src/system_si91x.o
                0x08205378                SystemInit
 .text.ARM_UART_SignalEvent
                0x0820545c       0x24 ./wiseconnect3_sdk_3.2.0/components/device/silabs/si91x/mcu/core/common/src/rsi_debug.o
                0x0820545c                ARM_UART_SignalEvent
 .text.Board_Debug_Init
                0x08205480       0x4c ./wiseconnect3_sdk_3.2.0/components/device/silabs/si91x/mcu/core/common/src/rsi_debug.o
                0x08205480                Board_Debug_Init
 .text.Board_UARTGetChar
                0x082054cc       0x30 ./wiseconnect3_sdk_3.2.0/components/device/silabs/si91x/mcu/core/common/src/rsi_debug.o
                0x082054cc                Board_UARTGetChar
 .text.Board_UARTPutChar
                0x082054fc       0x30 ./wiseconnect3_sdk_3.2.0/components/device/silabs/si91x/mcu/core/common/src/rsi_debug.o
                0x082054fc                Board_UARTPutChar
 .text.read_exclude_space
                0x0820552c       0x20 ./wiseconnect3_sdk_3.2.0/components/device/silabs/si91x/mcu/core/common/src/syscalls.o
 .text._getpid  0x0820554c        0x4 ./wiseconnect3_sdk_3.2.0/components/device/silabs/si91x/mcu/core/common/src/syscalls.o
                0x0820554c                _getpid
 .text._kill    0x08205550       0x10 ./wiseconnect3_sdk_3.2.0/components/device/silabs/si91x/mcu/core/common/src/syscalls.o
                0x08205550                _kill
 .text._exit    0x08205560        0xc ./wiseconnect3_sdk_3.2.0/components/device/silabs/si91x/mcu/core/common/src/syscalls.o
                0x08205560                _exit
 .text._write   0x0820556c       0x1c ./wiseconnect3_sdk_3.2.0/components/device/silabs/si91x/mcu/core/common/src/syscalls.o
                0x0820556c                _write
 .text._close   0x08205588        0x6 ./wiseconnect3_sdk_3.2.0/components/device/silabs/si91x/mcu/core/common/src/syscalls.o
                0x08205588                _close
 .text._fstat   0x0820558e        0xa ./wiseconnect3_sdk_3.2.0/components/device/silabs/si91x/mcu/core/common/src/syscalls.o
                0x0820558e                _fstat
 .text._isatty  0x08205598        0x4 ./wiseconnect3_sdk_3.2.0/components/device/silabs/si91x/mcu/core/common/src/syscalls.o
                0x08205598                _isatty
 .text._lseek   0x0820559c        0x4 ./wiseconnect3_sdk_3.2.0/components/device/silabs/si91x/mcu/core/common/src/syscalls.o
                0x0820559c                _lseek
 .text._read    0x082055a0      0x30c ./wiseconnect3_sdk_3.2.0/components/device/silabs/si91x/mcu/core/common/src/syscalls.o
                0x082055a0                _read
 .text.sl_si91x_device_init_nvic
                0x082058ac       0x18 ./wiseconnect3_sdk_3.2.0/components/device/silabs/si91x/mcu/core/config/src/rsi_nvic_priorities_config.o
                0x082058ac                sl_si91x_device_init_nvic
 .text.IRQ046_Handler
                0x082058c4        0xc ./wiseconnect3_sdk_3.2.0/components/device/silabs/si91x/mcu/drivers/cmsis_driver/GSPI.o
                0x082058c4                IRQ046_Handler
 .text.ARM_USARTx_GetVersion
                0x082058d0       0x20 ./wiseconnect3_sdk_3.2.0/components/device/silabs/si91x/mcu/drivers/cmsis_driver/USART.o
                0x082058d0                ARM_USARTx_GetVersion
 .text.ARM_ULP_UART_GetCapabilities
                0x082058f0        0xc ./wiseconnect3_sdk_3.2.0/components/device/silabs/si91x/mcu/drivers/cmsis_driver/USART.o
 .text.ARM_ULP_UART_GetModemStatus
                0x082058fc        0xc ./wiseconnect3_sdk_3.2.0/components/device/silabs/si91x/mcu/drivers/cmsis_driver/USART.o
 .text.ARM_ULP_UART_SetModemControl
                0x08205908        0xc ./wiseconnect3_sdk_3.2.0/components/device/silabs/si91x/mcu/drivers/cmsis_driver/USART.o
 .text.ARM_ULP_UART_GetStatus
                0x08205914        0xc ./wiseconnect3_sdk_3.2.0/components/device/silabs/si91x/mcu/drivers/cmsis_driver/USART.o
 .text.ARM_ULP_UART_Control
                0x08205920       0x34 ./wiseconnect3_sdk_3.2.0/components/device/silabs/si91x/mcu/drivers/cmsis_driver/USART.o
 .text.ARM_ULP_UART_GetRxCount
                0x08205954        0xc ./wiseconnect3_sdk_3.2.0/components/device/silabs/si91x/mcu/drivers/cmsis_driver/USART.o
 .text.ARM_ULP_UART_GetTxCount
                0x08205960        0xc ./wiseconnect3_sdk_3.2.0/components/device/silabs/si91x/mcu/drivers/cmsis_driver/USART.o
 .text.ARM_ULP_UART_Transfer
                0x0820596c       0x54 ./wiseconnect3_sdk_3.2.0/components/device/silabs/si91x/mcu/drivers/cmsis_driver/USART.o
 .text.ARM_ULP_UART_Receive
                0x082059c0       0x48 ./wiseconnect3_sdk_3.2.0/components/device/silabs/si91x/mcu/drivers/cmsis_driver/USART.o
 .text.ARM_ULP_UART_Send
                0x08205a08       0x48 ./wiseconnect3_sdk_3.2.0/components/device/silabs/si91x/mcu/drivers/cmsis_driver/USART.o
 .text.ARM_ULP_UART_PowerControl
                0x08205a50       0x18 ./wiseconnect3_sdk_3.2.0/components/device/silabs/si91x/mcu/drivers/cmsis_driver/USART.o
 .text.ARM_ULP_UART_Uninitialize
                0x08205a68       0x1c ./wiseconnect3_sdk_3.2.0/components/device/silabs/si91x/mcu/drivers/cmsis_driver/USART.o
 .text.ARM_ULP_UART_Initialize
                0x08205a84       0x30 ./wiseconnect3_sdk_3.2.0/components/device/silabs/si91x/mcu/drivers/cmsis_driver/USART.o
 .text.IRQ038_Handler
                0x08205ab4        0xc ./wiseconnect3_sdk_3.2.0/components/device/silabs/si91x/mcu/drivers/cmsis_driver/USART.o
                0x08205ab4                IRQ038_Handler
 .text.IRQ039_Handler
                0x08205ac0        0xc ./wiseconnect3_sdk_3.2.0/components/device/silabs/si91x/mcu/drivers/cmsis_driver/USART.o
                0x08205ac0                IRQ039_Handler
 .text.IRQ012_Handler
                0x08205acc        0xc ./wiseconnect3_sdk_3.2.0/components/device/silabs/si91x/mcu/drivers/cmsis_driver/USART.o
                0x08205acc                IRQ012_Handler
 .text.RSI_ULPUartHandler
                0x08205ad8        0x4 ./wiseconnect3_sdk_3.2.0/components/device/silabs/si91x/mcu/drivers/cmsis_driver/USART.o
                0x08205ad8                RSI_ULPUartHandler
 .text.RSI_CLK_GetBaseClock
                0x08205adc      0x50c ./wiseconnect3_sdk_3.2.0/components/device/silabs/si91x/mcu/drivers/peripheral_drivers/src/clock_update.o
                0x08205adc                RSI_CLK_GetBaseClock
 .text.egpio_set_dir
                0x08205fe8       0x10 ./wiseconnect3_sdk_3.2.0/components/device/silabs/si91x/mcu/drivers/peripheral_drivers/src/rsi_egpio.o
                0x08205fe8                egpio_set_dir
 .text.egpio_set_pin_mux
                0x08205ff8       0x10 ./wiseconnect3_sdk_3.2.0/components/device/silabs/si91x/mcu/drivers/peripheral_drivers/src/rsi_egpio.o
                0x08205ff8                egpio_set_pin_mux
 .text.egpio_host_pads_gpio_mode_enable
                0x08206008       0x54 ./wiseconnect3_sdk_3.2.0/components/device/silabs/si91x/mcu/drivers/peripheral_drivers/src/rsi_egpio.o
                0x08206008                egpio_host_pads_gpio_mode_enable
 .text.egpio_pad_selection_enable
                0x0820605c       0x2c ./wiseconnect3_sdk_3.2.0/components/device/silabs/si91x/mcu/drivers/peripheral_drivers/src/rsi_egpio.o
                0x0820605c                egpio_pad_selection_enable
 .text.egpio_pad_receiver_enable
                0x08206088       0x14 ./wiseconnect3_sdk_3.2.0/components/device/silabs/si91x/mcu/drivers/peripheral_drivers/src/rsi_egpio.o
                0x08206088                egpio_pad_receiver_enable
 .text.egpio_pad_driver_disable_state
                0x0820609c       0x18 ./wiseconnect3_sdk_3.2.0/components/device/silabs/si91x/mcu/drivers/peripheral_drivers/src/rsi_egpio.o
                0x0820609c                egpio_pad_driver_disable_state
 .text.egpio_ulp_pad_receiver_enable
                0x082060b4       0x14 ./wiseconnect3_sdk_3.2.0/components/device/silabs/si91x/mcu/drivers/peripheral_drivers/src/rsi_egpio.o
                0x082060b4                egpio_ulp_pad_receiver_enable
 .text.egpio_ulp_pad_driver_disable_state
                0x082060c8       0x58 ./wiseconnect3_sdk_3.2.0/components/device/silabs/si91x/mcu/drivers/peripheral_drivers/src/rsi_egpio.o
                0x082060c8                egpio_ulp_pad_driver_disable_state
 .text.GSPI_IRQHandler
                0x08206120      0x148 ./wiseconnect3_sdk_3.2.0/components/device/silabs/si91x/mcu/drivers/peripheral_drivers/src/rsi_gspi.o
                0x08206120                GSPI_IRQHandler
 .text.udma_init
                0x08206268       0x34 ./wiseconnect3_sdk_3.2.0/components/device/silabs/si91x/mcu/drivers/peripheral_drivers/src/rsi_udma.o
                0x08206268                udma_init
 .text.udma_setup_channel_transfer
                0x0820629c      0x168 ./wiseconnect3_sdk_3.2.0/components/device/silabs/si91x/mcu/drivers/peripheral_drivers/src/rsi_udma.o
                0x0820629c                udma_setup_channel_transfer
 .text.udma_interrupt_enable
                0x08206404       0x48 ./wiseconnect3_sdk_3.2.0/components/device/silabs/si91x/mcu/drivers/peripheral_drivers/src/rsi_udma.o
                0x08206404                udma_interrupt_enable
 .text.RSI_UDMA_AckEnable
                0x0820644c       0x60 ./wiseconnect3_sdk_3.2.0/components/device/silabs/si91x/mcu/drivers/peripheral_drivers/src/rsi_udma.o
                0x0820644c                RSI_UDMA_AckEnable
 .text.udma_setup_channel
                0x082064ac       0x74 ./wiseconnect3_sdk_3.2.0/components/device/silabs/si91x/mcu/drivers/peripheral_drivers/src/rsi_udma.o
                0x082064ac                udma_setup_channel
 .text.uDMAx_Initialize
                0x08206520       0xe4 ./wiseconnect3_sdk_3.2.0/components/device/silabs/si91x/mcu/drivers/peripheral_drivers/src/rsi_udma_wrapper.o
                0x08206520                uDMAx_Initialize
 .text.uDMAx_Uninitialize
                0x08206604       0x84 ./wiseconnect3_sdk_3.2.0/components/device/silabs/si91x/mcu/drivers/peripheral_drivers/src/rsi_udma_wrapper.o
                0x08206604                uDMAx_Uninitialize
 .text.uDMAx_ChannelConfigure
                0x08206688       0xc8 ./wiseconnect3_sdk_3.2.0/components/device/silabs/si91x/mcu/drivers/peripheral_drivers/src/rsi_udma_wrapper.o
                0x08206688                uDMAx_ChannelConfigure
 .text.uDMAx_ChannelEnable
                0x08206750       0x10 ./wiseconnect3_sdk_3.2.0/components/device/silabs/si91x/mcu/drivers/peripheral_drivers/src/rsi_udma_wrapper.o
                0x08206750                uDMAx_ChannelEnable
 .text.uDMAx_DMAEnable
                0x08206760        0xe ./wiseconnect3_sdk_3.2.0/components/device/silabs/si91x/mcu/drivers/peripheral_drivers/src/rsi_udma_wrapper.o
                0x08206760                uDMAx_DMAEnable
 .text.uDMAx_ChannelDisable
                0x0820676e       0x10 ./wiseconnect3_sdk_3.2.0/components/device/silabs/si91x/mcu/drivers/peripheral_drivers/src/rsi_udma_wrapper.o
                0x0820676e                uDMAx_ChannelDisable
 *fill*         0x0820677e        0x2 
 .text.UartIrqHandler
                0x08206780      0x1f0 ./wiseconnect3_sdk_3.2.0/components/device/silabs/si91x/mcu/drivers/peripheral_drivers/src/rsi_usart.o
                0x08206780                UartIrqHandler
 .text.USART_SetBaudrate
                0x08206970       0x50 ./wiseconnect3_sdk_3.2.0/components/device/silabs/si91x/mcu/drivers/peripheral_drivers/src/rsi_usart.o
                0x08206970                USART_SetBaudrate
 .text.USART_Initialize
                0x082069c0      0x108 ./wiseconnect3_sdk_3.2.0/components/device/silabs/si91x/mcu/drivers/peripheral_drivers/src/rsi_usart.o
                0x082069c0                USART_Initialize
 .text.USART_Uninitialize
                0x08206ac8       0x88 ./wiseconnect3_sdk_3.2.0/components/device/silabs/si91x/mcu/drivers/peripheral_drivers/src/rsi_usart.o
                0x08206ac8                USART_Uninitialize
 .text.USART_PowerControl
                0x08206b50      0x150 ./wiseconnect3_sdk_3.2.0/components/device/silabs/si91x/mcu/drivers/peripheral_drivers/src/rsi_usart.o
                0x08206b50                USART_PowerControl
 .text.USART_Send_Data
                0x08206ca0      0x148 ./wiseconnect3_sdk_3.2.0/components/device/silabs/si91x/mcu/drivers/peripheral_drivers/src/rsi_usart.o
                0x08206ca0                USART_Send_Data
 .text.USART_Receive_Data
                0x08206de8      0x12c ./wiseconnect3_sdk_3.2.0/components/device/silabs/si91x/mcu/drivers/peripheral_drivers/src/rsi_usart.o
                0x08206de8                USART_Receive_Data
 .text.USART_Transfer
                0x08206f14       0x72 ./wiseconnect3_sdk_3.2.0/components/device/silabs/si91x/mcu/drivers/peripheral_drivers/src/rsi_usart.o
                0x08206f14                USART_Transfer
 .text.USART_GetTxCount
                0x08206f86        0x6 ./wiseconnect3_sdk_3.2.0/components/device/silabs/si91x/mcu/drivers/peripheral_drivers/src/rsi_usart.o
                0x08206f86                USART_GetTxCount
 .text.USART_GetRxCount
                0x08206f8c        0x6 ./wiseconnect3_sdk_3.2.0/components/device/silabs/si91x/mcu/drivers/peripheral_drivers/src/rsi_usart.o
                0x08206f8c                USART_GetRxCount
 *fill*         0x08206f92        0x2 
 .text.USART_Control
                0x08206f94      0x8d0 ./wiseconnect3_sdk_3.2.0/components/device/silabs/si91x/mcu/drivers/peripheral_drivers/src/rsi_usart.o
                0x08206f94                USART_Control
 .text.USART_GetStatus
                0x08207864       0x42 ./wiseconnect3_sdk_3.2.0/components/device/silabs/si91x/mcu/drivers/peripheral_drivers/src/rsi_usart.o
                0x08207864                USART_GetStatus
 *fill*         0x082078a6        0x2 
 .text.USART_SetModemControl
                0x082078a8       0x84 ./wiseconnect3_sdk_3.2.0/components/device/silabs/si91x/mcu/drivers/peripheral_drivers/src/rsi_usart.o
                0x082078a8                USART_SetModemControl
 .text.USART_GetModemStatus
                0x0820792c       0x5c ./wiseconnect3_sdk_3.2.0/components/device/silabs/si91x/mcu/drivers/peripheral_drivers/src/rsi_usart.o
                0x0820792c                USART_GetModemStatus
 .text.RSI_IPMU_UpdateIpmuCalibData_efuse
                0x08207988      0x300 ./wiseconnect3_sdk_3.2.0/components/device/silabs/si91x/mcu/drivers/systemlevel/src/rsi_ipmu.o
                0x08207988                RSI_IPMU_UpdateIpmuCalibData_efuse
 .text.RSI_Ipmu_Init
                0x08207c88        0x4 ./wiseconnect3_sdk_3.2.0/components/device/silabs/si91x/mcu/drivers/systemlevel/src/rsi_ipmu.o
                0x08207c88                RSI_Ipmu_Init
 .text.RSI_Configure_Ipmu_Mode
                0x08207c8c        0x6 ./wiseconnect3_sdk_3.2.0/components/device/silabs/si91x/mcu/drivers/systemlevel/src/rsi_ipmu.o
                0x08207c8c                RSI_Configure_Ipmu_Mode
 *fill*         0x08207c92        0x2 
 .text.RSI_IPMU_ClockMuxSel
                0x08207c94       0x40 ./wiseconnect3_sdk_3.2.0/components/device/silabs/si91x/mcu/drivers/systemlevel/src/rsi_ipmu.o
                0x08207c94                RSI_IPMU_ClockMuxSel
 .text.RSI_IPMU_ProgramConfigData
                0x08207cd4       0xea ./wiseconnect3_sdk_3.2.0/components/device/silabs/si91x/mcu/drivers/systemlevel/src/rsi_ipmu.o
                0x08207cd4                RSI_IPMU_ProgramConfigData
 *fill*         0x08207dbe        0x2 
 .text.RSI_IPMU_Retn_Voltage_Reduction
                0x08207dc0       0x14 ./wiseconnect3_sdk_3.2.0/components/device/silabs/si91x/mcu/drivers/systemlevel/src/rsi_ipmu.o
                0x08207dc0                RSI_IPMU_Retn_Voltage_Reduction
 .text.RSI_IPMU_Retn_Voltage_To_Default
                0x08207dd4       0x10 ./wiseconnect3_sdk_3.2.0/components/device/silabs/si91x/mcu/drivers/systemlevel/src/rsi_ipmu.o
                0x08207dd4                RSI_IPMU_Retn_Voltage_To_Default
 .text.RSI_IPMU_Set_Higher_Pwm_Ro_Frequency_Mode_to_PMU
                0x08207de4       0x14 ./wiseconnect3_sdk_3.2.0/components/device/silabs/si91x/mcu/drivers/systemlevel/src/rsi_ipmu.o
                0x08207de4                RSI_IPMU_Set_Higher_Pwm_Ro_Frequency_Mode_to_PMU
 .text.RSI_IPMU_M32rc_OscTrimEfuse
                0x08207df8       0x28 ./wiseconnect3_sdk_3.2.0/components/device/silabs/si91x/mcu/drivers/systemlevel/src/rsi_ipmu.o
                0x08207df8                RSI_IPMU_M32rc_OscTrimEfuse
 .text.RSI_IPMU_DBLR32M_TrimEfuse
                0x08207e20       0x18 ./wiseconnect3_sdk_3.2.0/components/device/silabs/si91x/mcu/drivers/systemlevel/src/rsi_ipmu.o
                0x08207e20                RSI_IPMU_DBLR32M_TrimEfuse
 .text.RSI_IPMU_M20roOsc_TrimEfuse
                0x08207e38       0x28 ./wiseconnect3_sdk_3.2.0/components/device/silabs/si91x/mcu/drivers/systemlevel/src/rsi_ipmu.o
                0x08207e38                RSI_IPMU_M20roOsc_TrimEfuse
 .text.RSI_IPMU_RO32khz_TrimEfuse
                0x08207e60       0x18 ./wiseconnect3_sdk_3.2.0/components/device/silabs/si91x/mcu/drivers/systemlevel/src/rsi_ipmu.o
                0x08207e60                RSI_IPMU_RO32khz_TrimEfuse
 .text.RSI_IPMU_RC32khz_TrimEfuse
                0x08207e78       0x18 ./wiseconnect3_sdk_3.2.0/components/device/silabs/si91x/mcu/drivers/systemlevel/src/rsi_ipmu.o
                0x08207e78                RSI_IPMU_RC32khz_TrimEfuse
 .text._usdelay
                0x08207e90        0x6 ./wiseconnect3_sdk_3.2.0/components/device/silabs/si91x/mcu/drivers/systemlevel/src/rsi_pll.o
 .text.clk_peripheral_clk_enable3
                0x08207e96        0xc ./wiseconnect3_sdk_3.2.0/components/device/silabs/si91x/mcu/drivers/systemlevel/src/rsi_pll.o
                0x08207e96                clk_peripheral_clk_enable3
 .text.clk_peripheral_clk_enable
                0x08207ea2      0x124 ./wiseconnect3_sdk_3.2.0/components/device/silabs/si91x/mcu/drivers/systemlevel/src/rsi_pll.o
                0x08207ea2                clk_peripheral_clk_enable
 .text.clk_peripheral_clk_disable
                0x08207fc6       0xe2 ./wiseconnect3_sdk_3.2.0/components/device/silabs/si91x/mcu/drivers/systemlevel/src/rsi_pll.o
                0x08207fc6                clk_peripheral_clk_disable
 .text.clk_usart_clk_config
                0x082080a8      0x19e ./wiseconnect3_sdk_3.2.0/components/device/silabs/si91x/mcu/drivers/systemlevel/src/rsi_pll.o
                0x082080a8                clk_usart_clk_config
 *fill*         0x08208246        0x2 
 .text.ulpss_enable_ref_clks
                0x08208248       0xf8 ./wiseconnect3_sdk_3.2.0/components/device/silabs/si91x/mcu/drivers/systemlevel/src/rsi_pll.o
                0x08208248                ulpss_enable_ref_clks
 .text.clk_m4ss_ref_clk_config
                0x08208340       0xcc ./wiseconnect3_sdk_3.2.0/components/device/silabs/si91x/mcu/drivers/systemlevel/src/rsi_pll.o
                0x08208340                clk_m4ss_ref_clk_config
 .text.ulpss_peripheral_enable
                0x0820840c      0x1a6 ./wiseconnect3_sdk_3.2.0/components/device/silabs/si91x/mcu/drivers/systemlevel/src/rsi_ulpss_clk.o
                0x0820840c                ulpss_peripheral_enable
 .text.ulpss_peripheral_disable
                0x082085b2      0x198 ./wiseconnect3_sdk_3.2.0/components/device/silabs/si91x/mcu/drivers/systemlevel/src/rsi_ulpss_clk.o
                0x082085b2                ulpss_peripheral_disable
 .text.ulpss_ulp_uar_clk_config
                0x0820874a       0xca ./wiseconnect3_sdk_3.2.0/components/device/silabs/si91x/mcu/drivers/systemlevel/src/rsi_ulpss_clk.o
                0x0820874a                ulpss_ulp_uar_clk_config
 .text.ulpss_ref_clk_config
                0x08208814       0xbc ./wiseconnect3_sdk_3.2.0/components/device/silabs/si91x/mcu/drivers/systemlevel/src/rsi_ulpss_clk.o
                0x08208814                ulpss_ref_clk_config
 .text.IRQ033_Handler
                0x082088d0       0xc0 ./wiseconnect3_sdk_3.2.0/components/device/silabs/si91x/mcu/drivers/unified_api/src/sl_si91x_dma.o
                0x082088d0                IRQ033_Handler
 .text.process_dma_irq
                0x08208990       0xf8 ./wiseconnect3_sdk_3.2.0/components/device/silabs/si91x/mcu/drivers/unified_api/src/sl_si91x_dma.o
 .text.IRQ010_Handler
                0x08208a88       0x54 ./wiseconnect3_sdk_3.2.0/components/device/silabs/si91x/mcu/drivers/unified_api/src/sl_si91x_dma.o
                0x08208a88                IRQ010_Handler
 .text.sl_mv_m4_app_from_flash_to_ram
                0x08208adc       0x50 ./wiseconnect3_sdk_3.2.0/components/device/silabs/si91x/wireless/ahb_interface/src/rsi_hal_mcu_m4_ram.o
                0x08208adc                sl_mv_m4_app_from_flash_to_ram
 .text.sli_si91x_raise_pkt_pending_interrupt_to_ta
                0x08208b2c       0x20 ./wiseconnect3_sdk_3.2.0/components/device/silabs/si91x/wireless/ahb_interface/src/rsi_hal_mcu_m4_rom.o
                0x08208b2c                sli_si91x_raise_pkt_pending_interrupt_to_ta
 .text.raise_m4_to_ta_interrupt
                0x08208b4c        0xc ./wiseconnect3_sdk_3.2.0/components/device/silabs/si91x/wireless/ahb_interface/src/rsi_hal_mcu_m4_rom.o
                0x08208b4c                raise_m4_to_ta_interrupt
 .text.mask_ta_interrupt
                0x08208b58        0xc ./wiseconnect3_sdk_3.2.0/components/device/silabs/si91x/wireless/ahb_interface/src/rsi_hal_mcu_m4_rom.o
                0x08208b58                mask_ta_interrupt
 .text.sli_receive_from_ta_done_isr
                0x08208b64       0x20 ./wiseconnect3_sdk_3.2.0/components/device/silabs/si91x/wireless/ahb_interface/src/rsi_hal_mcu_m4_rom.o
                0x08208b64                sli_receive_from_ta_done_isr
 .text.sli_m4_interrupt_isr
                0x08208b84       0xa0 ./wiseconnect3_sdk_3.2.0/components/device/silabs/si91x/wireless/ahb_interface/src/rsi_hal_mcu_m4_rom.o
                0x08208b84                sli_m4_interrupt_isr
 .text.sl_si91x_bus_read_interrupt_status
                0x08208c24       0x10 ./wiseconnect3_sdk_3.2.0/components/device/silabs/si91x/wireless/ahb_interface/src/rsi_hal_mcu_m4_rom.o
                0x08208c24                sl_si91x_bus_read_interrupt_status
 .text.si91x_req_wakeup
                0x08208c34       0x20 ./wiseconnect3_sdk_3.2.0/components/device/silabs/si91x/wireless/ahb_interface/src/rsi_hal_mcu_m4_rom.o
                0x08208c34                si91x_req_wakeup
 .text.sl_si91x_host_clear_sleep_indicator
                0x08208c54       0x14 ./wiseconnect3_sdk_3.2.0/components/device/silabs/si91x/wireless/ahb_interface/src/rsi_hal_mcu_m4_rom.o
                0x08208c54                sl_si91x_host_clear_sleep_indicator
 .text.IRQ074_Handler
                0x08208c68        0x4 ./wiseconnect3_sdk_3.2.0/components/device/silabs/si91x/wireless/ahb_interface/src/rsi_hal_mcu_m4_rom.o
                0x08208c68                IRQ074_Handler
 .text.sl_si91x_ta_events_init
                0x08208c6c       0x14 ./wiseconnect3_sdk_3.2.0/components/device/silabs/si91x/wireless/ahb_interface/src/rsi_hal_mcu_m4_rom.o
                0x08208c6c                sl_si91x_ta_events_init
 .text.sli_si91x_platform_init
                0x08208c80       0x5c ./wiseconnect3_sdk_3.2.0/components/device/silabs/si91x/wireless/ahb_interface/src/sl_platform.o
                0x08208c80                sli_si91x_platform_init
 .text.si91x_bootup_firmware
                0x08208cdc       0x94 ./wiseconnect3_sdk_3.2.0/components/device/silabs/si91x/wireless/ahb_interface/src/sl_platform.o
                0x08208cdc                si91x_bootup_firmware
 .text.sli_si91x_configure_wireless_frontend_controls
                0x08208d70       0x38 ./wiseconnect3_sdk_3.2.0/components/device/silabs/si91x/wireless/ahb_interface/src/sl_platform_wireless.o
                0x08208d70                sli_si91x_configure_wireless_frontend_controls
 .text.sli_si91x_submit_rx_pkt
                0x08208da8       0x84 ./wiseconnect3_sdk_3.2.0/components/device/silabs/si91x/wireless/ahb_interface/src/sl_si91x_bus.o
                0x08208da8                sli_si91x_submit_rx_pkt
 .text.sl_si91x_bus_read_frame
                0x08208e2c        0x8 ./wiseconnect3_sdk_3.2.0/components/device/silabs/si91x/wireless/ahb_interface/src/sl_si91x_bus.o
                0x08208e2c                sl_si91x_bus_read_frame
 .text.sl_si91x_bus_write_frame
                0x08208e34       0x24 ./wiseconnect3_sdk_3.2.0/components/device/silabs/si91x/wireless/ahb_interface/src/sl_si91x_bus.o
                0x08208e34                sl_si91x_bus_write_frame
 .text.sli_submit_rx_buffer
                0x08208e58       0x16 ./wiseconnect3_sdk_3.2.0/components/device/silabs/si91x/wireless/ahb_interface/src/sl_si91x_bus.o
                0x08208e58                sli_submit_rx_buffer
 *fill*         0x08208e6e        0x2 
 .text.rsi_update_tx_dma_desc
                0x08208e70       0x28 ./wiseconnect3_sdk_3.2.0/components/device/silabs/si91x/wireless/ahb_interface/src/sl_si91x_bus.o
                0x08208e70                rsi_update_tx_dma_desc
 .text.rsi_update_rx_dma_desc
                0x08208e98       0x10 ./wiseconnect3_sdk_3.2.0/components/device/silabs/si91x/wireless/ahb_interface/src/sl_si91x_bus.o
                0x08208e98                rsi_update_rx_dma_desc
 .text.sli_si91x_config_m4_dma_desc_on_reset
                0x08208ea8       0x48 ./wiseconnect3_sdk_3.2.0/components/device/silabs/si91x/wireless/ahb_interface/src/sl_si91x_bus.o
                0x08208ea8                sli_si91x_config_m4_dma_desc_on_reset
 .text.rsi_waitfor_boardready
                0x08208ef0       0x44 ./wiseconnect3_sdk_3.2.0/components/device/silabs/si91x/wireless/ahb_interface/src/sli_siwx917_soc.o
                0x08208ef0                rsi_waitfor_boardready
 .text.rsi_select_option
                0x08208f34       0x80 ./wiseconnect3_sdk_3.2.0/components/device/silabs/si91x/wireless/ahb_interface/src/sli_siwx917_soc.o
                0x08208f34                rsi_select_option
 .text.unmask_ta_interrupt
                0x08208fb4        0xc ./wiseconnect3_sdk_3.2.0/components/device/silabs/si91x/wireless/ahb_interface/src/sli_siwx917_soc.o
                0x08208fb4                unmask_ta_interrupt
 .text.sli_m4_ta_interrupt_init
                0x08208fc0       0x2c ./wiseconnect3_sdk_3.2.0/components/device/silabs/si91x/wireless/ahb_interface/src/sli_siwx917_soc.o
                0x08208fc0                sli_m4_ta_interrupt_init
 .text.sli_si91x_socket
                0x08208fec       0x88 ./wiseconnect3_sdk_3.2.0/components/device/silabs/si91x/wireless/asynchronous_socket/src/sl_si91x_socket.o
 .text.sli_si91x_accept_async.constprop.0
                0x08209074       0xf0 ./wiseconnect3_sdk_3.2.0/components/device/silabs/si91x/wireless/asynchronous_socket/src/sl_si91x_socket.o
 .text.sl_si91x_socket_async
                0x08209164       0x1a ./wiseconnect3_sdk_3.2.0/components/device/silabs/si91x/wireless/asynchronous_socket/src/sl_si91x_socket.o
                0x08209164                sl_si91x_socket_async
 .text.sl_si91x_bind
                0x0820917e       0x98 ./wiseconnect3_sdk_3.2.0/components/device/silabs/si91x/wireless/asynchronous_socket/src/sl_si91x_socket.o
                0x0820917e                sl_si91x_bind
 .text.sl_si91x_listen
                0x08209216       0x52 ./wiseconnect3_sdk_3.2.0/components/device/silabs/si91x/wireless/asynchronous_socket/src/sl_si91x_socket.o
                0x08209216                sl_si91x_listen
 .text.sl_si91x_accept
                0x08209268        0x6 ./wiseconnect3_sdk_3.2.0/components/device/silabs/si91x/wireless/asynchronous_socket/src/sl_si91x_socket.o
                0x08209268                sl_si91x_accept
 .text.sl_si91x_shutdown
                0x0820926e        0x4 ./wiseconnect3_sdk_3.2.0/components/device/silabs/si91x/wireless/asynchronous_socket/src/sl_si91x_socket.o
                0x0820926e                sl_si91x_shutdown
 *fill*         0x08209272        0x2 
 .text.sl_si91x_setsockopt_async
                0x08209274      0x188 ./wiseconnect3_sdk_3.2.0/components/device/silabs/si91x/wireless/asynchronous_socket/src/sl_si91x_socket.o
                0x08209274                sl_si91x_setsockopt_async
 .text.sl_si91x_sendto_async
                0x082093fc      0x1ce ./wiseconnect3_sdk_3.2.0/components/device/silabs/si91x/wireless/asynchronous_socket/src/sl_si91x_socket.o
                0x082093fc                sl_si91x_sendto_async
 .text.sl_si91x_send_async
                0x082095ca       0x14 ./wiseconnect3_sdk_3.2.0/components/device/silabs/si91x/wireless/asynchronous_socket/src/sl_si91x_socket.o
                0x082095ca                sl_si91x_send_async
 .text.sl_si91x_send
                0x082095de        0xe ./wiseconnect3_sdk_3.2.0/components/device/silabs/si91x/wireless/asynchronous_socket/src/sl_si91x_socket.o
                0x082095de                sl_si91x_send
 .text.sl_si91x_errno
                0x082095ec       0x1c ./wiseconnect3_sdk_3.2.0/components/device/silabs/si91x/wireless/errno/src/sl_si91x_errno.o
                0x082095ec                sl_si91x_errno
 .text.sl_si91x_bus_rx_irq_handler
                0x08209608        0x4 ./wiseconnect3_sdk_3.2.0/components/device/silabs/si91x/wireless/host_mcu/si91x/siwx917_soc_ncp_host.o
                0x08209608                sl_si91x_bus_rx_irq_handler
 .text.sl_si91x_bus_rx_done_handler
                0x0820960c        0x2 ./wiseconnect3_sdk_3.2.0/components/device/silabs/si91x/wireless/host_mcu/si91x/siwx917_soc_ncp_host.o
                0x0820960c                sl_si91x_bus_rx_done_handler
 .text.sl_si91x_bus_init
                0x0820960e        0x4 ./wiseconnect3_sdk_3.2.0/components/device/silabs/si91x/wireless/host_mcu/si91x/siwx917_soc_ncp_host.o
                0x0820960e                sl_si91x_bus_init
 .text.sl_si91x_host_init
                0x08209612        0xa ./wiseconnect3_sdk_3.2.0/components/device/silabs/si91x/wireless/host_mcu/si91x/siwx917_soc_ncp_host.o
                0x08209612                sl_si91x_host_init
 .text.sl_si91x_host_hold_in_reset
                0x0820961c        0x2 ./wiseconnect3_sdk_3.2.0/components/device/silabs/si91x/wireless/host_mcu/si91x/siwx917_soc_ncp_host.o
                0x0820961c                sl_si91x_host_hold_in_reset
 .text.sl_si91x_host_release_from_reset
                0x0820961e        0x2 ./wiseconnect3_sdk_3.2.0/components/device/silabs/si91x/wireless/host_mcu/si91x/siwx917_soc_ncp_host.o
                0x0820961e                sl_si91x_host_release_from_reset
 .text.sl_si91x_host_enable_bus_interrupt
                0x08209620        0x2 ./wiseconnect3_sdk_3.2.0/components/device/silabs/si91x/wireless/host_mcu/si91x/siwx917_soc_ncp_host.o
                0x08209620                sl_si91x_host_enable_bus_interrupt
 *fill*         0x08209622        0x2 
 .text.sl_si91x_host_is_in_irq_context
                0x08209624       0x14 ./wiseconnect3_sdk_3.2.0/components/device/silabs/si91x/wireless/host_mcu/si91x/siwx917_soc_ncp_host.o
                0x08209624                sl_si91x_host_is_in_irq_context
 .text.sl_si91x_host_init_buffer_manager
                0x08209638       0xa8 ./wiseconnect3_sdk_3.2.0/components/device/silabs/si91x/wireless/memory/mem_pool_buffer_quota.o
                0x08209638                sl_si91x_host_init_buffer_manager
 .text.sl_si91x_host_allocate_buffer
                0x082096e0       0x8c ./wiseconnect3_sdk_3.2.0/components/device/silabs/si91x/wireless/memory/mem_pool_buffer_quota.o
                0x082096e0                sl_si91x_host_allocate_buffer
 .text.sl_si91x_host_get_buffer_data
                0x0820976c       0x18 ./wiseconnect3_sdk_3.2.0/components/device/silabs/si91x/wireless/memory/mem_pool_buffer_quota.o
                0x0820976c                sl_si91x_host_get_buffer_data
 .text.sl_si91x_host_free_buffer
                0x08209784       0x2c ./wiseconnect3_sdk_3.2.0/components/device/silabs/si91x/wireless/memory/mem_pool_buffer_quota.o
                0x08209784                sl_si91x_host_free_buffer
 .text.convert_si91x_dns_response
                0x082097b0       0x2a ./wiseconnect3_sdk_3.2.0/components/device/silabs/si91x/wireless/sl_net/src/sl_net_rsi_utility.o
                0x082097b0                convert_si91x_dns_response
 .text.convert_si91x_event_to_sl_net_event
                0x082097da       0x2a ./wiseconnect3_sdk_3.2.0/components/device/silabs/si91x/wireless/sl_net/src/sl_net_rsi_utility.o
                0x082097da                convert_si91x_event_to_sl_net_event
 .text.si91x_node_free_function
                0x08209804        0x4 ./wiseconnect3_sdk_3.2.0/components/device/silabs/si91x/wireless/sl_net/src/sl_net_si91x_integration_handler.o
 .text.sl_net_si91x_event_dispatch_handler
                0x08209808       0xa4 ./wiseconnect3_sdk_3.2.0/components/device/silabs/si91x/wireless/sl_net/src/sl_net_si91x_integration_handler.o
                0x08209808                sl_net_si91x_event_dispatch_handler
 .text.sl_si91x_host_get_credentials
                0x082098ac       0x4a ./wiseconnect3_sdk_3.2.0/components/device/silabs/si91x/wireless/sl_net/src/sl_si91x_net_credentials.o
                0x082098ac                sl_si91x_host_get_credentials
 *fill*         0x082098f6        0x2 
 .text.sl_si91x_configure_ip_address
                0x082098f8      0x1a0 ./wiseconnect3_sdk_3.2.0/components/device/silabs/si91x/wireless/sl_net/src/sl_si91x_net_internal_stack.o
                0x082098f8                sl_si91x_configure_ip_address
 .text.si91x_socket_node_free_function
                0x08209a98        0x4 ./wiseconnect3_sdk_3.2.0/components/device/silabs/si91x/wireless/socket/src/sl_si91x_socket_utility.o
 .text.si91x_socket_identification_function
                0x08209a9c       0xac ./wiseconnect3_sdk_3.2.0/components/device/silabs/si91x/wireless/socket/src/sl_si91x_socket_utility.o
 .text.handle_accept_response
                0x08209b48       0x4c ./wiseconnect3_sdk_3.2.0/components/device/silabs/si91x/wireless/socket/src/sl_si91x_socket_utility.o
                0x08209b48                handle_accept_response
 .text.handle_select_response
                0x08209b94       0x70 ./wiseconnect3_sdk_3.2.0/components/device/silabs/si91x/wireless/socket/src/sl_si91x_socket_utility.o
                0x08209b94                handle_select_response
 .text.sli_si91x_set_accept_callback
                0x08209c04       0x14 ./wiseconnect3_sdk_3.2.0/components/device/silabs/si91x/wireless/socket/src/sl_si91x_socket_utility.o
                0x08209c04                sli_si91x_set_accept_callback
 .text.reset_socket_state
                0x08209c18       0x1c ./wiseconnect3_sdk_3.2.0/components/device/silabs/si91x/wireless/socket/src/sl_si91x_socket_utility.o
                0x08209c18                reset_socket_state
 .text.sl_si91x_vap_shutdown
                0x08209c34       0x38 ./wiseconnect3_sdk_3.2.0/components/device/silabs/si91x/wireless/socket/src/sl_si91x_socket_utility.o
                0x08209c34                sl_si91x_vap_shutdown
 .text.get_si91x_socket
                0x08209c6c        0xc ./wiseconnect3_sdk_3.2.0/components/device/silabs/si91x/wireless/socket/src/sl_si91x_socket_utility.o
                0x08209c6c                get_si91x_socket
 .text.get_free_socket
                0x08209c78       0x68 ./wiseconnect3_sdk_3.2.0/components/device/silabs/si91x/wireless/socket/src/sl_si91x_socket_utility.o
                0x08209c78                get_free_socket
 .text.is_port_available
                0x08209ce0       0x24 ./wiseconnect3_sdk_3.2.0/components/device/silabs/si91x/wireless/socket/src/sl_si91x_socket_utility.o
                0x08209ce0                is_port_available
 .text.add_server_name_indication_extension
                0x08209d04       0x40 ./wiseconnect3_sdk_3.2.0/components/device/silabs/si91x/wireless/socket/src/sl_si91x_socket_utility.o
                0x08209d04                add_server_name_indication_extension
 .text.create_and_send_socket_request
                0x08209d44      0x200 ./wiseconnect3_sdk_3.2.0/components/device/silabs/si91x/wireless/socket/src/sl_si91x_socket_utility.o
                0x08209d44                create_and_send_socket_request
 .text.si91x_socket_event_handler
                0x08209f44      0x15c ./wiseconnect3_sdk_3.2.0/components/device/silabs/si91x/wireless/socket/src/sl_si91x_socket_utility.o
                0x08209f44                si91x_socket_event_handler
 .text.sl_si91x_socket_driver_send_command
                0x0820a0a0       0x58 ./wiseconnect3_sdk_3.2.0/components/device/silabs/si91x/wireless/socket/src/sl_si91x_socket_utility.o
                0x0820a0a0                sl_si91x_socket_driver_send_command
 .text.sli_si91x_shutdown
                0x0820a0f8       0xf4 ./wiseconnect3_sdk_3.2.0/components/device/silabs/si91x/wireless/socket/src/sl_si91x_socket_utility.o
                0x0820a0f8                sli_si91x_shutdown
 .text.get_wifi_current_performance_profile
                0x0820a1ec       0x2c ./wiseconnect3_sdk_3.2.0/components/device/silabs/si91x/wireless/src/sl_rsi_utility.o
                0x0820a1ec                get_wifi_current_performance_profile
 .text.reset_coex_current_performance_profile
                0x0820a218       0x10 ./wiseconnect3_sdk_3.2.0/components/device/silabs/si91x/wireless/src/sl_rsi_utility.o
                0x0820a218                reset_coex_current_performance_profile
 .text.save_tcp_auto_close_choice
                0x0820a228        0xc ./wiseconnect3_sdk_3.2.0/components/device/silabs/si91x/wireless/src/sl_rsi_utility.o
                0x0820a228                save_tcp_auto_close_choice
 .text.is_tcp_auto_close_enabled
                0x0820a234        0xc ./wiseconnect3_sdk_3.2.0/components/device/silabs/si91x/wireless/src/sl_rsi_utility.o
                0x0820a234                is_tcp_auto_close_enabled
 .text.get_max_tx_power
                0x0820a240       0x24 ./wiseconnect3_sdk_3.2.0/components/device/silabs/si91x/wireless/src/sl_rsi_utility.o
                0x0820a240                get_max_tx_power
 .text.set_card_ready_required
                0x0820a264        0xc ./wiseconnect3_sdk_3.2.0/components/device/silabs/si91x/wireless/src/sl_rsi_utility.o
                0x0820a264                set_card_ready_required
 .text.get_card_ready_required
                0x0820a270        0xc ./wiseconnect3_sdk_3.2.0/components/device/silabs/si91x/wireless/src/sl_rsi_utility.o
                0x0820a270                get_card_ready_required
 .text.save_coex_mode
                0x0820a27c        0xc ./wiseconnect3_sdk_3.2.0/components/device/silabs/si91x/wireless/src/sl_rsi_utility.o
                0x0820a27c                save_coex_mode
 .text.convert_si91x_event_to_sl_wifi_event
                0x0820a288      0x198 ./wiseconnect3_sdk_3.2.0/components/device/silabs/si91x/wireless/src/sl_rsi_utility.o
                0x0820a288                convert_si91x_event_to_sl_wifi_event
 .text.get_saved_sl_wifi_rate
                0x0820a420       0x14 ./wiseconnect3_sdk_3.2.0/components/device/silabs/si91x/wireless/src/sl_rsi_utility.o
                0x0820a420                get_saved_sl_wifi_rate
 .text.save_ap_configuration
                0x0820a434       0x28 ./wiseconnect3_sdk_3.2.0/components/device/silabs/si91x/wireless/src/sl_rsi_utility.o
                0x0820a434                save_ap_configuration
 .text.convert_sl_wifi_to_sl_si91x_encryption
                0x0820a45c       0x20 ./wiseconnect3_sdk_3.2.0/components/device/silabs/si91x/wireless/src/sl_rsi_utility.o
                0x0820a45c                convert_sl_wifi_to_sl_si91x_encryption
 .text.sl_si91x_platform_init
                0x0820a47c       0xec ./wiseconnect3_sdk_3.2.0/components/device/silabs/si91x/wireless/src/sl_rsi_utility.o
                0x0820a47c                sl_si91x_platform_init
 .text.sl_si91x_host_set_event
                0x0820a568       0x10 ./wiseconnect3_sdk_3.2.0/components/device/silabs/si91x/wireless/src/sl_rsi_utility.o
                0x0820a568                sl_si91x_host_set_event
 .text.sl_si91x_host_set_bus_event
                0x0820a578       0x10 ./wiseconnect3_sdk_3.2.0/components/device/silabs/si91x/wireless/src/sl_rsi_utility.o
                0x0820a578                sl_si91x_host_set_bus_event
 .text.sl_si91x_host_set_async_event
                0x0820a588       0x10 ./wiseconnect3_sdk_3.2.0/components/device/silabs/si91x/wireless/src/sl_rsi_utility.o
                0x0820a588                sl_si91x_host_set_async_event
 .text.sl_si91x_host_add_to_queue
                0x0820a598       0x50 ./wiseconnect3_sdk_3.2.0/components/device/silabs/si91x/wireless/src/sl_rsi_utility.o
                0x0820a598                sl_si91x_host_add_to_queue
 .text.sl_si91x_host_add_to_queue_with_atomic_action
                0x0820a5e8       0x58 ./wiseconnect3_sdk_3.2.0/components/device/silabs/si91x/wireless/src/sl_rsi_utility.o
                0x0820a5e8                sl_si91x_host_add_to_queue_with_atomic_action
 .text.sl_si91x_host_remove_from_queue
                0x0820a640       0x58 ./wiseconnect3_sdk_3.2.0/components/device/silabs/si91x/wireless/src/sl_rsi_utility.o
                0x0820a640                sl_si91x_host_remove_from_queue
 .text.sl_si91x_host_remove_node_from_queue
                0x0820a698       0x8c ./wiseconnect3_sdk_3.2.0/components/device/silabs/si91x/wireless/src/sl_rsi_utility.o
                0x0820a698                sl_si91x_host_remove_node_from_queue
 .text.sl_si91x_host_flush_nodes_from_queue
                0x0820a724       0xa4 ./wiseconnect3_sdk_3.2.0/components/device/silabs/si91x/wireless/src/sl_rsi_utility.o
                0x0820a724                sl_si91x_host_flush_nodes_from_queue
 .text.sl_si91x_flush_queue_based_on_type
                0x0820a7c8      0x108 ./wiseconnect3_sdk_3.2.0/components/device/silabs/si91x/wireless/src/sl_rsi_utility.o
                0x0820a7c8                sl_si91x_flush_queue_based_on_type
 .text.sl_si91x_host_queue_status
                0x0820a8d0       0x34 ./wiseconnect3_sdk_3.2.0/components/device/silabs/si91x/wireless/src/sl_rsi_utility.o
                0x0820a8d0                sl_si91x_host_queue_status
 .text.si91x_host_wait_for_event
                0x0820a904       0x2c ./wiseconnect3_sdk_3.2.0/components/device/silabs/si91x/wireless/src/sl_rsi_utility.o
                0x0820a904                si91x_host_wait_for_event
 .text.si91x_host_wait_for_bus_event
                0x0820a930       0x20 ./wiseconnect3_sdk_3.2.0/components/device/silabs/si91x/wireless/src/sl_rsi_utility.o
                0x0820a930                si91x_host_wait_for_bus_event
 .text.si91x_host_wait_for_async_event
                0x0820a950       0x2c ./wiseconnect3_sdk_3.2.0/components/device/silabs/si91x/wireless/src/sl_rsi_utility.o
                0x0820a950                si91x_host_wait_for_async_event
 .text.si91x_host_clear_events
                0x0820a97c       0x18 ./wiseconnect3_sdk_3.2.0/components/device/silabs/si91x/wireless/src/sl_rsi_utility.o
                0x0820a97c                si91x_host_clear_events
 .text.sl_si91x_host_power_cycle
                0x0820a994       0x1a ./wiseconnect3_sdk_3.2.0/components/device/silabs/si91x/wireless/src/sl_rsi_utility.o
                0x0820a994                sl_si91x_host_power_cycle
 *fill*         0x0820a9ae        0x2 
 .text.sl_si91x_register_event_handler
                0x0820a9b0        0xc ./wiseconnect3_sdk_3.2.0/components/device/silabs/si91x/wireless/src/sl_si91x_callback_framework.o
                0x0820a9b0                sl_si91x_register_event_handler
 .text.sl_si91x_default_handler
                0x0820a9bc       0x68 ./wiseconnect3_sdk_3.2.0/components/device/silabs/si91x/wireless/src/sl_si91x_callback_framework.o
                0x0820a9bc                sl_si91x_default_handler
 .text.sl_si91x_atomic_packet_id_allocator
                0x0820aa24       0x12 ./wiseconnect3_sdk_3.2.0/components/device/silabs/si91x/wireless/src/sl_si91x_driver.o
 .text.si91x_packet_identification_function
                0x0820aa36       0x20 ./wiseconnect3_sdk_3.2.0/components/device/silabs/si91x/wireless/src/sl_si91x_driver.o
 *fill*         0x0820aa56        0x2 
 .text.sl_si91x_driver_wait_for_response_packet
                0x0820aa58       0xa4 ./wiseconnect3_sdk_3.2.0/components/device/silabs/si91x/wireless/src/sl_si91x_driver.o
                0x0820aa58                sl_si91x_driver_wait_for_response_packet
 .text.sl_si91x_driver_send_data_packet
                0x0820aafc       0x18 ./wiseconnect3_sdk_3.2.0/components/device/silabs/si91x/wireless/src/sl_si91x_driver.o
                0x0820aafc                sl_si91x_driver_send_data_packet
 .text.sl_si91x_driver_send_socket_data
                0x0820ab14       0x8e ./wiseconnect3_sdk_3.2.0/components/device/silabs/si91x/wireless/src/sl_si91x_driver.o
                0x0820ab14                sl_si91x_driver_send_socket_data
 .text.sl_si91x_allocate_command_buffer
                0x0820aba2       0x24 ./wiseconnect3_sdk_3.2.0/components/device/silabs/si91x/wireless/src/sl_si91x_driver.o
                0x0820aba2                sl_si91x_allocate_command_buffer
 *fill*         0x0820abc6        0x2 
 .text.sl_si91x_driver_send_command_packet
                0x0820abc8      0x150 ./wiseconnect3_sdk_3.2.0/components/device/silabs/si91x/wireless/src/sl_si91x_driver.o
                0x0820abc8                sl_si91x_driver_send_command_packet
 .text.sl_si91x_driver_send_command.part.0
                0x0820ad18       0x5e ./wiseconnect3_sdk_3.2.0/components/device/silabs/si91x/wireless/src/sl_si91x_driver.o
 .text.sl_si91x_driver_send_command
                0x0820ad76       0x1e ./wiseconnect3_sdk_3.2.0/components/device/silabs/si91x/wireless/src/sl_si91x_driver.o
                0x0820ad76                sl_si91x_driver_send_command
 .text.sl_si91x_get_flash_efuse_data
                0x0820ad94       0x78 ./wiseconnect3_sdk_3.2.0/components/device/silabs/si91x/wireless/src/sl_si91x_driver.o
                0x0820ad94                sl_si91x_get_flash_efuse_data
 .text.sl_si91x_driver_send_async_command
                0x0820ae0c       0xc4 ./wiseconnect3_sdk_3.2.0/components/device/silabs/si91x/wireless/src/sl_si91x_driver.o
                0x0820ae0c                sl_si91x_driver_send_async_command
 .text.sl_si91x_set_device_region
                0x0820aed0      0x308 ./wiseconnect3_sdk_3.2.0/components/device/silabs/si91x/wireless/src/sl_si91x_driver.o
                0x0820aed0                sl_si91x_set_device_region
 .text.get_opermode
                0x0820b1d8        0xc ./wiseconnect3_sdk_3.2.0/components/device/silabs/si91x/wireless/src/sl_si91x_driver.o
                0x0820b1d8                get_opermode
 .text.sl_si91x_get_join_configuration
                0x0820b1e4       0x2c ./wiseconnect3_sdk_3.2.0/components/device/silabs/si91x/wireless/src/sl_si91x_driver.o
                0x0820b1e4                sl_si91x_get_join_configuration
 .text.sl_si91x_get_listen_interval
                0x0820b210        0xc ./wiseconnect3_sdk_3.2.0/components/device/silabs/si91x/wireless/src/sl_si91x_driver.o
                0x0820b210                sl_si91x_get_listen_interval
 .text.sl_si91x_configure_timeout
                0x0820b21c       0x38 ./wiseconnect3_sdk_3.2.0/components/device/silabs/si91x/wireless/src/sl_si91x_driver.o
                0x0820b21c                sl_si91x_configure_timeout
 .text.sl_si91x_driver_init_wifi_radio
                0x0820b254       0xc4 ./wiseconnect3_sdk_3.2.0/components/device/silabs/si91x/wireless/src/sl_si91x_driver.o
                0x0820b254                sl_si91x_driver_init_wifi_radio
 .text.sl_si91x_driver_init
                0x0820b318      0x240 ./wiseconnect3_sdk_3.2.0/components/device/silabs/si91x/wireless/src/sl_si91x_driver.o
                0x0820b318                sl_si91x_driver_init
 .text.sl_create_generic_rx_packet_from_params
                0x0820b558       0x70 ./wiseconnect3_sdk_3.2.0/components/device/silabs/si91x/wireless/threading/sli_si91x_multithreaded.o
                0x0820b558                sl_create_generic_rx_packet_from_params
 .text.handle_dhcp_and_rejoin_failure
                0x0820b5c8       0xc8 ./wiseconnect3_sdk_3.2.0/components/device/silabs/si91x/wireless/threading/sli_si91x_multithreaded.o
                0x0820b5c8                handle_dhcp_and_rejoin_failure
 .text.si91x_event_handler_thread
                0x0820b690       0xf4 ./wiseconnect3_sdk_3.2.0/components/device/silabs/si91x/wireless/threading/sli_si91x_multithreaded.o
                0x0820b690                si91x_event_handler_thread
 .text.si91x_bus_thread
                0x0820b784      0xcf0 ./wiseconnect3_sdk_3.2.0/components/device/silabs/si91x/wireless/threading/sli_si91x_multithreaded.o
                0x0820b784                si91x_bus_thread
 .text.get_configured_join_request
                0x0820c474      0x114 ./wiseconnect3_sdk_3.2.0/components/protocol/wifi/si91x/sl_wifi.o
 .text.sl_wifi_init
                0x0820c588       0x2e ./wiseconnect3_sdk_3.2.0/components/protocol/wifi/si91x/sl_wifi.o
                0x0820c588                sl_wifi_init
 .text.sl_wifi_set_mac_address
                0x0820c5b6       0x26 ./wiseconnect3_sdk_3.2.0/components/protocol/wifi/si91x/sl_wifi.o
                0x0820c5b6                sl_wifi_set_mac_address
 .text.sl_wifi_start_ap
                0x0820c5dc      0x1c0 ./wiseconnect3_sdk_3.2.0/components/protocol/wifi/si91x/sl_wifi.o
                0x0820c5dc                sl_wifi_start_ap
 .text.sl_wifi_is_interface_up
                0x0820c79c       0x78 ./wiseconnect3_sdk_3.2.0/components/protocol/wifi/si91x/sl_wifi.o
                0x0820c79c                sl_wifi_is_interface_up
 .text.sl_wifi_connect
                0x0820c814      0x328 ./wiseconnect3_sdk_3.2.0/components/protocol/wifi/si91x/sl_wifi.o
                0x0820c814                sl_wifi_connect
 .text.sl_wifi_get_mac_address
                0x0820cb3c       0x90 ./wiseconnect3_sdk_3.2.0/components/protocol/wifi/si91x/sl_wifi.o